write (md)0x220+1 !BAT\necho -n -P:0000 $[0107] Matija's Windows Utility Toolkit																											 \0
initscript (md)0x220+1
default 0
timeout 30

title Boot Windows From Hard Drive\n
find --set-root --ignore-floppies --ignore-cd /bootmgr || find --set-root --ignore-floppies --ignore-cd /ntldr || rootnoverify (hd0) && chainloader +1 && boot
map () (hd0) && map (hd0) () && map --rehook
find --set-root --devices=h /bootmgr || find --set-root --ignore-floppies --ignore-cd /ntldr
chainloader /bootmgr || chainloader /ntldr

title
root

title Mini Windows 7\n
find --set-root /Boot/winpe.wim
chainloader /Boot/bootmgr

title
root

title Microsoft Diagnostic and Repair Toolset (MSDaRT) for Windows Vista (x86)\n
find --set-root /Boot/MSDaRT/MSDaRT60-x86.iso
map /Boot/MSDaRT/MSDaRT60-x86.iso (0xff) || map --mem /Boot/MSDaRT/MSDaRT60-x86.iso (0xff)
map --hook
root (0xff)
chainloader (0xff)

title Microsoft Diagnostic and Repair Toolset (MSDaRT) for Windows 7 (x86)\n
find --set-root /Boot/MSDaRT/MSDaRT70-x86.iso
map /Boot/MSDaRT/MSDaRT70-x86.iso (0xff) || map --mem /Boot/MSDaRT/MSDaRT70-x86.iso (0xff)
map --hook
root (0xff)
chainloader (0xff)

title Microsoft Diagnostic and Repair Toolset (MSDaRT) for Windows 7 (x64)\n
find --set-root /Boot/MSDaRT/MSDaRT70-x64.iso
map /Boot/MSDaRT/MSDaRT70-x64.iso (0xff) || map --mem /Boot/MSDaRT/MSDaRT70-x64.iso (0xff)
map --hook
root (0xff)
chainloader (0xff)

title Microsoft Diagnostic and Repair Toolset (MSDaRT) for Windows 8 (x64)\n
find --set-root /Boot/MSDaRT/MSDaRT80-x64.iso
map /Boot/MSDaRT/MSDaRT80-x64.iso (0xff) || map --mem /Boot/MSDaRT/MSDaRT80-x64.iso (0xff)
map --hook
root (0xff)
chainloader (0xff)

title Microsoft Diagnostic and Repair Toolset (MSDaRT) for Windows 8.1 (x64)\n
find --set-root /Boot/MSDaRT/MSDaRT8.1-x64.iso
map /Boot/MSDaRT/MSDaRT8.1-x64.iso (0xff) || map --mem /Boot/MSDaRT/MSDaRT8.1-x64.iso (0xff)
map --hook
root (0xff)
chainloader (0xff)

title Microsoft Diagnostic and Repair Toolset (MSDaRT) for Windows 10 (x64)\n
find --set-root /Boot/MSDaRT/MSDaRT10-x64.iso
map /Boot/MSDaRT/MSDaRT10-x64.iso (0xff) || map --mem /Boot/MSDaRT/MSDaRT10-x64.iso (0xff)
map --hook
root (0xff)
chainloader (0xff)

title
root

title Acronis True Image 2012\n
find --set-root /Boot/TrueImage2012.iso
map /Boot/TrueImage2012.iso (0xff) || map --mem /Boot/TrueImage2012.iso (0xff)
map --hook
root (0xff)
chainloader (0xff)

title MemTest86\n
find --set-root /Boot/Memtest86-4.3.7.iso
map --mem /Boot/Memtest86-4.3.7.iso (0xff)
map --hook
root (0xff)
chainloader (0xff)

title Plop Boot Manager\n
find --set-root /Boot/plpbt.bin
kernel /Boot/plpbt.bin

title HDD Regenerator 2011\n
find --set-root /Boot/hddreg2011.iso
map --mem /Boot/hddreg2011.iso (0xff)
map --hook
root (0xff)
chainloader (0xff)

title Darik's Boot and Nuke\n
find --set-root /Boot/dban-2.3.0_i586.iso
map /Boot/dban-2.3.0_i586.iso (0xff) || map --mem /Boot/dban-2.3.0_i586.iso (0xff)
map --hook
root (0xff)
chainloader (0xff)

title More...\n
root

title iPXE\n
find --set-root /Boot/IPXE.KRN
kernel /Boot/IPXE.KRN

title
root

title Shutdown\n
halt

title Restart\n
reboot