write (md)0x220+1 !BAT\necho -n -P:0000 $[0107] Matija's Windows Utility Toolkit																															 \0
initscript (md)0x220+1

title Boot From Hard Drive\n
find --set-root --ignore-floppies --ignore-cd /bootmgr || find --set-root --ignore-floppies --ignore-cd /ntldr || rootnoverify (hd0) && chainloader +1 && boot
map () (hd0) && map (hd0) () && map --rehook
find --set-root --devices=h /bootmgr || find --set-root --ignore-floppies --ignore-cd /ntldr
chainloader /bootmgr || chainloader /ntldr

title Back to Main Menu
chainloader /bootmgr (bd)

title
root

title Acronis True Image 2012\n
find --set-root /Boot/ATIH2012_en-US.iso
map /Boot/ATIH2012_en-US.iso (0xff) || map --mem /Boot/ATIH2012_en-US.iso (0xff)
map --hook
root (0xff)
chainloader (0xff)

title MemTest86+\n
find --set-root /Boot/memtest86+-5.31b.bin
kernel /Boot/memtest86+-5.31b.bin

title Plop Boot Manager\n
find --set-root /Boot/plpbt.bin
kernel /Boot/plpbt.bin

title HDD Regenerator 2011\n
find --set-root /Boot/hddreg2011.iso
map --mem /Boot/hddreg2011.iso (0xff)
map --hook
root (0xff)
chainloader (0xff)

title Darik's Boot and Nuke\n
find --set-root /Boot/dban-2.3.0_i586.iso
map /Boot/dban-2.3.0_i586.iso (0xff) || map --mem /Boot/dban-2.3.0_i586.iso (0xff)
map --hook
root (0xff)
chainloader (0xff)

title netboot.xyz
find --set-root /Boot/netboot.xyz.lkrn
kernel /Boot/netboot.xyz.lkrn

title iPXE\n
find --set-root /Boot/IPXE.KRN
kernel /Boot/IPXE.KRN

title
root

title Shutdown\n
halt

title Restart\n
reboot