 archba

 Timestamp is 56d8e65c (Fri Mar 04 07:05:24 2016)

 Preferred load address is 00400000

 Start         Length     Name                   Class
 0001:00000000 00019091H .text                   CODE
 0001:00019094 00000010H .text$01                CODE
 0001:000190a4 00007520H .text$s                 CODE
 0002:00000000 00000098H .idata$5                DATA
 0002:000000a0 000001e8H .rdata                  DATA
 0002:00000288 00000048H .rdata$debug            DATA
 0002:000002d0 00000004H .rdata$sxdata           DATA
 0003:00000000 0000057cH .data                   DATA
 0003:00000580 000001c4H .bss                    DATA
 0004:00000000 000000fdH INIT                    CODE
 0004:00000100 00000028H .idata$2                CODE
 0004:00000128 00000014H .idata$3                CODE
 0004:0000013c 00000098H .idata$4                CODE
 0004:000001d4 00000350H .idata$6                CODE
 0005:00000000 000000c8H .rsrc$01                DATA
 0005:000000d0 00001110H .rsrc$02                DATA

  Address         Publics by Value              Rva+Base       Lib:Object

 0000:00000001       ___safe_se_handler_count   00000001     <absolute>
 0001:00000010       _GetOutstandingIoCnt@4     00401010 f   rxdevice.obj
 0001:00000040       _NonMSIXInterruptHandler@8 00401040 f   rxdevice.obj
 0001:00000340       _PMCDpcResponseHandler@16  00401340 f   rxdevice.obj
 0001:000006f0       _PMCInterruptHandler@4     004016f0 f   rxdevice.obj
 0001:00000ae0       _PMCPushMessageUnitQueueFib@8 00401ae0 f   rxdevice.obj
 0001:00000dd0       _RxAccessDeviceRegister@8  00401dd0 f   rxdevice.obj
 0001:00000fe0       _RxCheckAdapterHealth@8    00401fe0 f   rxdevice.obj
 0001:00001080       _RxCheckSyncCommandComplete@8 00402080 f   rxdevice.obj
 0001:00001230       _RxDpcInterruptHandler@16  00402230 f   rxdevice.obj
 0001:00001240       _RxGetIBW@4                00402240 f   rxdevice.obj
 0001:00001270       _RxGetOMRx0@4              00402270 f   rxdevice.obj
 0001:000012c0       _RxInterruptHandler@4      004022c0 f   rxdevice.obj
 0001:00001500       _RxMapMailBoxFirmwareBase@4 00402500 f   rxdevice.obj
 0001:000015e0       _RxNewCommProcessInterrupt@8 004025e0 f   rxdevice.obj
 0001:00001990       _RxNotifyAdapter@12        00402990 f   rxdevice.obj
 0001:00001a40       _RxPullMessageUnitQueueCompletedFib@12 00402a40 f   rxdevice.obj
 0001:00001bf0       _RxPushMessageUnitQueueFib@8 00402bf0 f   rxdevice.obj
 0001:00001d20       _RxSendSynchCommand@48     00402d20 f   rxdevice.obj
 0001:000028f0       _RxStartAdapter@8          004038f0 f   rxdevice.obj
 0001:00002da0       _RxWaitForAdapterToBoot@4  00403da0 f   rxdevice.obj
 0001:00002ea0       _RxWriteIBW@8              00403ea0 f   rxdevice.obj
 0001:00002ef0       _RxWriteIDR@12             00403ef0 f   rxdevice.obj
 0001:00002f50       _RxWriteODR@12             00403f50 f   rxdevice.obj
 0001:00002fd0       _SetWaitCount4SendSyncCmd@8 00403fd0 f   rxdevice.obj
 0001:000030e0       _SetWaitCount4StartAdapter@4 004040e0 f   rxdevice.obj
 0001:00003150       _SimulateHbaFwTgtFailure@8 00404150 f   rxdevice.obj
 0001:00003210       _SimulateHbaScsiErros@8    00404210 f   rxdevice.obj
 0001:000032a0       _RevCheckCompatibility@12  004042a0 f   revision.obj
 0001:00003330       _RevGetBuildNumber@0       00404330 f   revision.obj
 0001:00003340       _RevGetExternalRev@0       00404340 f   revision.obj
 0001:00003350       _CompareStrings@12         00404350 f   helpers.obj
 0001:000033b0       _GetDriverParameter@20     004043b0 f   helpers.obj
 0001:000034b0       _LongToAscii@16            004044b0 f   helpers.obj
 0001:00003560       _MatchRegistryString@8     00404560 f   helpers.obj
 0001:00003610       _ZeroStructure@8           00404610 f   helpers.obj
 0001:00003630       _ArcPrintf                 00404630 f   arcdebug.obj
 0001:00003880       _LocalDelay1us@0           00404880 f   cmddelivery.obj
 0001:00003880       _Delay1us@0                00404880 f   arcdebug.obj
 0001:000038e0       _ProcessCompleteSrbToHost@12 004048e0 f   arcdebug.obj
 0001:00003910       _PutItIntoInternalPrintBuffer@12 00404910 f   arcdebug.obj
 0001:000039d0       _RealSprintf@12            004049d0 f   arcdebug.obj
 0001:00003e20       _ChangeIoLimitAndPrintOutstanding@4 00404e20 f   timer.obj
 0001:00003f10       _CheckFWPulseInCrashDumpMode@4 00404f10 f   timer.obj
 0001:00004010       _CheckingFWAfterPowerStateChange@4 00405010 f   timer.obj
 0001:00004470       _ConfigureContainersTimer@4 00405470 f   timer.obj
 0001:000045d0       _DelayNotification@4       004055d0 f   timer.obj
 0001:00004640       _DequeueSortingQTimer@4    00405640 f   timer.obj
 0001:00004710       _MainTimeThread@4          00405710 f   timer.obj
 0001:000049c0       _RequestTimer@16           004059c0 f   timer.obj
 0001:00004a60       _Reset_IOP_CompletionTimer@4 00405a60 f   timer.obj
 0001:00004f60       _RestartAdapterPendingTimer@4 00405f60 f   timer.obj
 0001:00005050       _ReturningKidnappedFibsToOS@4 00406050 f   timer.obj
 0001:000050f0       _StopTimer@16              004060f0 f   timer.obj
 0001:00005180       _SynchCommandCompletionTimer@4 00406180 f   timer.obj
 0001:00005230       _SynchFibCompletionTimer@4 00406230 f   timer.obj
 0001:00005320       _UpdateThorHBAMappingTable@4 00406320 f   timer.obj
 0001:00005550       _VMCloseAllCompletionTimer@4 00406550 f   timer.obj
 0001:00005760       _AllocateConsumerProducerCommArea@20 00406760 f   arcinit.obj
 0001:00005a10       _AllocateMessageUnitQueueCommArea@8 00406a10 f   arcinit.obj
 0001:00005ed0       _ArcLogEventString@24      00406ed0 f   arcinit.obj
 0001:00005f60       _AtomicINTXReleaseSlot@8   00406f60 f   arcinit.obj
 0001:00005fa0       _CheckForVersionMisMatch@4 00406fa0 f   arcinit.obj
 0001:000060d0       _CheckMSIxPossibility@4    004070d0 f   arcinit.obj
 0001:000062a0       _ConfigureContainersRuntime@12 004072a0 f   arcinit.obj
 0001:00006980       _DecToHex@4                00407980 f   arcinit.obj
 0001:000069f0       _DriverEntry@8             004079f0 f   arcinit.obj
 0001:00006ac0       _DynamicallyThrottleLunQueueDepth@8 00407ac0 f   arcinit.obj
 0001:00006d00       _FindAdapter@24            00407d00 f   arcinit.obj
 0001:000089b0       _GetElapsedSeconds@4       004099b0 f   arcinit.obj
 0001:00008a40       _GetFreeSlot@8             00409a40 f   arcinit.obj
 0001:00008a80       _GetThorHbaPhyDevInfo@4    00409a80 f   arcinit.obj
 0001:00008f30       _HWSoftReset@4             00409f30 f   arcinit.obj
 0001:00009110       _HandleAdapterCommitConfig@4 0040a110 f   arcinit.obj
 0001:000091e0       _HandleAdapterConfigIssues@4 0040a1e0 f   arcinit.obj
 0001:000093b0       _HandleAdapterGetConfig@4  0040a3b0 f   arcinit.obj
 0001:000094c0       _HwInitializeAdapter@4     0040a4c0 f   arcinit.obj
 0001:00009860       _ID_AllocateMem4CertainOBQ@12 0040a860 f   arcinit.obj
 0001:00009990       _ID_SetupMessageCap@8      0040a990 f   arcinit.obj
 0001:00009a80       _INTXGetFreeSlot@4         0040aa80 f   arcinit.obj
 0001:00009ab0       _INTXReleaseSlot@8         0040aab0 f   arcinit.obj
 0001:00009af0       _IOPReset@8                0040aaf0 f   arcinit.obj
 0001:00009f50       _InitializeConsumerProducerCommRegion@8 0040af50 f   arcinit.obj
 0001:0000a190       _InitializeConsumerProducerNewAdapter@12 0040b190 f   arcinit.obj
 0001:0000a250       _InitializeDPCs@4          0040b250 f   arcinit.obj
 0001:0000a6e0       _InitializeMessageUnitQueueNewAdapter@12 0040b6e0 f   arcinit.obj
 0001:0000a780       _IsAdapterReadyForConfigCommand@4 0040b780 f   arcinit.obj
 0001:0000a8c0       _LogSystemEvent@28         0040b8c0 f   arcinit.obj
 0001:0000a920       _MapDeviceBase@8           0040b920 f   arcinit.obj
 0001:0000ada0       _MatchPciIds@8             0040bda0 f   arcinit.obj
 0001:0000af90       _ReleaseSlot@12            0040bf90 f   arcinit.obj
 0001:0000afd0       _ResetAdapter@8            0040bfd0 f   arcinit.obj
 0001:0000b530       _ReturningLocalOutstandingRequestsToOS@4 0040c530 f   arcinit.obj
 0001:0000b630       _ReturningOutstandingSentToFWBeforeIOPResetToOS@4 0040c630 f   arcinit.obj
 0001:0000b740       _SA4ACI2Interface@4        0040c740 f   arcinit.obj
 0001:0000b820       _SA4CheckMSIx@4            0040c820 f   arcinit.obj
 0001:0000b870       _SA4OldCommInterface@4     0040c870 f   arcinit.obj
 0001:0000b8b0       _SA4StatusBatching@4       0040c8b0 f   arcinit.obj
 0001:0000b9d0       _SMCrashDumpModeInitAdapter@8 0040c9d0 f   arcinit.obj
 0001:0000bbe0       _SMNormalModeInitAdapter@8 0040cbe0 f   arcinit.obj
 0001:0000bf50       _SendEvent2OS@20           0040cf50 f   arcinit.obj
 0001:0000c730       _SendInitStructure@4       0040d730 f   arcinit.obj
 0001:0000ca50       _SetFwTime@4               0040da50 f   arcinit.obj
 0001:0000cd90       _CompleteQueuedRequest@12  0040dd90 f   cmddelivery.obj
 0001:0000ce70       _DequeueRawIoReadWriteRequest@12 0040de70 f   cmddelivery.obj
 0001:0000d010       _HandleInterrupt@4         0040e010 f   cmddelivery.obj
 0001:0000d030       _HandleMSIXInterrupt@8     0040e030 f   cmddelivery.obj
 0001:0000d110       _PollSmartHBAFIBCompletion@8 0040e110 f   cmddelivery.obj
 0001:0000d3b0       _PostProcessScsiCommand@16 0040e3b0 f   cmddelivery.obj
 0001:0000d690       _ProcessContainerInquiry@16 0040e690 f   cmddelivery.obj
 0001:0000dc80       _ProcessScsiCommand@12     0040ec80 f   cmddelivery.obj
 0001:0000e820       _QueuePrintf@12            0040f820 f   cmddelivery.obj
 0001:0000e8e0       _QueueRawIoReadWriteRequest@8 0040f8e0 f   cmddelivery.obj
 0001:0000f3a0       _SendFastIoFib@16          004103a0 f   cmddelivery.obj
 0001:0000f3d0       _SendFib@12                004103d0 f   cmddelivery.obj
 0001:0000f7b0       _SendRawIoFib@12           004107b0 f   cmddelivery.obj
 0001:0000fa90       _SendSynchFib@28           00410a90 f   cmddelivery.obj
 0001:0000fc50       _StartIo@8                 00410c50 f   cmddelivery.obj
 0001:000105a0       _AdapterControl@12         004115a0 f   cmdproc.obj
 0001:00010cd0       _BuildHBAFib@12            00411cd0 f   cmdproc.obj
 0001:000111a0       _BuildHBAIoctlFib@20       004121a0 f   cmdproc.obj
 0001:00011410       _BuildIo@8                 00412410 f   cmdproc.obj
 0001:00011e30       _BuildRawIo2ScatterGather4HBAIoctl@16 00412e30 f   cmdproc.obj
 0001:00011fc0       _BuildRawIo2ScatterGather@12 00412fc0 f   cmdproc.obj
 0001:00012170       _BuildRawIoFib@12          00413170 f   cmdproc.obj
 0001:000124b0       _BuildRawIoScatterGather@12 004134b0 f   cmdproc.obj
 0001:00012670       _BuildReadWriteFib@12      00413670 f   cmdproc.obj
 0001:000129c0       _BuildScatterGather64@16   004139c0 f   cmdproc.obj
 0001:00012a70       _BuildScatterGather@16     00413a70 f   cmdproc.obj
 0001:00012b00       _BuildSrbFib@12            00413b00 f   cmdproc.obj
 0001:00012d70       _ConvertRawIo2ScatterGather@24 00413d70 f   cmdproc.obj
 0001:00012ea0       _InitializeFib@8           00413ea0 f   cmdproc.obj
 0001:00012ed0       _PrepareBMIC15@8           00413ed0 f   cmdproc.obj
 0001:00013110       _ReportFakeLuns@8          00414110 f   cmdproc.obj
 0001:00013160       _BuildRawScatterGather64@20 00414160 f   ioctl.obj
 0001:00013200       _BuildRawScatterGather@20  00414200 f   ioctl.obj
 0001:00013290       _CSMIGetControllerConfig@8 00414290 f   ioctl.obj
 0001:000133c0       _CSMIGetControllerStatus@8 004143c0 f   ioctl.obj
 0001:00013440       _CSMIGetDeviceAddress@8    00414440 f   ioctl.obj
 0001:00013590       _CSMIGetDriverInfo@8       00414590 f   ioctl.obj
 0001:00013610       _CSMIGetPhyInfo@8          00414610 f   ioctl.obj
 0001:00013770       _CSMIGetRAIDConfig@8       00414770 f   ioctl.obj
 0001:00013990       _CSMIGetRAIDInfo@8         00414990 f   ioctl.obj
 0001:00013ae0       _CSMIGetSATASignature@8    00414ae0 f   ioctl.obj
 0001:00013c40       _CSMIGetSCSIAddress@8      00414c40 f   ioctl.obj
 0001:00013d90       _CSMISTPPassThru@8         00414d90 f   ioctl.obj
 0001:00013fc0       _HandleCSMI@8              00414fc0 f   ioctl.obj
 0001:000140b0       _ProcessIoctl@12           004150b0 f   ioctl.obj
 0001:00016580       _AdapterIsAlive@4          00417580 f   comm.obj
 0001:000165c0       _CompleteAllSortingQueue@8 004175c0 f   comm.obj
 0001:00016640       _CompleteBufferedRequest@12 00417640 f   comm.obj
 0001:000166f0       _CompleteSortingQueueRequest@12 004176f0 f   comm.obj
 0001:00016780       _DeQueueSortingQueue@8     00417780 f   comm.obj
 0001:00016920       _DpcDequeueRawIoReadWriteRequest@16 00417920 f   comm.obj
 0001:00016990       _FreeConsumerProducerAif@8 00417990 f   comm.obj
 0001:00016a70       _GetConsumerProducerCompletedFib@12 00417a70 f   comm.obj
 0001:00016b10       _GetMessageUnitQueueCompletedFib@12 00417b10 f   comm.obj
 0001:00016b30       _GetQueueEntry@16          00417b30 f   comm.obj
 0001:00016c80       _ProcessAif@8              00417c80 f   comm.obj
 0001:00016fa0       _ProcessHbaErrors@12       00417fa0 f   comm.obj
 0001:000173f0       _ProcessNormalFib@20       004183f0 f   comm.obj
 0001:00017df0       _QueueSortingQ@8           00418df0 f   comm.obj
 0001:00018060       _RestoreBMIC15Srb@8        00419060 f   comm.obj
 0001:00018130       _SendConsumerProducerFib@4 00419130 f   comm.obj
 0001:000181a0       _SendMessageUnitQueueFib@4 004191a0 f   comm.obj
 0001:00018230       _ServiceHostCommandNormalQueue@4 00419230 f   comm.obj
 0001:000182d0       _ServiceHostResponseNormalQueue@4 004192d0 f   comm.obj
 0001:00018670       _ServiceInternalAifQueue@4 00419670 f   comm.obj
 0001:00018710       _SubDeQueueSortingQueue@8  00419710 f   comm.obj
 0001:000187e0       _HwScsiWmiExecuteMethod@32 004197e0 f   wmi.obj
 0001:00018880       _HwScsiWmiFunctionControl@20 00419880 f   wmi.obj
 0001:000188a0       _HwScsiWmiQueryDataBlock@32 004198a0 f   wmi.obj
 0001:000188c0       _HwScsiWmiQueryReginfo@12  004198c0 f   wmi.obj
 0001:000188e0       _HwScsiWmiSetDataBlock@24  004198e0 f   wmi.obj
 0001:000188f0       _HwScsiWmiSetDataItem@28   004198f0 f   wmi.obj
 0001:00018900       _InitializeWmiInterface@4  00419900 f   wmi.obj
 0001:00018a00       _ProcessWmi@8              00419a00 f   wmi.obj
 0001:00018a60       @__security_check_cookie@4 00419a60 f   BufferOverflowK:secchk.obj
 0001:00018a76       ___report_gsfailure        00419a76 f   BufferOverflowK:gs_report.obj
 0001:00018aa2       ___report_securityfailure  00419aa2 f   BufferOverflowK:gs_report.obj
 0001:00018aca       ___report_rangecheckfailure 00419aca f   BufferOverflowK:gs_report.obj
 0001:00018ad8       _memset                    00419ad8 f   ntoskrnl:ntoskrnl.exe
 0001:00018ae4       __aulldvrm                 00419ae4 f   ntoskrnl:ntoskrnl.exe
 0001:00018af0       _ExSystemTimeToLocalTime@8 00419af0 f   ntoskrnl:ntoskrnl.exe
 0001:00018afc       _RtlTimeToTimeFields@8     00419afc f   ntoskrnl:ntoskrnl.exe
 0001:00018b08       __alldiv                   00419b08 f   ntoskrnl:ntoskrnl.exe
 0001:00018b14       __allmul                   00419b14 f   ntoskrnl:ntoskrnl.exe
 0001:00018b20       __aulldiv                  00419b20 f   ntoskrnl:ntoskrnl.exe
 0001:00018b2c       __aullshr                  00419b2c f   ntoskrnl:ntoskrnl.exe
 0001:00018b38       _ULongAdd@12               00419b38 f i scsiwmi:wmilib.obj
 0001:00018b66       _ScsiWmipFindGuid@20       00419b66 f   scsiwmi:wmilib.obj
 0001:00018bb6       _ScsiWmipPostProcess@24    00419bb6 f   scsiwmi:wmilib.obj
 0001:00018cc6       _ScsiPortWmiPostProcess@12 00419cc6 f   scsiwmi:wmilib.obj
 0001:00018cf8       _ScsiWmipProcessRequest@36 00419cf8 f   scsiwmi:wmilib.obj
 0001:0001901a       _ScsiPortWmiDispatchFunction@28 0041a01a f   scsiwmi:wmilib.obj
 0001:0001909c       _ForceSEHExceptionHandler@16 0041a09c f   BufferOverflowK:forceseh.obj
 0001:000190a4       ??_C@_0CJ@KAGJNHLI@OMR?5value?5in?5Check?5Adapter?5Healt@FNODOBFM@ 0041a0a4     rxdevice.obj
 0001:000190ce       ??_C@_0DE@IHDJGLJF@This?5should?5not?5happen?4?5We?5only?5@FNODOBFM@ 0041a0ce     rxdevice.obj
 0001:00019102       ??_C@_0CP@PEAJGKJE@?$CK?5NonMSIXInterruptHandle?3?5pFibCo@FNODOBFM@ 0041a102     rxdevice.obj
 0001:00019132       ??_C@_0EM@CCDNION@?$CK?5Start?5a?5timer?5to?5update?5contai@FNODOBFM@ 0041a132     rxdevice.obj
 0001:0001917e       ??_C@_0DL@DMOOFJIN@?$CK?53?124?3?5pFibContext?$DNNULL?5?$CB?$CBline?5@FNODOBFM@ 0041a17e     rxdevice.obj
 0001:000191ba       ??_C@_0ED@DAJFCMJP@?$CK?5Start?5a?5timer?5to?5update?5Contai@FNODOBFM@ 0041a1ba     rxdevice.obj
 0001:000191fe       ??_C@_0BF@JNCAAJNE@pFibContext?$DNNULL?5?$CB?$CB?6?$AA@FNODOBFM@ 0041a1fe     rxdevice.obj
 0001:00019214       ??_C@_0EI@DKKBIMEF@?$CK?5Start?5a?5timer?5to?5update?5contai@FNODOBFM@ 0041a214     rxdevice.obj
 0001:0001925c       ??_C@_0FE@JLKFMCPA@?$CK?5PMCPushMessageUnitQueueFib?3?5Cm@FNODOBFM@ 0041a25c     rxdevice.obj
 0001:000192b0       ??_C@_0FE@JICOMBJP@?$CK?5PMCPushMessageUnitQueueFib?3?5Cm@FNODOBFM@ 0041a2b0     rxdevice.obj
 0001:00019304       ??_C@_0HN@JEPKAECC@?$CK?5RxSendSynchCommand?3?5Thor?5AIF?5e@FNODOBFM@ 0041a304     rxdevice.obj
 0001:00019382       ??_C@_0EC@LAPIEKPJ@?$CK?5RxSendSynchCommand?3?5mailbox?$FL0?$FN@FNODOBFM@ 0041a382     rxdevice.obj
 0001:000193c4       ??_C@_0DJ@GJNDHOED@?$CK?5RxSendSynchCommand?3?5mailbox?$FL0?$FN@FNODOBFM@ 0041a3c4     rxdevice.obj
 0001:000193fe       ??_C@_0HK@NJDHDGMI@?$CK?5RxSendSynchCommand?3?5There?5is?5a@FNODOBFM@ 0041a3fe     rxdevice.obj
 0001:00019478       ??_C@_0HB@PLCHFMAA@?$CK?5RxSendSynchCommand?3?5synch?5cmd?3@FNODOBFM@ 0041a478     rxdevice.obj
 0001:000194ea       ??_C@_0FD@ECFFGBJE@?5RxSendSynchCommand?3?5FW?5doing?5IO@FNODOBFM@ 0041a4ea     rxdevice.obj
 0001:0001953e       ??_C@_0FE@DOFCONDK@?$CK?5RxSendSynchCommand?3?5wait?5for?5F@FNODOBFM@ 0041a53e     rxdevice.obj
 0001:00019592       ??_C@_0GF@LFEFAJKJ@?5RxSendSynchCommand?5?$CIcrash?5dump?5@FNODOBFM@ 0041a592     rxdevice.obj
 0001:000195f8       ??_C@_0GF@CDCMENMG@?$CK?5RxSendSynchCommand?5?$CIcrash?5dump@FNODOBFM@ 0041a5f8     rxdevice.obj
 0001:0001965e       ??_C@_0EL@HOIBIGPI@?$CK?5RxSendSynchCommand?3?5Got?5respon@FNODOBFM@ 0041a65e     rxdevice.obj
 0001:000196aa       ??_C@_0EJ@DGPABBLG@?$CK?5RxSendSynchCommand?3?5Should?5NOT@FNODOBFM@ 0041a6aa     rxdevice.obj
 0001:000196f4       ??_C@_0FA@HKIBFKMH@?$CK?5RxSendSynchCommand?3?5Still?5NO?5r@FNODOBFM@ 0041a6f4     rxdevice.obj
 0001:00019744       ??_C@_0KI@HMCHOJIN@?5RxSendSynchCommand?$FLMSIX?5mode?$FN?5f@FNODOBFM@ 0041a744     rxdevice.obj
 0001:000197ec       ??_C@_0JP@JKCHEOCJ@?5RxSendSynchCommand?$FLMSIX?5mode?$FN?3?5@FNODOBFM@ 0041a7ec     rxdevice.obj
 0001:0001988c       ??_C@_0CN@BCCBJMEA@?5RxSendSynchCommand?5Failed?5?$CFd?0wa@FNODOBFM@ 0041a88c     rxdevice.obj
 0001:000198ba       ??_C@_0DB@JEAHJGPL@?$CK?5pDeviceExtension?9?$DOMaxMSIXVecto@FNODOBFM@ 0041a8ba     rxdevice.obj
 0001:000198ec       ??_C@_0CB@JPABDNKH@?$CK?5Begins?5StatusBatching?0?5Yeaaa?$CB?6@FNODOBFM@ 0041a8ec     rxdevice.obj
 0001:0001990e       ??_C@_0CF@BPKEMKA@?$CK?5ACI2?5Command?5Delivery?5is?5enabl@FNODOBFM@ 0041a90e     rxdevice.obj
 0001:00019934       ??_C@_1DK@JBHFOPMP@?$AAA?$AAd?$AAa?$AAp?$AAt?$AAe?$AAr?$AA?5?$AAC?$AAo?$AAn?$AAf?$AAi?$AAg?$AAu?$AAr?$AAa?$AAt?$AAi?$AAo?$AAn?$AA?5?$AAf?$AAa?$AAi?$AAl?$AAe?$AAd?$AA?$AA@FNODOBFM@ 0041a934     rxdevice.obj
 0001:0001996e       ??_C@_02DKCKIIND@?$CFs?$AA@FNODOBFM@ 0041a96e     arcdebug.obj
 0001:00019972       ??_C@_06NBLAGFFP@Archba?$AA@FNODOBFM@ 0041a972     arcdebug.obj
 0001:0001997a       ??_C@_0BC@JKBDDNDF@DelayNotification?$AA@FNODOBFM@ 0041a97a     timer.obj
 0001:0001998c       ??_C@_0CK@BKKGBKDP@?$CK?5Scan?5Notification?5sent?5in?5?$CFs?5?$CI@FNODOBFM@ 0041a98c     timer.obj
 0001:000199b6       ??_C@_0GB@FAGGLJPH@?$CK?5First?58?5HBA?5devices?3?5?$CI0x?$CFx?0?$CFd?$CJ@FNODOBFM@ 0041a9b6     timer.obj
 0001:00019a18       ??_C@_0FN@EKAEFPGA@?$CK?5HBA?5mapping?5table?5updated?0?5tim@FNODOBFM@ 0041aa18     timer.obj
 0001:00019a76       ??_C@_0GF@PMGNJLIM@?$CK?5Start?5a?5timer?5to?5update?5Contai@FNODOBFM@ 0041aa76     timer.obj
 0001:00019adc       ??_C@_0CK@JLKEFPAM@entering?5CheckingFWAfterPowerSta@FNODOBFM@ 0041aadc     timer.obj
 0001:00019b06       ??_C@_0GN@GHJFFNOA@?$CK?5set?5timer?5AGAIN?5in?5CheckingFWA@FNODOBFM@ 0041ab06     timer.obj
 0001:00019b74       ??_C@_0FK@MIIMDOAD@?$CK?5set?5timer?5AGAIN?5in?5CheckingFWA@FNODOBFM@ 0041ab74     timer.obj
 0001:00019bce       ??_C@_0GB@EDFGCDFC@?$CK?5set?5timer?5AGAIN?5in?5CheckingFWA@FNODOBFM@ 0041abce     timer.obj
 0001:00019c30       ??_C@_0N@JEADMAEG@7?45?40?450666?$AA?$AA@FNODOBFM@ 0041ac30     timer.obj
 0001:00019c3e       ??_C@_0DO@GCDGNMH@?$CK?5FW?5is?5back?5from?5S3?1S4?4?5StorPor@FNODOBFM@ 0041ac3e     timer.obj
 0001:00019c7c       ??_C@_0DM@JABFAEPO@?$CK?5?9?5Reset?5AIFSrb?5to?5NULL?5when?5ba@FNODOBFM@ 0041ac7c     timer.obj
 0001:00019cb8       ??_C@_0DN@ELHOMNDM@?$CK?5leaving?5CheckingFWAfterPowerSt@FNODOBFM@ 0041acb8     timer.obj
 0001:00019cf6       ??_C@_0DO@OBELKDEH@?$CK?5set?5timer?5AGAIN?5to?5check?5the?5F@FNODOBFM@ 0041acf6     timer.obj
 0001:00019d34       ??_C@_0CI@JPJEKICG@DPC?9Timeout?5may?5happen?5in?5ResetA@FNODOBFM@ 0041ad34     timer.obj
 0001:00019d5c       ??_C@_0DH@JNGKJDAE@One?5kidnapped?5FIB?5released?$CB?5FIB_@FNODOBFM@ 0041ad5c     timer.obj
 0001:00019d94       ??_C@_0EJ@PCDGPKJP@?$CK?5Driver?5was?5not?5able?5to?5send?5?$CFd@FNODOBFM@ 0041ad94     timer.obj
 0001:00019dde       ??_C@_0DM@PNDEAHOI@?$CK?5Send?5BusChangeDetected?5to?5OS?5i@FNODOBFM@ 0041adde     timer.obj
 0001:00019e1a       ??_C@_0EH@FCLGCKBJ@?$CK?5Start?5a?5timer?5to?5update?5HBA?5de@FNODOBFM@ 0041ae1a     timer.obj
 0001:00019e62       ??_C@_0GE@IFJDDHGE@?$CK?5Start?5a?5timer?5to?5update?5Contai@FNODOBFM@ 0041ae62     timer.obj
 0001:00019ec6       ??_C@_0DL@DODBJONE@?$CK?5SynchCommandCompletionTimer?3?5S@FNODOBFM@ 0041aec6     timer.obj
 0001:00019f02       ??_C@_0EO@CBNEAKKI@?$CK?5VMCloseAllCompletionTimer?3?5sen@FNODOBFM@ 0041af02     timer.obj
 0001:00019f50       ??_C@_0FI@MJCPBEAD@?$CK?5VMCloseAllCompletionTimer?3?5wai@FNODOBFM@ 0041af50     timer.obj
 0001:00019fa8       ??_C@_0DO@ELMMCKMD@?$CK?5VMCloseAllCompletionTimer?3?5SRB@FNODOBFM@ 0041afa8     timer.obj
 0001:00019fe6       ??_C@_0EH@BGEEAOIJ@?$CK?5VMCloseAllCompletionTimer?3?5Sho@FNODOBFM@ 0041afe6     timer.obj
 0001:0001a02e       ??_C@_0EF@HLMPMNBN@?$CK?5VMCloseAllCompletionTimer?3?5Syn@FNODOBFM@ 0041b02e     timer.obj
 0001:0001a074       ??_C@_0DH@IBACIAED@?$CK?5SynchFibCompletionTimer?3?5SyncF@FNODOBFM@ 0041b074     timer.obj
 0001:0001a0ac       ??_C@_0DP@OKLOLMOG@?5IBW_SWR?5register?5value?50?0?5reset@FNODOBFM@ 0041b0ac     timer.obj
 0001:0001a0ec       ??_C@_0FK@ODMKKBJL@?$CK?5Start?5a?5timer?5to?5update?5Contai@FNODOBFM@ 0041b0ec     timer.obj
 0001:0001a146       ??_C@_0FH@GFIHLMMH@?$CK?5Start?5a?5timer?5to?5update?5Contai@FNODOBFM@ 0041b146     timer.obj
 0001:0001a19e       ??_C@_0DH@KAAGAFOD@?$CK?5leaving?5Reset_IOP_CompletionTi@FNODOBFM@ 0041b19e     timer.obj
 0001:0001a1d6       ??_C@_0CD@MKPFBJDC@leaving?5Reset_IOP_CompletionTime@FNODOBFM@ 0041b1d6     timer.obj
 0001:0001a1fa       ??_C@_0DL@DOEFCINE@?$CK?5HW?5SOFT?5RESET?5done?4?5StorPort?5m@FNODOBFM@ 0041b1fa     timer.obj
 0001:0001a236       ??_C@_0DH@DFJOPAAJ@?$CK?5RESET?5IOP?5done?4?5StorPort?5minip@FNODOBFM@ 0041b236     timer.obj
 0001:0001a26e       ??_C@_0CK@OJIMCPJO@Kernel?5Panic?5BlinkLed?5Code?5?$CFx?5?0?5@FNODOBFM@ 0041b26e     timer.obj
 0001:0001a298       ??_C@_0CL@KFLNLOFE@IOP_HWSOFT_RESET?3?5FW?5status?5?$CFx?5?0@FNODOBFM@ 0041b298     timer.obj
 0001:0001a2c4       ??_C@_0EF@BBNOBECH@?$CK?5set?5timer?5AGAIN?5to?5check?5the?5F@FNODOBFM@ 0041b2c4     timer.obj
 0001:0001a30a       ??_C@_0EC@MICIKMJM@?$CK?5set?5timer?5AGAIN?5to?5check?5the?5F@FNODOBFM@ 0041b30a     timer.obj
 0001:0001a34c       ??_C@_0BJ@HIBCALL@ProcessAgeOfSortingQueue?$AA@FNODOBFM@ 0041b34c     timer.obj
 0001:0001a366       ??_C@_0DA@GEMOEFPE@Dequeue?5Sorting?5Queue?5failed?5in?5@FNODOBFM@ 0041b366     timer.obj
 0001:0001a396       ??_C@_0ID@HFHPGANL@Dequeue?5Sorting?5Queue?5failed?5whe@FNODOBFM@ 0041b396     timer.obj
 0001:0001a41a       ??_C@_0CL@MJMGCLDD@entering?5AllocateConsumerProduce@FNODOBFM@ 0041b41a     arcinit.obj
 0001:0001a446       ??_C@_0DK@IJIOFPFH@leaving?5AllocateConsumerProducer@FNODOBFM@ 0041b446     arcinit.obj
 0001:0001a480       ??_C@_0CI@FFOEPFMJ@?$CK?5ConsumerProducerCommArea?0?5VAdd@FNODOBFM@ 0041b480     arcinit.obj
 0001:0001a4a8       ??_C@_0CN@MBHLABKL@?$CK?5Adapter?5got?5an?5invalid?5host?5me@FNODOBFM@ 0041b4a8     arcinit.obj
 0001:0001a4d6       ??_C@_0DJ@JGKEIEFI@leaving?5AllocateConsumerProducer@FNODOBFM@ 0041b4d6     arcinit.obj
 0001:0001a510       ??_C@_0CL@KCDMGIOM@entering?5AllocateMessageUnitQueu@FNODOBFM@ 0041b510     arcinit.obj
 0001:0001a53c       ??_C@_0FP@JFBPKCDF@?$CK?5AllocateMessageUnitQueueCommAr@FNODOBFM@ 0041b53c     arcinit.obj
 0001:0001a59c       ??_C@_0DM@JMMHKBOC@?$CK?5AllocateMessageUnitQueueCommAr@FNODOBFM@ 0041b59c     arcinit.obj
 0001:0001a5d8       ??_C@_0DK@BKFHOPDI@leaving?5AllocateMessageUnitQueue@FNODOBFM@ 0041b5d8     arcinit.obj
 0001:0001a612       ??_C@_0DA@ICFHAOHF@?$CK?5AllocateMessageUnitQueueCommAr@FNODOBFM@ 0041b612     arcinit.obj
 0001:0001a642       ??_C@_0FB@FDJPGKAF@?$CK?5StorPortAllocateContiguousMemo@FNODOBFM@ 0041b642     arcinit.obj
 0001:0001a694       ??_C@_0FB@MMEFOJJL@?$CK?5StorPortAllocateContiguousMemo@FNODOBFM@ 0041b694     arcinit.obj
 0001:0001a6e6       ??_C@_0BJ@OICKMJHC@?$CK?5pBuf1?$DN0x?$CFp?0pBuf2?$DN0x?$CFp?6?$AA@FNODOBFM@ 0041b6e6     arcinit.obj
 0001:0001a700       ??_C@_0BO@DPONBFMO@?$CK?5MemoryPhysicalAddress?$DN0x?$CFp?6?$AA@FNODOBFM@ 0041b700     arcinit.obj
 0001:0001a71e       ??_C@_0EL@ELLGMDMB@?$CK?5Allocate?5big?5IOCTL?5buffer?5succ@FNODOBFM@ 0041b71e     arcinit.obj
 0001:0001a76a       ??_C@_0DJ@EGOLHGNF@leaving?5AllocateMessageUnitQueue@FNODOBFM@ 0041b76a     arcinit.obj
 0001:0001a7a4       ??_C@_0CF@DNFJFJLG@entering?5ConfigureContainersRunt@FNODOBFM@ 0041b7a4     arcinit.obj
 0001:0001a7ca       ??_C@_0EJ@GFICDCBB@?$CK?5ConfigureContainersRuntime?3?5Re@FNODOBFM@ 0041b7ca     arcinit.obj
 0001:0001a814       ??_C@_0EF@KJEEMCEN@?$CK?5ConfigureContainersRuntime?3?5Ge@FNODOBFM@ 0041b814     arcinit.obj
 0001:0001a85a       ??_C@_0EF@JADMGPAN@?$CK?5ConfigureContainersRuntime?3?5Ge@FNODOBFM@ 0041b85a     arcinit.obj
 0001:0001a8a0       ??_C@_0EM@NKPEDKJ@?$CK?5ConfigureContainersRuntime?3?5no@FNODOBFM@ 0041b8a0     arcinit.obj
 0001:0001a8ec       ??_C@_0EF@ECHMIPBP@?$CK?5Found?5a?5new?5container?5?9?5tid?3?5?$CF@FNODOBFM@ 0041b8ec     arcinit.obj
 0001:0001a932       ??_C@_0DK@FCJKMAGD@ConfigureContainersRuntime?3?5UID?5@FNODOBFM@ 0041b932     arcinit.obj
 0001:0001a96c       ??_C@_0DK@PHPDGAOG@?$CK?5ConfigureContainersRuntime?3?5di@FNODOBFM@ 0041b96c     arcinit.obj
 0001:0001a9a6       ??_C@_0GG@BFFFADFC@?$CK?5ConfigureContainersRuntime?3?5Fa@FNODOBFM@ 0041b9a6     arcinit.obj
 0001:0001aa0c       ??_C@_0EA@JBBLNOGE@?$CK?5ConfigureContainersRuntime?3?5RA@FNODOBFM@ 0041ba0c     arcinit.obj
 0001:0001aa4c       ??_C@_0EB@GBLPFGID@?$CK?5ConfigureContainersRuntime?3?5Di@FNODOBFM@ 0041ba4c     arcinit.obj
 0001:0001aa8e       ??_C@_0CO@FOBCLEMJ@?$CK?5ConfigureContainersRuntime?3?5di@FNODOBFM@ 0041ba8e     arcinit.obj
 0001:0001aabc       ??_C@_0DO@KMBICFHC@?$CK?5ConfigureContainersRuntime?3?5Sy@FNODOBFM@ 0041babc     arcinit.obj
 0001:0001aafa       ??_C@_0DB@JMFIFBDA@leaving?5ConfigureContainersRunti@FNODOBFM@ 0041bafa     arcinit.obj
 0001:0001ab2c       ??_C@_0CC@KOGKIGDL@entering?5CheckForVersionMisMatch@FNODOBFM@ 0041bb2c     arcinit.obj
 0001:0001ab4e       ??_C@_0CB@BOFDNAKM@This?5is?5a?5code?5stream?5identifier@FNODOBFM@ 0041bb4e     arcinit.obj
 0001:0001ab70       ??_C@_1CE@PCDJGPON@?$AAB?$AAa?$AAd?$AA?5?$AAV?$AAe?$AAr?$AAs?$AAi?$AAo?$AAn?$AA?5?$AAM?$AAa?$AAt?$AAc?$AAh?$AA?$AA@FNODOBFM@ 0041bb70     arcinit.obj
 0001:0001ab94       ??_C@_0DF@MNNMPGOO@?$CK?5Version?5Mismatch?3?5Bios?3?$CFd?0?5Fir@FNODOBFM@ 0041bb94     arcinit.obj
 0001:0001abca       ??_C@_0EC@DEDLMEPI@leving?5CheckForVersionMisMatch?5w@FNODOBFM@ 0041bbca     arcinit.obj
 0001:0001ac0c       ??_C@_0BN@GKEKJNDP@?$CFs?5Driver?5entry?5rtnval?5?$DN?5?$CFx?6?$AA@FNODOBFM@ 0041bc0c     arcinit.obj
 0001:0001ac2a       ??_C@_0DD@FIIKPLIC@?$CFs?3?5Driver?5FindAdapter?5?9?5invalid@FNODOBFM@ 0041bc2a     arcinit.obj
 0001:0001ac5e       ??_C@_0M@NCHBOPE@kernalprint?$AA@FNODOBFM@ 0041bc5e     arcinit.obj
 0001:0001ac6a       ??_C@_0BE@IDLOJBGB@?$CK?5KERNAL?5PRINT?5?$DN?51?6?$AA@FNODOBFM@ 0041bc6a     arcinit.obj
 0001:0001ac7e       ??_C@_0BG@INJAEJHE@entering?5FindAdapter?6?$AA@FNODOBFM@ 0041bc7e     arcinit.obj
 0001:0001ac94       ??_C@_0FD@NLKPIIHJ@?$CK?5This?5is?5WS03?5R2?0?5Vista?5or?5Long@FNODOBFM@ 0041bc94     arcinit.obj
 0001:0001ace8       ??_C@_0FF@EIPBDAPC@?$CK?$CK?$CK?$CK?$CK?5Size?5of?5PORT_CONFIGURATION@FNODOBFM@ 0041bce8     arcinit.obj
 0001:0001ad3e       ??_C@_0EF@MDPAOPOH@?$CK?5HwScsiFindAdapter?3?5DeviceExten@FNODOBFM@ 0041bd3e     arcinit.obj
 0001:0001ad84       ??_C@_0CD@BBBDOKPE@?$CK?5Returned?5PCI?5bus?5data?5length?$DN?$CF@FNODOBFM@ 0041bd84     arcinit.obj
 0001:0001ada8       ??_C@_0BB@ELNGMCEN@BreakPointHelper?$AA@FNODOBFM@ 0041bda8     arcinit.obj
 0001:0001adba       ??_C@_0BN@NMODDHNP@?$CK?53?5seconds?5waiting?5is?5done?6?$AA@FNODOBFM@ 0041bdba     arcinit.obj
 0001:0001add8       ??_C@_0DD@OAOECDIB@leaving?5FindAdapter?5?9?5StorPortGe@FNODOBFM@ 0041bdd8     arcinit.obj
 0001:0001ae0c       ??_C@_0DF@ODNFGMFG@?$CK?5leaving?5FindAdapter?5?9?5StorPort@FNODOBFM@ 0041be0c     arcinit.obj
 0001:0001ae42       ??_C@_0BN@FJDEMAMC@?$CK?50x40?5PCI?5Bus?5Data?5read?5in?6?$AA@FNODOBFM@ 0041be42     arcinit.obj
 0001:0001ae60       ??_C@_0BN@INBKDNHG@?$CK?50xFF?5PCI?5Bus?5Data?5read?5in?6?$AA@FNODOBFM@ 0041be60     arcinit.obj
 0001:0001ae7e       ??_C@_0DB@DAIGEFPJ@?$CK?5No?5Support?5on?5Capabilties?5list@FNODOBFM@ 0041be7e     arcinit.obj
 0001:0001aeb0       ??_C@_0BM@KCLFMKNE@?$CK?5Capability_offset?5?$DN?50x?$CFx?5?$AA@FNODOBFM@ 0041beb0     arcinit.obj
 0001:0001aecc       ??_C@_0BJ@KNABCMMM@?5?9?9?$DOcapabilty_id?5?$DN?50x?$CFx?6?$AA@FNODOBFM@ 0041becc     arcinit.obj
 0001:0001aee6       ??_C@_0BK@JIIOJNIO@?$CK?5Message_control?5?$DN?50x?$CFx?6?$AA@FNODOBFM@ 0041bee6     arcinit.obj
 0001:0001af00       ??_C@_0BF@HNFCBKLM@?$CK?5HW?5supports?5MSI?9X?6?$AA@FNODOBFM@ 0041bf00     arcinit.obj
 0001:0001af16       ??_C@_0L@BLEMHNKF@archbamode?$AA@FNODOBFM@ 0041bf16     arcinit.obj
 0001:0001af22       ??_C@_0BM@OFPMAGCK@?$CK?5ARC?5HBA?5MODE?5setting?3?5?$CFd?6?$AA@FNODOBFM@ 0041bf22     arcinit.obj
 0001:0001af3e       ??_C@_09LEIBFFMJ@forceintx?$AA@FNODOBFM@ 0041bf3e     arcinit.obj
 0001:0001af48       ??_C@_0N@FCLAIEBP@forcepolling?$AA@FNODOBFM@ 0041bf48     arcinit.obj
 0001:0001af56       ??_C@_0DI@MNEPEDIK@?$CK?5StorPortGetActiveGroupCount?5ha@FNODOBFM@ 0041bf56     arcinit.obj
 0001:0001af8e       ??_C@_0ED@JJDFFHPI@?$CK?5StorPortGetActiveGroupCount?5re@FNODOBFM@ 0041bf8e     arcinit.obj
 0001:0001afd2       ??_C@_0DJ@FDFDEBND@?$CK?5StorPortGetHighestNodeNumber?5h@FNODOBFM@ 0041bfd2     arcinit.obj
 0001:0001b00c       ??_C@_0EL@PIGODLHL@?$CK?5StorPortGetHighestNodeNumber?5r@FNODOBFM@ 0041c00c     arcinit.obj
 0001:0001b058       ??_C@_0EM@HBPALBEJ@?$CK?5StorPortGetHighestNodeNumber?5r@FNODOBFM@ 0041c058     arcinit.obj
 0001:0001b0a4       ??_C@_0DF@EDOFIEGL@?$CK?5StorPortGetGroupAffinity?5has?5n@FNODOBFM@ 0041c0a4     arcinit.obj
 0001:0001b0da       ??_C@_0HE@CADMEBCK@?$CK?5StorPortGetGroupAffinity?5retur@FNODOBFM@ 0041c0da     arcinit.obj
 0001:0001b14e       ??_C@_0EI@OFPHCHHN@?$CK?5StorPortGetGroupAffinity?5retur@FNODOBFM@ 0041c14e     arcinit.obj
 0001:0001b196       ??_C@_0EO@MADFJJKE@?$CK?5StorPortGetGroupAffinity?5retur@FNODOBFM@ 0041c196     arcinit.obj
 0001:0001b1e4       ??_C@_0P@JECJMKHH@runspecialcode?$AA@FNODOBFM@ 0041c1e4     arcinit.obj
 0001:0001b1f4       ??_C@_0BI@LHEEIHDL@?$CK?5RUN?5SPECIAL?5CODE?5?$DN?51?6?$AA@FNODOBFM@ 0041c1f4     arcinit.obj
 0001:0001b20c       ??_C@_0BI@LGIGONAM@?$CK?5RUN?5SPECIAL?5CODE?5?$DN?50?6?$AA@FNODOBFM@ 0041c20c     arcinit.obj
 0001:0001b224       ??_C@_0M@KNIKEID@kidnapvalve?$AA@FNODOBFM@ 0041c224     arcinit.obj
 0001:0001b230       ??_C@_0BF@CEDJMGLL@?$CK?5KIDNAP?5VALVE?5?$DN?5?$CFd?6?$AA@FNODOBFM@ 0041c230     arcinit.obj
 0001:0001b246       ??_C@_0O@OCGMBHKL@checkinterval?$AA@FNODOBFM@ 0041c246     arcinit.obj
 0001:0001b254       ??_C@_0CM@FEFEBKKC@?$CK?5IOP?5RESET?5COMPLETION?5Check?5Int@FNODOBFM@ 0041c254     arcinit.obj
 0001:0001b280       ??_C@_0N@MOEJGNKK@stallseconds?$AA@FNODOBFM@ 0041c280     arcinit.obj
 0001:0001b28e       ??_C@_0BG@DLFLFJEO@?$CK?5STALL?5SECONDS?5?$DN?5?$CFd?6?$AA@FNODOBFM@ 0041c28e     arcinit.obj
 0001:0001b2a4       ??_C@_0O@BPMKJHCJ@hbaqueuedepth?$AA@FNODOBFM@ 0041c2a4     arcinit.obj
 0001:0001b2b2       ??_C@_0BI@IIHNBKPK@?$CK?5HBA?5QUEUE?5DEPTH?5?$DN?5?$CFd?6?$AA@FNODOBFM@ 0041c2b2     arcinit.obj
 0001:0001b2ca       ??_C@_04GGLOKIEE@dump?$AA@FNODOBFM@ 0041c2ca     arcinit.obj
 0001:0001b2d0       ??_C@_05FDLGEGEK@ntldr?$AA@FNODOBFM@ 0041c2d0     arcinit.obj
 0001:0001b2d6       ??_C@_05PMICOLGA@hiber?$AA@FNODOBFM@ 0041c2d6     arcinit.obj
 0001:0001b2dc       ??_C@_0CD@JEMNEMMP@?$CK?$CK?$CK?$CK?5dump?5?$HM?5ntldr?5?$HM?5hiber?5is?5TRU@FNODOBFM@ 0041c2dc     arcinit.obj
 0001:0001b300       ??_C@_0BK@NELCFLHO@?$CK?5Switching?5to?5INTx?5mode?6?$AA@FNODOBFM@ 0041c300     arcinit.obj
 0001:0001b31a       ??_C@_09IPELKJIO@BLEDCheck?$AA@FNODOBFM@ 0041c31a     arcinit.obj
 0001:0001b324       ??_C@_0L@NIPCGJOG@DPCAllowed?$AA@FNODOBFM@ 0041c324     arcinit.obj
 0001:0001b330       ??_C@_09CHINNNMJ@CSMI?$DNNone?$AA@FNODOBFM@ 0041c330     arcinit.obj
 0001:0001b33a       ??_C@_0BA@BKKNJKOP@CSMI?$DNRestricted?$AA@FNODOBFM@ 0041c33a     arcinit.obj
 0001:0001b34a       ??_C@_09PKBPEONE@CSMI?$DNFull?$AA@FNODOBFM@ 0041c34a     arcinit.obj
 0001:0001b354       ??_C@_0CJ@JHBMKCEI@leaving?5FindAdapter?5?9?5PCI?5Id?5not@FNODOBFM@ 0041c354     arcinit.obj
 0001:0001b37e       ??_C@_0CL@HDBMPJMP@?$CK?5leaving?5FindAdapter?5?9?5PCI?5Id?5n@FNODOBFM@ 0041c37e     arcinit.obj
 0001:0001b3aa       ??_C@_0CH@LNPKNDMP@Rx?3?5BAR0?5Range?50x?$CFlx?5MappedSize?5@FNODOBFM@ 0041c3aa     arcinit.obj
 0001:0001b3d2       ??_C@_0DF@OFCBAPFL@leaving?5FindAdapter?5?9?5fail?5mappi@FNODOBFM@ 0041c3d2     arcinit.obj
 0001:0001b408       ??_C@_0DH@MNDLADLD@?$CK?5leaving?5FindAdapter?5?9?5fail?5map@FNODOBFM@ 0041c408     arcinit.obj
 0001:0001b440       ??_C@_0DC@NODBFDAD@leaving?5FindAdapter?5?9?5illegal?5FW@FNODOBFM@ 0041c440     arcinit.obj
 0001:0001b472       ??_C@_0EH@FLDBENFC@?$CK?5leaving?5FindAdapter?5?9?5illegal?5@FNODOBFM@ 0041c472     arcinit.obj
 0001:0001b4ba       ??_C@_0EI@ILGHPFNM@?$CK?5FULL?564?5BIT?5addressing?5support@FNODOBFM@ 0041c4ba     arcinit.obj
 0001:0001b502       ??_C@_0CD@NJEIKDOH@?$CK?5New?5outstanding?5number?5chose?3?$CF@FNODOBFM@ 0041c502     arcinit.obj
 0001:0001b526       ??_C@_0CD@CCLGIJ@?$CK?5Old?5outstanding?5number?5chose?3?$CF@FNODOBFM@ 0041c526     arcinit.obj
 0001:0001b54a       ??_C@_05JGHMLIKJ@devqd?$AA@FNODOBFM@ 0041c54a     arcinit.obj
 0001:0001b550       ??_C@_0O@EPNNFPIH@?$CK?5DEV?5QD?3?5?$CFd?6?$AA@FNODOBFM@ 0041c550     arcinit.obj
 0001:0001b55e       ??_C@_0N@OEGLNJCG@ioctlbufsize?$AA@FNODOBFM@ 0041c55e     arcinit.obj
 0001:0001b56c       ??_C@_0CI@LFOBEGIG@?$CK?5This?5is?564?9bit?5Vista?5or?5Longho@FNODOBFM@ 0041c56c     arcinit.obj
 0001:0001b594       ??_C@_0DB@NLEKMFMO@?$CK?5This?5is?532?9bit?5WS03?5R2?0?5Vista?5@FNODOBFM@ 0041c594     arcinit.obj
 0001:0001b5c6       ??_C@_0CA@DJAEOOFI@?$CK?5This?5is?564?9bit?5WS03?5SP1?5?4?4?4?5?6?$AA@FNODOBFM@ 0041c5c6     arcinit.obj
 0001:0001b5e6       ??_C@_0CA@IELABMFO@?$CK?5This?5is?532?9bit?5WS03?5SP1?5?4?4?4?5?6?$AA@FNODOBFM@ 0041c5e6     arcinit.obj
 0001:0001b606       ??_C@_0CA@MNGBKCLD@?$CK?5This?5is?532?9bit?5WS03?5RTM?5?4?4?4?5?6?$AA@FNODOBFM@ 0041c606     arcinit.obj
 0001:0001b626       ??_C@_0BL@FPDNGGII@?$CK?5Adapter?5is?5in?5poll?5mode?6?$AA@FNODOBFM@ 0041c626     arcinit.obj
 0001:0001b642       ??_C@_0CO@NGAJFGIM@?$CK?5pDeviceExtension?9?$DONewCommInter@FNODOBFM@ 0041c642     arcinit.obj
 0001:0001b670       ??_C@_0CE@MCFGELJ@?$CK?5pDeviceExtension?9?$DOVendorId?3?50x@FNODOBFM@ 0041c670     arcinit.obj
 0001:0001b694       ??_C@_0CE@PNKCKBKJ@?$CK?5pDeviceExtension?9?$DODeviceId?3?50x@FNODOBFM@ 0041c694     arcinit.obj
 0001:0001b6b8       ??_C@_0CH@NNKEKBEL@?$CK?5pDeviceExtension?9?$DOSubVendorId?3@FNODOBFM@ 0041c6b8     arcinit.obj
 0001:0001b6e0       ??_C@_0CH@BEBMHIHH@?$CK?5pDeviceExtension?9?$DOSubSystemId?3@FNODOBFM@ 0041c6e0     arcinit.obj
 0001:0001b708       ??_C@_0CB@ELGCJIGA@?$CK?5Uncached?5Memory?5address?3?50x?$CFp?6@FNODOBFM@ 0041c708     arcinit.obj
 0001:0001b72a       ??_C@_0CH@CKCEEBMD@?$CK?5Uncached?5Memory?5allocated?3?50x?$CF@FNODOBFM@ 0041c72a     arcinit.obj
 0001:0001b752       ??_C@_0DK@INJPNBCP@?$CK?5MailBox?51?3?$CFx?0?5MailBox?52?3?$CFx?0?5Ma@FNODOBFM@ 0041c752     arcinit.obj
 0001:0001b78c       ??_C@_0DB@DBAPOAM@?$CK?5pDeviceExtension?9?$DOMaxOutstandi@FNODOBFM@ 0041c78c     arcinit.obj
 0001:0001b7be       ??_C@_0DF@CKKIGFIG@?$CK?5pDeviceExtension?9?$DOMaxMSIXVecto@FNODOBFM@ 0041c7be     arcinit.obj
 0001:0001b7f4       ??_C@_0BA@EOIIECBM@loopbacklatency?$AA@FNODOBFM@ 0041c7f4     arcinit.obj
 0001:0001b804       ??_C@_0BC@BDCJEMN@?$CK?5FORCE?5INTX?3?5?$CFd?6?$AA@FNODOBFM@ 0041c804     arcinit.obj
 0001:0001b816       ??_C@_0BF@FJIEGFMA@?$CK?5FORCE?5POLLING?3?5?$CFd?6?$AA@FNODOBFM@ 0041c816     arcinit.obj
 0001:0001b82c       ??_C@_06DCBAGJIF@vecnum?$AA@FNODOBFM@ 0041c82c     arcinit.obj
 0001:0001b834       ??_C@_0BK@NKHDFADJ@?$CK?5CPU?5Group?5number?5is?5?$CFd?6?$AA@FNODOBFM@ 0041c834     arcinit.obj
 0001:0001b84e       ??_C@_0BJ@OBKJCBPL@?$CK?5CPU?5Node?5number?5is?5?$CFd?6?$AA@FNODOBFM@ 0041c84e     arcinit.obj
 0001:0001b868       ??_C@_0EB@PLAOEAEF@?$CK?5Valid_MSIX_Vectors?5is?5reset?5to@FNODOBFM@ 0041c868     arcinit.obj
 0001:0001b8aa       ??_C@_0CN@KPEBIFEO@?$CK?5?$DN?$DN?$DN?$DN?$DN?$DN?$DO?5Final?5Vector?5Number?5is@FNODOBFM@ 0041c8aa     arcinit.obj
 0001:0001b8d8       ??_C@_0CI@BJJEDHMG@?$CK?5pDeviceExtension?9?$DOVectorCapaci@FNODOBFM@ 0041c8d8     arcinit.obj
 0001:0001b900       ??_C@_0DE@JJAKLEJD@?$CK?5pDeviceExtension?9?$DOMSIXIoThrott@FNODOBFM@ 0041c900     arcinit.obj
 0001:0001b934       ??_C@_0DF@LMKAIIEG@?$CK?5pDeviceExtension?9?$DOMSIXIoThrott@FNODOBFM@ 0041c934     arcinit.obj
 0001:0001b96a       ??_C@_0BI@KNCDOCH@?$CK?5Node?5per?5Group?5is?5?$CFd?6?$AA@FNODOBFM@ 0041c96a     arcinit.obj
 0001:0001b982       ??_C@_0BH@FMFCFLGH@?$CK?5Core?5per?5Node?5is?5?$CFd?6?$AA@FNODOBFM@ 0041c982     arcinit.obj
 0001:0001b99a       ??_C@_0CC@CEGCGDDK@?$CK?5?$DN?$DN?$DN?$DN?$DN?$DN?$DO?5End?5of?5summary?5?$DM?$DN?$DN?$DN?$DN?$DN?$DN@FNODOBFM@ 0041c99a     arcinit.obj
 0001:0001b9bc       ??_C@_0EC@KMMHNEKL@?$CK?5ConfigInfo?9?$DOHwMSInterruptRouti@FNODOBFM@ 0041c9bc     arcinit.obj
 0001:0001b9fe       ??_C@_0BH@CDLDBOJF@?$CK?5SrbExtensionSize?3?$CFx?6?$AA@FNODOBFM@ 0041c9fe     arcinit.obj
 0001:0001ba16       ??_C@_0EK@GNODIBNL@?$CK?5MiniARC?5Interface?5?9?5?5CommandSi@FNODOBFM@ 0041ca16     arcinit.obj
 0001:0001ba60       ??_C@_0EL@HJMLPDNI@?$CK?5New?5Comm?5Interface?5?9?5?5CommandS@FNODOBFM@ 0041ca60     arcinit.obj
 0001:0001baac       ??_C@_0CM@NKHNJDEG@leaving?5FindAdapter?5?9?5fail?5initi@FNODOBFM@ 0041caac     arcinit.obj
 0001:0001bad8       ??_C@_0CO@GHEIBKDI@?$CK?5leaving?5FindAdapter?5?9?5fail?5ini@FNODOBFM@ 0041cad8     arcinit.obj
 0001:0001bb06       ??_C@_1EA@GNKDGDHK@?$AAA?$AAd?$AAa?$AAp?$AAt?$AAe?$AAr?$AA?5?$AAg?$AAo?$AAt?$AA?5?$AAi?$AAn?$AAv?$AAa?$AAl?$AAi?$AAd?$AA?5?$AAh?$AAo?$AAs?$AAt?$AA?5?$AAw?$AAi?$AAn?$AAd?$AAo?$AAw?$AA?$AA@FNODOBFM@ 0041cb06     arcinit.obj
 0001:0001bb46       ??_C@_1EI@NELDFHEH@?$AAA?$AAd?$AAa?$AAp?$AAt?$AAe?$AAr?$AA?5?$AAd?$AAo?$AAe?$AAs?$AA?5?$AAn?$AAo?$AAt?$AA?5?$AAs?$AAu?$AAp?$AAp?$AAo?$AAr?$AAt?$AA?5?$AA4?$AAG?$AAB?$AA?5?$AAw?$AAi?$AAn@FNODOBFM@ 0041cb46     arcinit.obj
 0001:0001bb8e       ??_C@_0DC@BFHJHJOO@?$CK?5fail?5SynFibCT_SET_MINIARC_HOST@FNODOBFM@ 0041cb8e     arcinit.obj
 0001:0001bbc0       ??_C@_0CE@IADADNNA@?$CK?5Use?5MU?5Register?5for?5IOP_Reset?4@FNODOBFM@ 0041cbc0     arcinit.obj
 0001:0001bbe4       ??_C@_0CJ@LHHNJCHI@?$CK?5Use?5inbound?5doorbell?5for?5IOP_R@FNODOBFM@ 0041cbe4     arcinit.obj
 0001:0001bc0e       ??_C@_0DI@LGINDMLA@?$CK?5ERROR?3?5FW?5does?5not?5provide?5whi@FNODOBFM@ 0041cc0e     arcinit.obj
 0001:0001bc46       ??_C@_0BP@DJKPJIGJ@?$CK?5Ignore_IOP_Reset?5is?5set?5?4?4?4?6?$AA@FNODOBFM@ 0041cc46     arcinit.obj
 0001:0001bc66       ??_C@_0CK@LEDHDPPJ@?$CK?5Disk?5Power?5Management?5is?5suppo@FNODOBFM@ 0041cc66     arcinit.obj
 0001:0001bc90       ??_C@_0CJ@PJOACPGJ@?$CK?5This?5firmware?5supports?5fast?5JB@FNODOBFM@ 0041cc90     arcinit.obj
 0001:0001bcba       ??_C@_0DB@HEHLEMPI@?$CK?5Controller?5Firmware?5supports?5S@FNODOBFM@ 0041ccba     arcinit.obj
 0001:0001bcec       ??_C@_0CI@CJPAOACI@?$CK?5Controller?5Firmware?5supports?52@FNODOBFM@ 0041ccec     arcinit.obj
 0001:0001bd14       ??_C@_0BM@LNCHEOOO@?$CK?5Virtual?5B?1T?1L?5?$CI?$CFd?1?$CFd?1?$CFd?$CJ?6?$AA@FNODOBFM@ 0041cd14     arcinit.obj
 0001:0001bd30       ??_C@_0DA@OBMGONKI@?$CK?5Driver?5got?5SUPPORTED_NATIVE_HB@FNODOBFM@ 0041cd30     arcinit.obj
 0001:0001bd60       ??_C@_0DI@GIKAIFLA@?$CK?5Driver?5did?5not?5get?5SUPPORTED_N@FNODOBFM@ 0041cd60     arcinit.obj
 0001:0001bd98       ??_C@_0BH@LMHJIEKF@?$CK?5ExposeNonDASD?5is?5?$CFx?6?$AA@FNODOBFM@ 0041cd98     arcinit.obj
 0001:0001bdb0       ??_C@_0BB@JIKBMNNG@QueueDepthPerLun?$AA@FNODOBFM@ 0041cdb0     arcinit.obj
 0001:0001bdc2       ??_C@_0N@GDDJMKFE@PauseIOLimit?$AA@FNODOBFM@ 0041cdc2     arcinit.obj
 0001:0001bdd0       ??_C@_0O@LIIBGGCF@ResumeIOLimit?$AA@FNODOBFM@ 0041cdd0     arcinit.obj
 0001:0001bdde       ??_C@_0O@OKMDGJBG@ConvertSGList?$AA@FNODOBFM@ 0041cdde     arcinit.obj
 0001:0001bdec       ??_C@_0BE@IIJOOEPG@QueueStartThreshold?$AA@FNODOBFM@ 0041cdec     arcinit.obj
 0001:0001be00       ??_C@_0BD@CEDPKLI@QueueDumpThreshold?$AA@FNODOBFM@ 0041ce00     arcinit.obj
 0001:0001be14       ??_C@_0BA@NLIGFJMK@MaxIoSizeQueued?$AA@FNODOBFM@ 0041ce14     arcinit.obj
 0001:0001be24       ??_C@_0N@MLHJOFDC@QueueAllowed?$AA@FNODOBFM@ 0041ce24     arcinit.obj
 0001:0001be32       ??_C@_0BC@IEBJFOIJ@FlushSizeInBlocks?$AA@FNODOBFM@ 0041ce32     arcinit.obj
 0001:0001be44       ??_C@_0EA@OJJGPBKL@leaving?5FindAdapter?5?9?5fail?5Handl@FNODOBFM@ 0041ce44     arcinit.obj
 0001:0001be84       ??_C@_0EC@HNCBOCML@?$CK?5leaving?5FindAdapter?5?9?5fail?5Han@FNODOBFM@ 0041ce84     arcinit.obj
 0001:0001bec6       ??_C@_09NBOIBGGK@EnableWMI?$AA@FNODOBFM@ 0041cec6     arcinit.obj
 0001:0001bed0       ??_C@_0DH@OIMAJCMK@?$CK?5?9?5Driver?5version?5?$CFs?0?5adapter?5n@FNODOBFM@ 0041ced0     arcinit.obj
 0001:0001bf08       ??_C@_0DF@NGIHOECA@?$CK?5?9?5Size?5of?5HwDevExt?$DN0x?$CFx?4?5Size?5@FNODOBFM@ 0041cf08     arcinit.obj
 0001:0001bf3e       ??_C@_0IC@BPBMMOAO@?$CK?5?9?5Size?$CISrbExt?$CJ?$DN0x?$CFx?4?5sizeof?$CIFI@FNODOBFM@ 0041cf3e     arcinit.obj
 0001:0001bfc0       ??_C@_0CA@ENCHFGMA@?$CK?5?9?5reported?5Size?$CISrbExt?$CJ?$DN0x?$CFx?6?$AA@FNODOBFM@ 0041cfc0     arcinit.obj
 0001:0001bfe0       ??_C@_0BG@JAEBOKND@?$CK?5?9?5Done?5FindAdapter?6?$AA@FNODOBFM@ 0041cfe0     arcinit.obj
 0001:0001bff6       ??_C@_0FF@LMEIGAGF@?$CK?5?9?5ConfigInfo?9?$DOMaximumTransferL@FNODOBFM@ 0041cff6     arcinit.obj
 0001:0001c04c       ??_C@_0CG@GOHAMHPA@leaving?5FindAdapter?5?9?5adapter?5fo@FNODOBFM@ 0041d04c     arcinit.obj
 0001:0001c072       ??_C@_0BN@DGMFEGDN@entering?5GetElapsedSeconds?5?6?$AA@FNODOBFM@ 0041d072     arcinit.obj
 0001:0001c090       ??_C@_0DD@GOLHMOHG@leaving?5GetElapsedSeconds?5?9?5seco@FNODOBFM@ 0041d090     arcinit.obj
 0001:0001c0c4       ??_C@_0CJ@KCPJKGH@entering?5IsAdapterReadyForConfig@FNODOBFM@ 0041d0c4     arcinit.obj
 0001:0001c0ee       ??_C@_0DB@PNDBFHEI@IsAdapterReadyForConfigCommand?3?5@FNODOBFM@ 0041d0ee     arcinit.obj
 0001:0001c120       ??_C@_0CH@PFKKGKLP@IsAdapterReadyForConfigCommand?3?5@FNODOBFM@ 0041d120     arcinit.obj
 0001:0001c148       ??_C@_0DJ@FMKIDFML@?$CK?5leaving?5IsAdapterReadyForConfi@FNODOBFM@ 0041d148     arcinit.obj
 0001:0001c182       ??_C@_0CI@LLJGECEO@leaving?5IsAdapterReadyForConfigC@FNODOBFM@ 0041d182     arcinit.obj
 0001:0001c1aa       ??_C@_0BD@LJONEFCN@entering?5IOPReset?6?$AA@FNODOBFM@ 0041d1aa     arcinit.obj
 0001:0001c1be       ??_C@_0EN@CPGMGMBD@?$CK?$CK?5Fail?5to?5iopreset?5the?5adapter?5@FNODOBFM@ 0041d1be     arcinit.obj
 0001:0001c20c       ??_C@_0GF@NGDIBMBA@?$CK?5Driver?5has?5been?5waiting?55?5seco@FNODOBFM@ 0041d20c     arcinit.obj
 0001:0001c272       ??_C@_1CG@OOCCJMGE@?$AAI?$AAO?$AAP?$AA?5?$AAR?$AAE?$AAS?$AAE?$AAT?$AA?5?$AAd?$AAi?$AAs?$AAa?$AAb?$AAl?$AAe?$AAd?$AA?$AA@FNODOBFM@ 0041d272     arcinit.obj
 0001:0001c298       ??_C@_1CC@HLNFBNCO@?$AAI?$AAO?$AAP?$AA?5?$AAR?$AAE?$AAS?$AAE?$AAT?$AA?5?$AAf?$AAa?$AAi?$AAl?$AAe?$AAd?$AA?$AA@FNODOBFM@ 0041d298     arcinit.obj
 0001:0001c2ba       ??_C@_0DE@GCJLBNBN@?$CK?$CK?5Fail?5to?5iopreset?5the?5adapter?0@FNODOBFM@ 0041d2ba     arcinit.obj
 0001:0001c2ee       ??_C@_0BI@DKKBLGKC@?$CK?$CK?5IOPReset?5succeeded?4?6?$AA@FNODOBFM@ 0041d2ee     arcinit.obj
 0001:0001c306       ??_C@_0DI@IBEPOJOB@?$CK?5Discard?5HOSTRRQ?5leftover?3?5msg?5@FNODOBFM@ 0041d306     arcinit.obj
 0001:0001c33e       ??_C@_0DB@MLPIECHL@?$CK?5Discard?5HOSTRRQ?5leftover?3?5inde@FNODOBFM@ 0041d33e     arcinit.obj
 0001:0001c370       ??_C@_0DG@MCABGJKN@Driver?5should?5not?5work?5under?5MSI@FNODOBFM@ 0041d370     arcinit.obj
 0001:0001c3a6       ??_C@_0DE@DDNIODIO@?$CK?5Set?5pInitStruct?9?$DONoOfMsiVector@FNODOBFM@ 0041d3a6     arcinit.obj
 0001:0001c3da       ??_C@_0BC@JKJGEENA@leaving?5IOPReset?6?$AA@FNODOBFM@ 0041d3da     arcinit.obj
 0001:0001c3ec       ??_C@_0EN@EHHFOLPM@?$CK?$CK?5returned?5?$CFd?5SRB?5to?5OS?5at?5Retu@FNODOBFM@ 0041d3ec     arcinit.obj
 0001:0001c43a       ??_C@_0BK@OLLEIHIC@?$CK?5Switching?5to?5MSIx?5mode?6?$AA@FNODOBFM@ 0041d43a     arcinit.obj
 0001:0001c454       ??_C@_0BA@EAOKKBLN@?$CK?5MSIx?5Enabled?6?$AA@FNODOBFM@ 0041d454     arcinit.obj
 0001:0001c464       ??_C@_0EB@JEEKIEDM@?$CK?5Set?5pInitStruct?9?$DONoOfMsiVector@FNODOBFM@ 0041d464     arcinit.obj
 0001:0001c4a6       ??_C@_0EA@DFHNCIMC@?$CK?5Set?5pInitStruct?9?$DONoOfMsiVector@FNODOBFM@ 0041d4a6     arcinit.obj
 0001:0001c4e6       ??_C@_0FP@EFJPBKEO@?$CK?5Valid?5Vector?$CI?$CFd?$CJ?0?5msix?5capabil@FNODOBFM@ 0041d4e6     arcinit.obj
 0001:0001c546       ??_C@_0BE@OKKJEBLK@?$CK?5MSIX?5NOT?5Enabled?6?$AA@FNODOBFM@ 0041d546     arcinit.obj
 0001:0001c55a       ??_C@_0ED@LLOJEJPI@leaving?5HandleAdapterGetConfig?5a@FNODOBFM@ 0041d55a     arcinit.obj
 0001:0001c59e       ??_C@_0EF@MHNEOFPB@?$CK?5leaving?5HandleAdapterGetConfig@FNODOBFM@ 0041d59e     arcinit.obj
 0001:0001c5e4       ??_C@_0DP@PECHNPGJ@leaving?5HandleAdapterGetConfig?5a@FNODOBFM@ 0041d5e4     arcinit.obj
 0001:0001c624       ??_C@_0EB@CHAPDLOA@?$CK?5leaving?5HandleAdapterGetConfig@FNODOBFM@ 0041d624     arcinit.obj
 0001:0001c666       ??_C@_0EC@JNDOKFCE@leaving?5HandleAdapterCommitConfi@FNODOBFM@ 0041d666     arcinit.obj
 0001:0001c6a8       ??_C@_0EE@HMHNBLOK@?$CK?5leaving?5HandleAdapterCommitCon@FNODOBFM@ 0041d6a8     arcinit.obj
 0001:0001c6ec       ??_C@_0CE@FDDAIENL@entering?5HandleAdapterConfigIssu@FNODOBFM@ 0041d6ec     arcinit.obj
 0001:0001c710       ??_C@_0EG@EOLGKFDM@leaving?5HandleAdapterConfigIssue@FNODOBFM@ 0041d710     arcinit.obj
 0001:0001c756       ??_C@_0EI@BLLNCBDL@?$CK?5leaving?5HandleAdapterConfigIss@FNODOBFM@ 0041d756     arcinit.obj
 0001:0001c79e       ??_C@_0EC@KFDDDOGD@leaving?5HandleAdapterConfigIssue@FNODOBFM@ 0041d79e     arcinit.obj
 0001:0001c7e0       ??_C@_0EE@EEHAIAKN@?$CK?5leaving?5HandleAdapterConfigIss@FNODOBFM@ 0041d7e0     arcinit.obj
 0001:0001c824       ??_C@_0EC@EGKDAAOP@leaving?5HandleAdapterConfigIssue@FNODOBFM@ 0041d824     arcinit.obj
 0001:0001c866       ??_C@_0EE@KHOALOCB@?$CK?5leaving?5HandleAdapterConfigIss@FNODOBFM@ 0041d866     arcinit.obj
 0001:0001c8aa       ??_C@_0CD@FIHDJCJC@leaving?5HandleAdapterConfigIssue@FNODOBFM@ 0041d8aa     arcinit.obj
 0001:0001c8ce       ??_C@_0BK@LNIBADPE@?$CK?5Setting?5StatusBatching?6?$AA@FNODOBFM@ 0041d8ce     arcinit.obj
 0001:0001c8e8       ??_C@_0EF@JDALIICL@?$CK?5Firmware?5should?5support?5ACI2?5i@FNODOBFM@ 0041d8e8     arcinit.obj
 0001:0001c92e       ??_C@_0CB@DDHFLEBF@?$CK?5FW?5sets?5KERNEL_UP_AND_RUNNING?6@FNODOBFM@ 0041d92e     arcinit.obj
 0001:0001c950       ??_C@_0CC@HECBNNJJ@?$CK?5FW?5is?5ready?5for?5config?5command@FNODOBFM@ 0041d950     arcinit.obj
 0001:0001c972       ??_C@_0BJ@GODFBPEB@?$CK?5Get?5config?5from?5FW?5ok?6?$AA@FNODOBFM@ 0041d972     arcinit.obj
 0001:0001c98c       ??_C@_0BK@PANMBLHC@?$CK?5Commit?5config?5to?5FW?5ok?6?$AA@FNODOBFM@ 0041d98c     arcinit.obj
 0001:0001c9a6       ??_C@_0CA@BDIKNGAL@?$CK?5INIT?5Structure?5sent?5to?5FW?5ok?6?$AA@FNODOBFM@ 0041d9a6     arcinit.obj
 0001:0001c9c6       ??_C@_0EE@GNMBAHCA@?$CK?5Get?5FW?5debug?5buffer?5failed?0?5bu@FNODOBFM@ 0041d9c6     arcinit.obj
 0001:0001ca0a       ??_C@_0BH@FLOGONBD@?$CK?5?9?5Driver?5version?5?$CFs?6?$AA@FNODOBFM@ 0041da0a     arcinit.obj
 0001:0001ca22       ??_C@_0BO@IEENCLHE@entering?5HwInitializeAdapter?6?$AA@FNODOBFM@ 0041da22     arcinit.obj
 0001:0001ca40       ??_C@_1CA@OFEHMOBK@?$AAB?$AAa?$AAd?$AA?5?$AAP?$AAo?$AAr?$AAt?$AA?5?$AAD?$AAr?$AAi?$AAv?$AAe?$AAr?$AA?$AA@FNODOBFM@ 0041da40     arcinit.obj
 0001:0001ca60       ??_C@_0FM@FIFECPG@?$CK?5pDeviceExtension?9?$DOValid_MSIX_V@FNODOBFM@ 0041da60     arcinit.obj
 0001:0001cabc       ??_C@_0EH@ONHPKJKD@?$CK?5StorPortGetMSIInfo?5returned?5Fa@FNODOBFM@ 0041dabc     arcinit.obj
 0001:0001cb04       ??_C@_0EC@KLPNNIKH@?$CK?5StorPortGetMSIInfo?5returned?5st@FNODOBFM@ 0041db04     arcinit.obj
 0001:0001cb46       ??_C@_0EE@OLLCNNAO@?$CK?5StorPortGetMSIInfo?5returned?5st@FNODOBFM@ 0041db46     arcinit.obj
 0001:0001cb8a       ??_C@_0EJ@OBPFJGIJ@?$CK?5StorPortGetMSIInfo?5returned?5st@FNODOBFM@ 0041db8a     arcinit.obj
 0001:0001cbd4       ??_C@_0CF@FDBIIPFF@?$CK?5This?5Tupelo?5driver?5is?5MSI?5enab@FNODOBFM@ 0041dbd4     arcinit.obj
 0001:0001cbfa       ??_C@_0BO@FHHBMMGN@?$CK?5PerfConfigData?4Flags?3?50x?$CFx?6?$AA@FNODOBFM@ 0041dbfa     arcinit.obj
 0001:0001cc18       ??_C@_0FE@LBLIGLIO@GetDoorbellMaskForIOPReset?5retur@FNODOBFM@ 0041dc18     arcinit.obj
 0001:0001cc6c       ??_C@_0DN@IMFNPMPP@?$CK?5Failed?5to?5Initialize?5Adapter?5i@FNODOBFM@ 0041dc6c     arcinit.obj
 0001:0001ccaa       ??_C@_0DE@CMNGFMDL@?$CK?5Succeed?5to?5Initialize?5Adapter?5@FNODOBFM@ 0041dcaa     arcinit.obj
 0001:0001ccde       ??_C@_0EG@KGJBNOFG@?$CK?5Failed?5to?5Initialize?5Adapter?5i@FNODOBFM@ 0041dcde     arcinit.obj
 0001:0001cd24       ??_C@_0BP@MCCOMIEF@?$CK?5leaving?5HwInitializeAdapter?6?$AA@FNODOBFM@ 0041dd24     arcinit.obj
 0001:0001cd44       ??_C@_0FN@OJHBJJGK@?$CK?5StorPortAllocateContiguousMemo@FNODOBFM@ 0041dd44     arcinit.obj
 0001:0001cda2       ??_C@_0FD@MKBBGMOP@?$CK?5PROBLEM?3?5returnedSize?5?$DN?50?5?$CISto@FNODOBFM@ 0041dda2     arcinit.obj
 0001:0001cdf6       ??_C@_0IH@LCJNFDMG@?$CK?5StorPortAllocateContiguousMemo@FNODOBFM@ 0041ddf6     arcinit.obj
 0001:0001ce7e       ??_C@_0BI@BOGNCAIA@entering?5InitializeDPC?6?$AA@FNODOBFM@ 0041de7e     arcinit.obj
 0001:0001ce96       ??_C@_0BL@ICGKMMAJ@?$CK?5Start?5scanning?5group?5?$CFd?6?$AA@FNODOBFM@ 0041de96     arcinit.obj
 0001:0001ceb2       ??_C@_0CO@FDNLALKJ@?$CK?5Group?5Affinity?5for?5msix?5vector@FNODOBFM@ 0041deb2     arcinit.obj
 0001:0001cee0       ??_C@_0DA@FPNPLEPN@?$CK?5NUMA?5node?5for?5MSIX?5vector?5?$CFd?5i@FNODOBFM@ 0041dee0     arcinit.obj
 0001:0001cf10       ??_C@_0DP@MAPFHEEH@?$CK?5Outbound?5Queue?5Memory?5allocate@FNODOBFM@ 0041df10     arcinit.obj
 0001:0001cf50       ??_C@_0CG@GFDFODNM@?$CK?5MemoryBlock?5?$CFd?5assigned?5in?5nod@FNODOBFM@ 0041df50     arcinit.obj
 0001:0001cf76       ??_C@_0DG@CGCBEMEO@?$CK?5MSG?5CAP?5setup?5failed?5?$CIbecause?5@FNODOBFM@ 0041df76     arcinit.obj
 0001:0001cfac       ??_C@_0ED@CJAGENOE@?$CK?5we?5are?5processing?5last?5MSIX?5ve@FNODOBFM@ 0041dfac     arcinit.obj
 0001:0001cff0       ??_C@_0HA@GKDMKHHO@?$CK?5we?5have?5a?5problem?4?5All?5groups?1@FNODOBFM@ 0041dff0     arcinit.obj
 0001:0001d060       ??_C@_0FD@LFCJJKMC@?$CK?5StorPortGetLogicalProcessorRel@FNODOBFM@ 0041e060     arcinit.obj
 0001:0001d0b4       ??_C@_0BG@FAIHHGLA@?$CK?5Vector?5?$CFd?5is?5done?6?6?$AA@FNODOBFM@ 0041e0b4     arcinit.obj
 0001:0001d0ca       ??_C@_0DJ@MGMHFMAN@?$CK?5Failed?5to?5Initialize?5Adapter?5i@FNODOBFM@ 0041e0ca     arcinit.obj
 0001:0001d104       ??_C@_0DA@GDJCAINB@?$CK?5Succeed?5to?5Initialize?5Adapter?5@FNODOBFM@ 0041e104     arcinit.obj
 0001:0001d134       ??_C@_0BJ@CFFELFMJ@?$CK?5MSIx?5DPCs?5initialized?6?$AA@FNODOBFM@ 0041e134     arcinit.obj
 0001:0001d14e       ??_C@_0BI@LAPEOFCN@?$CK?5?9?5Done?5InitializeDPC?6?$AA@FNODOBFM@ 0041e14e     arcinit.obj
 0001:0001d166       ??_C@_0BH@PAHICDNJ@leaving?5InitializeDPC?6?$AA@FNODOBFM@ 0041e166     arcinit.obj
 0001:0001d17e       ??_C@_0CP@OJKLKHLO@entering?5InitializeConsumerProdu@FNODOBFM@ 0041e17e     arcinit.obj
 0001:0001d1ae       ??_C@_0DE@MJJEGAKI@leaving?5InitializeConsumerProduc@FNODOBFM@ 0041e1ae     arcinit.obj
 0001:0001d1e2       ??_C@_0CO@NEGLFCOP@leaving?5InitializeConsumerProduc@FNODOBFM@ 0041e1e2     arcinit.obj
 0001:0001d210       ??_C@_0CP@IKCNDLML@entering?5InitializeConsumerProdu@FNODOBFM@ 0041e210     arcinit.obj
 0001:0001d240       ??_C@_0DF@IICIHNDP@leaving?5InitializeConsumerProduc@FNODOBFM@ 0041e240     arcinit.obj
 0001:0001d276       ??_C@_0DE@OBANPGHF@leaving?5InitializeConsumerProduc@FNODOBFM@ 0041e276     arcinit.obj
 0001:0001d2aa       ??_C@_0CP@GDFIJJML@entering?5InitializeMessageUnitQu@FNODOBFM@ 0041e2aa     arcinit.obj
 0001:0001d2da       ??_C@_0DF@CLHHLLI@leaving?5InitializeMessageUnitQue@FNODOBFM@ 0041e2da     arcinit.obj
 0001:0001d310       ??_C@_0DE@BBDIIBAC@leaving?5InitializeMessageUnitQue@FNODOBFM@ 0041e310     arcinit.obj
 0001:0001d344       ??_C@_0BI@PNFIHJKN@entering?5MapDeviceBase?6?$AA@FNODOBFM@ 0041e344     arcinit.obj
 0001:0001d35c       ??_C@_1CM@FGGDGCGC@?$AAA?$AAd?$AAa?$AAp?$AAt?$AAe?$AAr?$AA?5?$AAb?$AAo?$AAo?$AAt?$AA?5?$AAt?$AAi?$AAm?$AAe?$AA?5?$AAo?$AAu?$AAt?$AA?$AA@FNODOBFM@ 0041e35c     arcinit.obj
 0001:0001d388       ??_C@_0CO@NHBGNFPE@?$CK?5Driver?5got?564?5bit?5FIB?5support?5@FNODOBFM@ 0041e388     arcinit.obj
 0001:0001d3b6       ??_C@_0DG@EECBHNEJ@?$CK?5Driver?5did?5not?5get?564?5bit?5FIB?5@FNODOBFM@ 0041e3b6     arcinit.obj
 0001:0001d3ec       ??_C@_0CB@MHHOKKDH@?$CK?5Smart?5Array?5Based?5FW?5detected?6@FNODOBFM@ 0041e3ec     arcinit.obj
 0001:0001d40e       ??_C@_0CG@INGLDPEA@?$CK?5This?5is?5NOT?5a?5Smart?5Array?5Base@FNODOBFM@ 0041e40e     arcinit.obj
 0001:0001d434       ??_C@_0DL@HHJHAPNC@?$CK?5StorPortGetDeviceBase?5failed?0?5@FNODOBFM@ 0041e434     arcinit.obj
 0001:0001d470       ??_C@_0FM@FAGAFMJI@?$CK?5StorPortGetDeviceBaseB1?5failed@FNODOBFM@ 0041e470     arcinit.obj
 0001:0001d4cc       ??_C@_0FM@DFFNMELK@?$CK?5StorPortGetDeviceBaseB0?5failed@FNODOBFM@ 0041e4cc     arcinit.obj
 0001:0001d528       ??_C@_0DH@GMHBCEJM@?$CK?5GET_MINIARC_PROPERTIES?5fails?0?5@FNODOBFM@ 0041e528     arcinit.obj
 0001:0001d560       ??_C@_0CE@JIIGOPEA@?$CK?5This?5is?5a?5BEDROC?5inplementatio@FNODOBFM@ 0041e560     arcinit.obj
 0001:0001d584       ??_C@_0CF@HKNELPOC@leaving?5MapDeviceBase?5?9?5rtnval?5?$DN@FNODOBFM@ 0041e584     arcinit.obj
 0001:0001d5aa       ??_C@_0BG@LOIMFNHP@entering?5MatchPciIds?6?$AA@FNODOBFM@ 0041e5aa     arcinit.obj
 0001:0001d5c0       ??_C@_08HNOCAICB@Adaptec?5?$AA@FNODOBFM@ 0041e5c0     arcinit.obj
 0001:0001d5ca       ??_C@_0FA@LPOMHBHK@?$CK?5leaving?5MatchPciIds?0?5rtnval?5?$DN?5@FNODOBFM@ 0041e5ca     arcinit.obj
 0001:0001d61a       ??_C@_0FA@BIGBANAO@?$CK?5leaving?5MatchPciIds?0?5rtnval?5?$DN?5@FNODOBFM@ 0041e61a     arcinit.obj
 0001:0001d66a       ??_C@_0CC@GEDCIDMJ@leaving?5MatchPciIds?0?5rtnval?5?$DN?5?$CFx@FNODOBFM@ 0041e66a     arcinit.obj
 0001:0001d68c       ??_C@_0DG@MJCHKBMN@?$CK?5Calling?5CompleteBufferedReques@FNODOBFM@ 0041e68c     arcinit.obj
 0001:0001d6c2       ??_C@_0HF@LDMKNKBL@?$CK?5Calling?5DequeueRawIoReadWriteR@FNODOBFM@ 0041e6c2     arcinit.obj
 0001:0001d738       ??_C@_0DO@HDLNLCMA@?$CK?5Calling?5CompleteAllSortingQueu@FNODOBFM@ 0041e738     arcinit.obj
 0001:0001d776       ??_C@_0CG@EHFONFB@ReturningLocalOutstandingRequest@FNODOBFM@ 0041e776     arcinit.obj
 0001:0001d79c       ??_C@_0CL@CGNJGHDF@?$CK?5?$CFd?5outstanding?5IO?5left?5after?5c@FNODOBFM@ 0041e79c     arcinit.obj
 0001:0001d7c8       ??_C@_0CF@IKJOOFLA@?$CK?5ResetAdapter?3?5Entering?5Routine@FNODOBFM@ 0041e7c8     arcinit.obj
 0001:0001d7ee       ??_C@_0FI@OABPGHMC@?$CK?5ResetAdapter?3?5FW?5is?5processing@FNODOBFM@ 0041e7ee     arcinit.obj
 0001:0001d846       ??_C@_0DK@DMNFFNOF@?$CK?5ResetAdapter?3?5OS?5calls?5ResetAd@FNODOBFM@ 0041e846     arcinit.obj
 0001:0001d880       ??_C@_0CE@IFPMEIEL@?$CK?5ResetAdapter?3?5BlinLed?5Code?3?50x@FNODOBFM@ 0041e880     arcinit.obj
 0001:0001d8a4       ??_C@_1CE@ENBAPEOO@?$AAB?$AAl?$AAi?$AAn?$AAk?$AAL?$AAE?$AAD?$AA?5?$AAd?$AAe?$AAt?$AAe?$AAc?$AAt?$AAe?$AAd?$AA?$AA@FNODOBFM@ 0041e8a4     arcinit.obj
 0001:0001d8c8       ??_C@_0CL@MJAGNJPB@?$CK?5ResetAdapter?3?5IOP?5RESET?5due?5to@FNODOBFM@ 0041e8c8     arcinit.obj
 0001:0001d8f4       ??_C@_0DG@CLNGJPOA@?$CK?5ResetAdapter?3?5SendSynchFib?5fai@FNODOBFM@ 0041e8f4     arcinit.obj
 0001:0001d92a       ??_C@_0FF@JLPFKNGK@?$CK?5ResetAdapter?3?5There?5is?5a?5pendi@FNODOBFM@ 0041e92a     arcinit.obj
 0001:0001d980       ??_C@_0EC@MMLNJELN@?$CK?5ResetAdapter?3?5set?5TriggerIOPRe@FNODOBFM@ 0041e980     arcinit.obj
 0001:0001d9c2       ??_C@_0EH@BGKKNIMJ@?$CK?5ResetAdapter?3?5synch?5command?5Re@FNODOBFM@ 0041e9c2     arcinit.obj
 0001:0001da0a       ??_C@_0EE@KPCKIKGP@?$CK?5ResetAdapter?3?5AdapterIsAlive?5r@FNODOBFM@ 0041ea0a     arcinit.obj
 0001:0001da4e       ??_C@_0DN@OJOIDCGM@?$CK?5ResetAdapter?3?5leaving?5Routine?5@FNODOBFM@ 0041ea4e     arcinit.obj
 0001:0001da8c       ??_C@_0DN@MKLLHNDH@?$CK?5ResetAdapter?3?5IOP?5RESET?5due?5to@FNODOBFM@ 0041ea8c     arcinit.obj
 0001:0001daca       ??_C@_0DA@IHJFMKGH@?$CK?5ResetAdapter?3?5IOP?5RESET?5due?5to@FNODOBFM@ 0041eaca     arcinit.obj
 0001:0001dafa       ??_C@_0FK@LPHHHNGK@?$CK?5ResetAdapter?3?5device?5on?5path?54@FNODOBFM@ 0041eafa     arcinit.obj
 0001:0001db54       ??_C@_0EG@FKMCGCCN@?$CK?5ResetAdapter?3?5IOP?5RESET?5due?5to@FNODOBFM@ 0041eb54     arcinit.obj
 0001:0001db9a       ??_C@_0DE@IDNFNJBF@?$CK?5ResetAdapter?3?5NO?5lun?5reset?5cou@FNODOBFM@ 0041eb9a     arcinit.obj
 0001:0001dbce       ??_C@_0DM@KJNOMFJC@?$CK?5ResetAdapter?3?5leaving?5Routine?0@FNODOBFM@ 0041ebce     arcinit.obj
 0001:0001dc0a       ??_C@_0EK@OOPLAGOO@?$CK?5ResetAdapter?3?5set?5timer?5to?5che@FNODOBFM@ 0041ec0a     arcinit.obj
 0001:0001dc54       ??_C@_0DM@LMPLKKMJ@?$CK?5ResetAdapter?3?5leaving?5Routine?5@FNODOBFM@ 0041ec54     arcinit.obj
 0001:0001dc90       ??_C@_0EJ@DNGMPOBO@?$CK?5ResetAdapter?3?5HWSoftReset?5leav@FNODOBFM@ 0041ec90     arcinit.obj
 0001:0001dcda       ??_C@_0BH@KIKHJKLE@?$DMHW?$DOTD?$AI?$AA?$AA?$AA?$AA?$AA?$AA?$AA?$AA?$AADW?$AA?$AAZZ?$AA@FNODOBFM@ 0041ecda     arcinit.obj
 0001:0001dcf2       ??_C@_0BP@BFNIMKLC@?$CK?5SetFwTime?3?5Time?5sent?5failed?6?$AA@FNODOBFM@ 0041ecf2     arcinit.obj
 0001:0001dd12       ??_C@_0BL@IIHDOJJO@?$CK?5Time?3?5?$CFd?4?$CFd?4?$CFd?5?$CFd?3?$CFd?3?$CFd?6?$AA@FNODOBFM@ 0041ed12     arcinit.obj
 0001:0001dd2e       ??_C@_0BG@NCOEMLFM@?$CK?5Driver?5version?5?$CFs?5?6?$AA@FNODOBFM@ 0041ed2e     arcinit.obj
 0001:0001dd44       ??_C@_0CF@KGAABJAP@?$CK?5SetFwTime?3?5Time?5sent?5successfu@FNODOBFM@ 0041ed44     arcinit.obj
 0001:0001dd6a       ??_C@_0DN@BMDNNOBN@?$CK?5GetThorHbaPhyDevInfo?3?5synch?5FI@FNODOBFM@ 0041ed6a     arcinit.obj
 0001:0001dda8       ??_C@_0FG@PNEDCHMO@?$CK?5one?5dual?5port?5entry?5?$CIB?1T?1nexus@FNODOBFM@ 0041eda8     arcinit.obj
 0001:0001ddfe       ??_C@_0EM@BKPAJHPD@?$CK?5One?5entry?5?$CIB?1T?1nexus?3?5?$CFd?1?$CFd?10x@FNODOBFM@ 0041edfe     arcinit.obj
 0001:0001de4a       ??_C@_0BI@NKGGGHHE@?$CK?5?$CFd?5HBA?5devices?5found?6?$AA@FNODOBFM@ 0041ee4a     arcinit.obj
 0001:0001de62       ??_C@_0DD@PLCLGMJE@?$CK?5All?5HBA?5devices?8?5average?5Queue@FNODOBFM@ 0041ee62     arcinit.obj
 0001:0001de96       ??_C@_0BF@GFOGGOIF@GetThorHbaPhyDevInfo?$AA@FNODOBFM@ 0041ee96     arcinit.obj
 0001:0001deac       ??_C@_0CL@OHPEFDNF@?$CK?5There?5is?5a?5synch?5SRB?5pending?0?5@FNODOBFM@ 0041eeac     arcinit.obj
 0001:0001ded8       ??_C@_0DJ@HDKNIPML@?$CK?5Not?5a?5Thor?5product?5OR?5virtual?5@FNODOBFM@ 0041eed8     arcinit.obj
 0001:0001df12       ??_C@_1FE@PCKFJNFD@?$AAR?$AAe?$AAs?$AAe?$AAt?$AA?5?$AAf?$AAr?$AAo?$AAm?$AA?5?$AAO?$AAS?$AA?3?$AAp?$AAa?$AAt?$AAh?$AA?5?$AA?$CD?$AA?5?$AA?5?$AA?0?$AAo?$AAu?$AAt?$AAs?$AAt?$AAa?$AAn?$AAd?$AAi@FNODOBFM@ 0041ef12     arcinit.obj
 0001:0001df66       ??_C@_1FC@CLHIPIHG@?$AAG?$AAo?$AAt?$AA?5?$AAL?$AAU?$AAN?$AA?5?$AAR?$AAE?$AAS?$AAE?$AAT?$AA?5?$AAf?$AAo?$AAr?$AA?5?$AAp?$AAa?$AAt?$AAh?$AA?5?$AA?$CD?$AA?5?$AA?5?$AA?0?$AA?5?$AAt?$AAa?$AAr?$AAg@FNODOBFM@ 0041ef66     arcinit.obj
 0001:0001dfb8       ??_C@_1FI@HJHKOPPE@?$AAG?$AAo?$AAt?$AA?5?$AAT?$AAa?$AAr?$AAg?$AAe?$AAt?$AA?5?$AAR?$AAE?$AAS?$AAE?$AAT?$AA?5?$AAf?$AAo?$AAr?$AA?5?$AAp?$AAa?$AAt?$AAh?$AA?5?$AA?$CD?$AA?5?$AA?5?$AA?0?$AA?5?$AAt@FNODOBFM@ 0041efb8     arcinit.obj
 0001:0001e010       ??_C@_1EC@DEFLMBHE@?$AAI?$AAO?$AAP?$AA?5?$AAR?$AAE?$AAS?$AAE?$AAT?$AA?5?$AAb?$AAe?$AAc?$AAa?$AAu?$AAs?$AAe?$AA?5?$AAo?$AAf?$AA?5?$AAF?$AAW?$AA?5?$AAB?$AAl?$AAi?$AAn?$AAk?$AAL?$AAE?$AAD@FNODOBFM@ 0041f010     arcinit.obj
 0001:0001e052       ??_C@_1FA@GLBMBCFD@?$AAR?$AAe?$AAq?$AAu?$AAe?$AAs?$AAt?$AAA?$AAd?$AAa?$AAp?$AAt?$AAe?$AAr?$AAI?$AAn?$AAf?$AAo?$AA?5?$AAp?$AAe?$AAn?$AAd?$AAi?$AAn?$AAg?$AA?5?$AA?5?$AA?5?$AA?5?$AA?5?$AA?5@FNODOBFM@ 0041f052     arcinit.obj
 0001:0001e0a2       ??_C@_1EK@DPFNMDNI@?$AAI?$AAO?$AAP?$AAR?$AAE?$AAS?$AAE?$AAT?$AA?3?$AA?5?$AAR?$AAe?$AAq?$AAu?$AAe?$AAs?$AAt?$AAA?$AAd?$AAa?$AAp?$AAt?$AAe?$AAr?$AAI?$AAn?$AAf?$AAo?$AA?5?$AAt?$AAi?$AAm@FNODOBFM@ 0041f0a2     arcinit.obj
 0001:0001e0ec       ??_C@_1EC@JONMGECF@?$AAR?$AAA?$AA?3?$AA?5?$AAA?$AAd?$AAa?$AAp?$AAt?$AAe?$AAr?$AAI?$AAs?$AAA?$AAl?$AAi?$AAv?$AAe?$AA?5?$AAr?$AAe?$AAt?$AAu?$AAr?$AAn?$AAs?$AA?5?$AAf?$AAa?$AAl?$AAs?$AAe@FNODOBFM@ 0041f0ec     arcinit.obj
 0001:0001e12e       ??_C@_1EA@KMCOFCE@?$AAI?$AAO?$AAP?$AA?5?$AAR?$AAE?$AAS?$AAE?$AAT?$AA?5?$AAf?$AAo?$AAr?$AA?5?$AAS?$AAm?$AAa?$AAr?$AAt?$AAH?$AAB?$AAA?$AA?5?$AAp?$AAa?$AAt?$AAh?$AA?5?$AA?$CD?$AA?5?$AA?5?$AA?$AA@FNODOBFM@ 0041f12e     arcinit.obj
 0001:0001e16e       ??_C@_1EK@EBJJOFBF@?$AAR?$AAE?$AAS?$AAE?$AAT?$AA?$CI?$AAc?$AAn?$AAt?$AA?$DO?$AA?$DN?$AA5?$AA?$CJ?$AA?3?$AA?5?$AAp?$AAa?$AAt?$AAh?$AA?5?$AA?$CD?$AA?5?$AA?5?$AA?0?$AA?5?$AAt?$AAa?$AAr?$AAg?$AAe?$AAt?$AA?5@FNODOBFM@ 0041f16e     arcinit.obj
 0001:0001e1b8       ??_C@_1DA@EFMGPIMG@?$AAS?$AAO?$AAF?$AAT?$AA?5?$AAR?$AAE?$AAS?$AAE?$AAT?$AA?5?$AAI?$AAs?$AAs?$AAu?$AAe?$AAd?$AA?5?$AAt?$AAo?$AA?5?$AAF?$AAW?$AA?$AA@FNODOBFM@ 0041f1b8     arcinit.obj
 0001:0001e1e8       ??_C@_1CO@GBDEAPLE@?$AAI?$AAO?$AAP?$AA?5?$AAR?$AAE?$AAS?$AAE?$AAT?$AA?5?$AAI?$AAs?$AAs?$AAu?$AAe?$AAd?$AA?5?$AAt?$AAo?$AA?5?$AAF?$AAW?$AA?$AA@FNODOBFM@ 0041f1e8     arcinit.obj
 0001:0001e216       ??_C@_1EI@KMCCOKBI@?$AAF?$AAW?$AA?5?$AAK?$AAE?$AAR?$AAN?$AAE?$AAL?$AA?5?$AAP?$AAA?$AAN?$AAI?$AAC?$AA?5?$AAD?$AAe?$AAt?$AAe?$AAc?$AAt?$AAe?$AAd?$AA?0?$AA?5?$AAB?$AAL?$AAE?$AAD?$AA?5?$AA?$CD@FNODOBFM@ 0041f216     arcinit.obj
 0001:0001e25e       ??_C@_1GC@LLIAMOBH@?$AAD?$AAr?$AAi?$AAv?$AAe?$AAr?$AA?5?$AAI?$AAn?$AAi?$AAt?$AA?3?$AAF?$AAW?$AA?5?$AAN?$AAo?$AAt?$AA?5?$AAU?$AAp?$AA?5?$AA?$CG?$AA?5?$AAR?$AAu?$AAn?$AAn?$AAi?$AAn?$AAg?$AA?0@FNODOBFM@ 0041f25e     arcinit.obj
 0001:0001e2c0       ??_C@_1GA@EMDMIJOE@?$AAD?$AAr?$AAi?$AAv?$AAe?$AAr?$AA?5?$AAI?$AAn?$AAi?$AAt?$AA?3?$AA?5?$AAC?$AAT?$AA_?$AAC?$AAO?$AAN?$AAF?$AAI?$AAG?$AA_?$AAS?$AAT?$AAA?$AAT?$AAU?$AAS?$AA_?$AAR?$AAE@FNODOBFM@ 0041f2c0     arcinit.obj
 0001:0001e320       ??_C@_1FM@HDDFDKHH@?$AAD?$AAr?$AAi?$AAv?$AAe?$AAr?$AA?5?$AAI?$AAn?$AAi?$AAt?$AA?3?$AA?5?$AAC?$AAT?$AA_?$AAG?$AAE?$AAT?$AA_?$AAC?$AAO?$AAN?$AAF?$AAI?$AAG?$AA_?$AAS?$AAT?$AAA?$AAT?$AAU@FNODOBFM@ 0041f320     arcinit.obj
 0001:0001e37c       ??_C@_1FC@DDFGNEIP@?$AAD?$AAr?$AAi?$AAv?$AAe?$AAr?$AA?5?$AAI?$AAn?$AAi?$AAt?$AA?3?$AA?5?$AAC?$AAT?$AA_?$AAC?$AAO?$AAM?$AAM?$AAI?$AAT?$AA_?$AAC?$AAO?$AAN?$AAF?$AAI?$AAG?$AA?$CI?$AA?5?$AA?5@FNODOBFM@ 0041f37c     arcinit.obj
 0001:0001e3ce       ??_C@_1GK@NIBLIOAN@?$AAD?$AAr?$AAi?$AAv?$AAe?$AAr?$AA?5?$AAI?$AAn?$AAi?$AAt?$AA?3?$AA?5?$AAA?$AAD?$AAA?$AAP?$AAT?$AAE?$AAR?$AA_?$AAI?$AAN?$AAI?$AAT?$AA_?$AAS?$AAT?$AAR?$AAU?$AAC?$AAT@FNODOBFM@ 0041f3ce     arcinit.obj
 0001:0001e438       ??_C@_1FG@JJEGPKHN@?$AAD?$AAr?$AAi?$AAv?$AAe?$AAr?$AA?5?$AAI?$AAn?$AAi?$AAt?$AA?3?$AA?5?$AAV?$AAM?$AA_?$AAC?$AAo?$AAn?$AAt?$AAa?$AAi?$AAn?$AAe?$AAr?$AAC?$AAo?$AAn?$AAf?$AAi?$AAg?$AA?$CI@FNODOBFM@ 0041f438     arcinit.obj
 0001:0001e48e       ??_C@_1EM@EFNIIMIL@?$AAD?$AAr?$AAi?$AAv?$AAe?$AAr?$AA?5?$AAI?$AAn?$AAi?$AAt?$AA?3?$AA?5?$AAT?$AAi?$AAm?$AAe?$AAd?$AAo?$AAu?$AAt?$AA?0?$AA?5?$AAI?$AAn?$AAi?$AAt?$AA?5?$AAS?$AAt?$AAa?$AAg@FNODOBFM@ 0041f48e     arcinit.obj
 0001:0001e4da       ??_C@_0BG@HHGGAPDG@entering?5HWSoftReset?6?$AA@FNODOBFM@ 0041f4da     arcinit.obj
 0001:0001e4f0       ??_C@_0CB@CNHAMPIN@HwSoftReset?3?5Soft?5Reset?5Issued?4?6@FNODOBFM@ 0041f4f0     arcinit.obj
 0001:0001e512       ??_C@_0DJ@CBPNBDFH@?$CK?5Set?5pInitStruct?9?$DONoOfMsiVector@FNODOBFM@ 0041f512     arcinit.obj
 0001:0001e54c       ??_C@_0BG@FGBHCKJG@CompleteQueuedRequest?$AA@FNODOBFM@ 0041f54c     cmddelivery.obj
 0001:0001e562       ??_C@_0DM@OFFCECMD@IN?5?$CFs?0?5WE?5ARE?5SEEING?5AIF?5FIB?4?5DO@FNODOBFM@ 0041f562     cmddelivery.obj
 0001:0001e59e       ??_C@_0L@ENAJINDB@Management?$AA@FNODOBFM@ 0041f59e     cmddelivery.obj
 0001:0001e5aa       ??_C@_0BB@JIADCMFJ@Array?5?5?5?5?5?5?5?5?5?5?5?$AA@FNODOBFM@ 0041f5aa     cmddelivery.obj
 0001:0001e5bc       ??_C@_08BFDLJAAH@ADAPTEC?5?$AA@FNODOBFM@ 0041f5bc     cmddelivery.obj
 0001:0001e5c6       ??_C@_0BB@HJODFKJH@ARRAY?5?5?5?5?5?5?5?5?5?5?5?$AA@FNODOBFM@ 0041f5c6     cmddelivery.obj
 0001:0001e5d8       ??_C@_0CB@IIENMBOI@?$CK?5Got?5an?5AIF?5in?5crash?5dump?5mode?6@FNODOBFM@ 0041f5d8     cmddelivery.obj
 0001:0001e5fa       ??_C@_0DO@NPBDNHBG@?$CK?5Should?5not?5be?5here?0?5we?5should?5@FNODOBFM@ 0041f5fa     cmddelivery.obj
 0001:0001e638       ??_C@_0CO@PDPAIINM@?$CK?5PollSmartHBAFIBCompletion?3?5wai@FNODOBFM@ 0041f638     cmddelivery.obj
 0001:0001e666       ??_C@_0FM@ENJACBOF@?$CK?5SCSIOP_SYNCHRONIZE_CACHE?$CICDM?$CJ?3@FNODOBFM@ 0041f666     cmddelivery.obj
 0001:0001e6c2       ??_C@_0GA@MEOEEOJH@?$CK?5SCSIOP_SYNCHRONIZE_CACHE?$CICDM?$CJ?3@FNODOBFM@ 0041f6c2     cmddelivery.obj
 0001:0001e722       ??_C@_0HI@CALKOMHC@?$CK?5SendSynchFib?3?5There?5is?5a?5pendi@FNODOBFM@ 0041f722     cmddelivery.obj
 0001:0001e79a       ??_C@_0FM@IHOMFPBM@?$CK?5In?5StartIo?0?5FW?5is?5still?5NOT?5ba@FNODOBFM@ 0041f79a     cmddelivery.obj
 0001:0001e7f6       ??_C@_0CN@EPOHBMBH@?$CK?5path?5?$CFd?5target?5?$CFd?5reset?5counte@FNODOBFM@ 0041f7f6     cmddelivery.obj
 0001:0001e824       ??_C@_0CB@KIAHGGON@?5RESET?5is?5for?5Smart?5HBA?5device?5?6@FNODOBFM@ 0041f824     cmddelivery.obj
 0001:0001e846       ??_C@_0BP@PAHACOBL@?$CK?5Got?5path?5?$CFd?5target?5?$CFd?5reset?6?$AA@FNODOBFM@ 0041f846     cmddelivery.obj
 0001:0001e866       ??_C@_0CC@BGHDODBG@?$CK?5SRB_FUNCTION_POWER?3?5action?3?5?$CFd@FNODOBFM@ 0041f866     cmddelivery.obj
 0001:0001e888       ??_C@_0BP@DFKLHFDI@?$CK?5SRB_FUNCTION_POWER?3?5sleep?51?6?$AA@FNODOBFM@ 0041f888     cmddelivery.obj
 0001:0001e8a8       ??_C@_0DL@PCKMOFFE@?$CK?5SRB_FUNCTION_POWER?3?5coming?5bac@FNODOBFM@ 0041f8a8     cmddelivery.obj
 0001:0001e8e4       ??_C@_0CG@NCNALCOB@?$CK?5SRB_FUNCTION_POWER?3?5going?5to?5S@FNODOBFM@ 0041f8e4     cmddelivery.obj
 0001:0001e90a       ??_C@_0CA@IBGDOHDE@?$CK?5SRB_FUNCTION_POWER?3?5shutdown?6?$AA@FNODOBFM@ 0041f90a     cmddelivery.obj
 0001:0001e92a       ??_C@_0CD@NOANDIPK@?$CK?5SRB_FUNCTION_POWER?3?5shutdownOf@FNODOBFM@ 0041f92a     cmddelivery.obj
 0001:0001e94e       ??_C@_0BO@KPPCGIPP@?$CK?5SRB_FUNCTION_POWER?3?5reboot?6?$AA@FNODOBFM@ 0041f94e     cmddelivery.obj
 0001:0001e96c       ??_C@_0BJ@NDPKABON@entering?5AdapterControl?6?$AA@FNODOBFM@ 0041f96c     cmdproc.obj
 0001:0001e986       ??_C@_0CF@FDIANAIH@?$CK?5?9?5AdapterControl?3?5ScsiStopAdap@FNODOBFM@ 0041f986     cmdproc.obj
 0001:0001e9ac       ??_C@_0FJ@DLLPOCIO@?$CK?5?9?5AdapterControl?3?5ScsiStopAdap@FNODOBFM@ 0041f9ac     cmdproc.obj
 0001:0001ea06       ??_C@_0DK@JIECJOFO@?$CK?5Set?5pInitStruct?9?$DONoOfMsiVector@FNODOBFM@ 0041fa06     cmdproc.obj
 0001:0001ea40       ??_C@_0HA@BIJAMPMG@?$CK?5?9?5AdapterControl?3?5ScsiSetBootC@FNODOBFM@ 0041fa40     cmdproc.obj
 0001:0001eab0       ??_C@_0DL@CMAPNHGC@?$CK?5?9?5AdapterControl?3?5ScsiSetBootC@FNODOBFM@ 0041fab0     cmdproc.obj
 0001:0001eaec       ??_C@_0DI@IPKKLNPP@?$CK?5?9?5AdapterControl?3?5ScsiSetBootC@FNODOBFM@ 0041faec     cmdproc.obj
 0001:0001eb24       ??_C@_0HE@CIFLMEO@?$CK?5?9?5AdapterControl?3?5ScsiSetRunni@FNODOBFM@ 0041fb24     cmdproc.obj
 0001:0001eb98       ??_C@_0CI@NDPGKLNN@?$CK?5?9?5AdapterControl?3?5ScsiRestartA@FNODOBFM@ 0041fb98     cmdproc.obj
 0001:0001ebc0       ??_C@_0CM@CNGCOMHH@?$CK?5Before?5checking?5Adapter?5Health@FNODOBFM@ 0041fbc0     cmdproc.obj
 0001:0001ebec       ??_C@_0BF@GMFKAGLA@?$CK?$CK?5BlinLed?5Code?3?5?$CFx?6?$AA@FNODOBFM@ 0041fbec     cmdproc.obj
 0001:0001ec02       ??_C@_0DM@EBNPFHJD@?$CK?5set?5timer?5to?5check?5the?5FW?5stat@FNODOBFM@ 0041fc02     cmdproc.obj
 0001:0001ec3e       ??_C@_0CM@LGOLDMAP@?$CK?5leaving?5AdapterControl?5Routine@FNODOBFM@ 0041fc3e     cmdproc.obj
 0001:0001ec6a       ??_C@_0EF@MIBINBLP@?$CK?5Hw?5Soft?5Reset?5Set?5Timer?0?5leavi@FNODOBFM@ 0041fc6a     cmdproc.obj
 0001:0001ecb0       ??_C@_0CG@MHIDKAIN@?$CK?5HW?5Soft?5Reset?0?5Set?5Timer?0?5line@FNODOBFM@ 0041fcb0     cmdproc.obj
 0001:0001ecd6       ??_C@_0IF@DDPMHFDG@?$CK?5SMNormalModeInitAdapter?5failed@FNODOBFM@ 0041fcd6     cmdproc.obj
 0001:0001ed5c       ??_C@_0IE@BILJPPDJ@?$CK?5SMNormalModeInitAdapter?5failed@FNODOBFM@ 0041fd5c     cmdproc.obj
 0001:0001ede0       ??_C@_0CO@CEANCDOF@?$CK?5?9?5AdapterControl?3?5Reset?5HostRR@FNODOBFM@ 0041fde0     cmdproc.obj
 0001:0001ee0e       ??_C@_0CN@OHJICFOG@?$CK?5?9?5AdapterControl?3?5ScsiQuery?5wi@FNODOBFM@ 0041fe0e     cmdproc.obj
 0001:0001ee3c       ??_C@_0DA@CMHNEFAA@?$CK?5?9?5AdapterControl?3?5ScsiQuery?5WI@FNODOBFM@ 0041fe3c     cmdproc.obj
 0001:0001ee6c       ??_C@_0DB@DKFDCCOB@?$CK?5Unsupported?5AdapterControl?5cod@FNODOBFM@ 0041fe6c     cmdproc.obj
 0001:0001ee9e       ??_C@_0BI@MBKDPNLO@leaving?5AdapterControl?6?$AA@FNODOBFM@ 0041fe9e     cmdproc.obj
 0001:0001eeb6       ??_C@_0CO@NKBJPPMA@?$CK?5buildio?3?5LBA?5OUT?5OF?5RANGE?0?5sen@FNODOBFM@ 0041feb6     cmdproc.obj
 0001:0001eee4       ??_C@_0FN@LKLFGDKL@?$CK?5buildio?3?5LBA?5OUT?5OF?5RANGE?0?5sen@FNODOBFM@ 0041fee4     cmdproc.obj
 0001:0001ef42       ??_C@_0FA@MOKLGDID@?$CK?5buildio?3?5LBA?5OUT?5OF?5RANGE?0?5sen@FNODOBFM@ 0041ff42     cmdproc.obj
 0001:0001ef92       ??_C@_0GA@IGOANHED@?$CK?5buildio?3?5LBA?5OUT?5OF?5RANGE?0?5sen@FNODOBFM@ 0041ff92     cmdproc.obj
 0001:0001eff2       ??_C@_07MPDDHOMN@CSMIALL?$AA@FNODOBFM@ 0041fff2     ioctl.obj
 0001:0001effa       ??_C@_07OODOBGKD@CSMIARY?$AA@FNODOBFM@ 0041fffa     ioctl.obj
 0001:0001f002       ??_C@_07PAKBHMBE@CSMISAS?$AA@FNODOBFM@ 00420002     ioctl.obj
 0001:0001f00a       ??_C@_07BHCKAAPP@CSMIPHY?$AA@FNODOBFM@ 0042000a     ioctl.obj
 0001:0001f012       ??_C@_0CF@JOCBDLKJ@?$CK?5Allocate?5big?5IOCTL?5buffer?5fail@FNODOBFM@ 00420012     ioctl.obj
 0001:0001f038       ??_C@_0DF@CHPLNPBM@?$CK?5ProcessIoctl?3?5Internal?5Print?5B@FNODOBFM@ 00420038     ioctl.obj
 0001:0001f06e       ??_C@_0CE@NGAHOGLJ@?$CK?5ProcessIoctl?3?5private?5cdb?8s?5he@FNODOBFM@ 0042006e     ioctl.obj
 0001:0001f092       ??_C@_0CH@HPKPAOCF@?$CK?5ProcessIoctl?3?5DBG_IO_TRACE?5fla@FNODOBFM@ 00420092     ioctl.obj
 0001:0001f0ba       ??_C@_0CK@OFFABCEM@?$CK?5ProcessIoctl?3?5DBG_IOCTL_TRACE?5@FNODOBFM@ 004200ba     ioctl.obj
 0001:0001f0e4       ??_C@_0CM@CGIIOCGI@?$CK?5ProcessIoctl?3?5DBG_CLUSTER_TRAC@FNODOBFM@ 004200e4     ioctl.obj
 0001:0001f110       ??_C@_0CI@LPOJHEHM@?$CK?5ProcessIoctl?3?5DBG_ISR_TRACE?5fl@FNODOBFM@ 00420110     ioctl.obj
 0001:0001f138       ??_C@_0DC@NOLFHCLF@?$CK?5ProcessIoctl?3?5DBG_IO_FUNC_ENTR@FNODOBFM@ 00420138     ioctl.obj
 0001:0001f16a       ??_C@_0DE@PFEFFOBG@?$CK?5ProcessIoctl?3?5DBG_INIT_FUNC_EN@FNODOBFM@ 0042016a     ioctl.obj
 0001:0001f19e       ??_C@_0DF@DPLBBPBM@?$CK?5ProcessIoctl?3?5DBG_IOCTL_FUNC_E@FNODOBFM@ 0042019e     ioctl.obj
 0001:0001f1d4       ??_C@_0CL@GAIHEBC@?$CK?5ProcessIoctl?3?5DBG_IO_TRACE?5fla@FNODOBFM@ 004201d4     ioctl.obj
 0001:0001f200       ??_C@_0CO@NGOEBBKH@?$CK?5ProcessIoctl?3?5DBG_IOCTL_TRACE?5@FNODOBFM@ 00420200     ioctl.obj
 0001:0001f22e       ??_C@_0DA@HPMIGAD@?$CK?5ProcessIoctl?3?5DBG_CLUSTER_TRAC@FNODOBFM@ 0042022e     ioctl.obj
 0001:0001f25e       ??_C@_0CM@NECMPDIP@?$CK?5ProcessIoctl?3?5DBG_ISR_TRACE?5fl@FNODOBFM@ 0042025e     ioctl.obj
 0001:0001f28a       ??_C@_0DG@PHFPGNCH@?$CK?5ProcessIoctl?3?5DBG_IO_FUNC_ENTR@FNODOBFM@ 0042028a     ioctl.obj
 0001:0001f2c0       ??_C@_0DI@CBNGHMLF@?$CK?5ProcessIoctl?3?5DBG_INIT_FUNC_EN@FNODOBFM@ 004202c0     ioctl.obj
 0001:0001f2f8       ??_C@_0DJ@DEFCHEDB@?$CK?5ProcessIoctl?3?5DBG_IOCTL_FUNC_E@FNODOBFM@ 004202f8     ioctl.obj
 0001:0001f332       ??_C@_0CC@ELKJFKAD@?$CK?5ProcessIoctl?3?5DebugFlags?3?50x?$CFx@FNODOBFM@ 00420332     ioctl.obj
 0001:0001f354       ??_C@_0DI@PNEPHAGL@?$CK?5Set?5pInitStruct?9?$DONoOfMsiVector@FNODOBFM@ 00420354     ioctl.obj
 0001:0001f38c       ??_C@_0DF@KDDHBOCK@?$CK?5when?5back?5from?5IOP_RESET?0?5we?5w@FNODOBFM@ 0042038c     ioctl.obj
 0001:0001f3c2       ??_C@_0DO@IBFHJCIJ@?$CK?5IOP?5RESET?5is?5done?5in?5ProcessIo@FNODOBFM@ 004203c2     ioctl.obj
 0001:0001f400       ??_C@_0DN@EJCEJBIF@?$CK?5IOP?5RESET?5failed?5in?5ProcessIoc@FNODOBFM@ 00420400     ioctl.obj
 0001:0001f43e       ??_C@_0CF@GENCHGED@?$CK?5ProcessIoctl?3?5coalescing?5disab@FNODOBFM@ 0042043e     ioctl.obj
 0001:0001f464       ??_C@_0CE@KOEFFOB@?$CK?5ProcessIoctl?3?5coalescing?5enabl@FNODOBFM@ 00420464     ioctl.obj
 0001:0001f488       ??_C@_0GG@KLCLOEBM@?$CK?5ProcessIoctl?3?5Get?5a?5request?5fo@FNODOBFM@ 00420488     ioctl.obj
 0001:0001f4ee       ??_C@_0IA@OEPDMML@?$CK?5ProcessIoctl?3?5Get?5a?5request?5fo@FNODOBFM@ 004204ee     ioctl.obj
 0001:0001f56e       ??_C@_0GG@JMGDPGEE@?$CK?5ProcessIoctl?3?5Get?5a?5request?5fo@FNODOBFM@ 0042056e     ioctl.obj
 0001:0001f5d4       ??_C@_0IA@HMGAPIGO@?$CK?5ProcessIoctl?3?5Get?5a?5request?5fo@FNODOBFM@ 004205d4     ioctl.obj
 0001:0001f654       ??_C@_0DH@GFOJOHEG@?$CK?5ProcessIoctl?3?5TTYPE_CHANGE_IO_@FNODOBFM@ 00420654     ioctl.obj
 0001:0001f68c       ??_C@_0CN@FFFLABJM@?$CK?5ProcessIoctl?3?5AIF?5commands?5pri@FNODOBFM@ 0042068c     ioctl.obj
 0001:0001f6ba       ??_C@_0CO@EKDJMEJG@?$CK?5ProcessIoctl?3?5AIF?5commands?5pri@FNODOBFM@ 004206ba     ioctl.obj
 0001:0001f6e8       ??_C@_0CP@DNDOBHJJ@?$CK?5ProcessIoctl?3?5synch?5commands?5p@FNODOBFM@ 004206e8     ioctl.obj
 0001:0001f718       ??_C@_0DA@DKDLFFAP@?$CK?5ProcessIoctl?3?5synch?5commands?5p@FNODOBFM@ 00420718     ioctl.obj
 0001:0001f748       ??_C@_0DD@OCMBIILM@?$CK?5ProcessIoctl?3?5RUN_CODE_IN_SPEC@FNODOBFM@ 00420748     ioctl.obj
 0001:0001f77c       ??_C@_0FD@PBJMMHDI@?$CK?5ProcessIoctl?3?5RUN_CODE_IN_SPEC@FNODOBFM@ 0042077c     ioctl.obj
 0001:0001f7d0       ??_C@_0EG@IJGFKELB@?$CK?5ProcessIoctl?3?5bus?$DN?$CFd?0?5target?$DN?$CF@FNODOBFM@ 004207d0     ioctl.obj
 0001:0001f816       ??_C@_0GB@LAAKBHJK@?$CK?5ProcessIoctl?3?5wrong?5parameters@FNODOBFM@ 00420816     ioctl.obj
 0001:0001f878       ??_C@_0DA@LCPJHFEI@?$CK?5ProcessIoctl?3?5Max?5Data?5Transfe@FNODOBFM@ 00420878     ioctl.obj
 0001:0001f8a8       ??_C@_0CE@DJCKDJAF@?$CK?5ProcessIoctl?3?5Max?5SG?5items?3?50x@FNODOBFM@ 004208a8     ioctl.obj
 0001:0001f8cc       ??_C@_0BF@JHMLOOKE@?$CK?5outstanding?5IO?3?$CFd?6?$AA@FNODOBFM@ 004208cc     ioctl.obj
 0001:0001f8e2       ??_C@_0BO@MJJJDCNP@?$CK?5Coalescing?5Q?4?5CalledCnt?3?$CFd?6?$AA@FNODOBFM@ 004208e2     ioctl.obj
 0001:0001f900       ??_C@_0CJ@GBKALEBA@?$CK?5Coalescing?5Q?4?5Beyond8kTransfer@FNODOBFM@ 00420900     ioctl.obj
 0001:0001f92a       ??_C@_0CJ@OEJKDMEF@?$CK?5Coalescing?5Q?4?5AcrossStripeBoun@FNODOBFM@ 0042092a     ioctl.obj
 0001:0001f954       ??_C@_0CD@JOOBICJM@?$CK?5Coalescing?5Q?4?5RwCmdTypeMixed?3?$CF@FNODOBFM@ 00420954     ioctl.obj
 0001:0001f978       ??_C@_0CD@HLIMFKCF@?$CK?5Coalescing?5Q?4?5SGcntOverLimit?3?$CF@FNODOBFM@ 00420978     ioctl.obj
 0001:0001f99c       ??_C@_0CF@HPODEDGN@?$CK?5Coalescing?5Q?4?5CmdSizeOverLimit@FNODOBFM@ 0042099c     ioctl.obj
 0001:0001f9c2       ??_C@_0CF@HCLMLLN@?$CK?5Coalescing?5Q?4?5DequeueCalledCnt@FNODOBFM@ 004209c2     ioctl.obj
 0001:0001f9e8       ??_C@_0CL@HMCMDMGE@?$CK?5Coalescing?5Q?4?5CallSendFibDirec@FNODOBFM@ 004209e8     ioctl.obj
 0001:0001fa14       ??_C@_0BL@BDGJNAIM@?$CK?5Sorting?5Q?4?5CalledCnt?3?$CFd?6?$AA@FNODOBFM@ 00420a14     ioctl.obj
 0001:0001fa30       ??_C@_0BO@FHMIKIJB@?$CK?5Sorting?5Q?4?5OverlapCase1?3?$CFd?6?$AA@FNODOBFM@ 00420a30     ioctl.obj
 0001:0001fa4e       ??_C@_0BO@NBFMNKDP@?$CK?5Sorting?5Q?4?5OverlapCase2?3?$CFd?6?$AA@FNODOBFM@ 00420a4e     ioctl.obj
 0001:0001fa6c       ??_C@_0CK@EPAOGNLF@?$CK?5ProcessIoctl?3?5BUILDIO?5LOOPBACK@FNODOBFM@ 00420a6c     ioctl.obj
 0001:0001fa96       ??_C@_0CK@DADBMBLL@?$CK?5ProcessIoctl?3?5STARTIO?5LOOPBACK@FNODOBFM@ 00420a96     ioctl.obj
 0001:0001fac0       ??_C@_0CK@BMBGJMJA@?$CK?5ProcessIoctl?3?5PUSHFIB?5LOOPBACK@FNODOBFM@ 00420ac0     ioctl.obj
 0001:0001faea       ??_C@_0CL@DANMEPHG@?$CK?5ProcessIoctl?3?5BUILDIO?5LOOPBACK@FNODOBFM@ 00420aea     ioctl.obj
 0001:0001fb16       ??_C@_0CL@NHBLFNNN@?$CK?5ProcessIoctl?3?5STARTIO?5LOOPBACK@FNODOBFM@ 00420b16     ioctl.obj
 0001:0001fb42       ??_C@_0CL@HLILIDMA@?$CK?5ProcessIoctl?3?5PUSHFIB?5LOOPBACK@FNODOBFM@ 00420b42     ioctl.obj
 0001:0001fb6e       ??_C@_0DB@MDNCKDFE@?$CK?5ProcessIoctl?3?5Simulate?5SCSI?5sm@FNODOBFM@ 00420b6e     ioctl.obj
 0001:0001fba0       ??_C@_0EC@KMBGJBEG@?$CK?5ProcessIoctl?3?5Simulate?5FW?5Targ@FNODOBFM@ 00420ba0     ioctl.obj
 0001:0001fbe2       ??_C@_0BI@COAKNOP@?$CK?5?9?5IOCTL?5MESSAGE?3?5?$CFs?5?6?$AA@FNODOBFM@ 00420be2     ioctl.obj
 0001:0001fbfa       ??_C@_0BP@PHOOCPMJ@?$CK?5?9?5IOCTL?3?5FSAMPCTL_RESET_IOP?6?$AA@FNODOBFM@ 00420bfa     ioctl.obj
 0001:0001fc1a       ??_C@_0CE@ONNDCLIE@FSAMPCTL_RESET_IOP?5?3?5ResetFlag?5?$CF@FNODOBFM@ 00420c1a     ioctl.obj
 0001:0001fc3e       ??_C@_0CN@OOAKPBJA@FSAMPCTL_RESET_IOP?3?5IOP?5Reset?5On@FNODOBFM@ 00420c3e     ioctl.obj
 0001:0001fc6c       ??_C@_0CP@PMFIDFBA@?$CK?5IOP?5RESET?5is?5done?5in?5ProcessIo@FNODOBFM@ 00420c6c     ioctl.obj
 0001:0001fc9c       ??_C@_0EB@EJNKCDGF@?$CK?5IOP?5RESET?5failed?5in?5ProcessIoc@FNODOBFM@ 00420c9c     ioctl.obj
 0001:0001fcde       ??_C@_0DB@GLCCJBC@FSAMPCTL_RESET_IOP?3?5HW?5Soft?5Rese@FNODOBFM@ 00420cde     ioctl.obj
 0001:0001fd10       ??_C@_0DI@EHOOKHPF@?$CK?5when?5back?5from?5HWSOFT_RESET?0?5w@FNODOBFM@ 00420d10     ioctl.obj
 0001:0001fd48       ??_C@_0DN@BHCOMBAH@?$CK?5set?5timer?5to?5check?5the?5FW?5stat@FNODOBFM@ 00420d48     ioctl.obj
 0001:0001fd86       ??_C@_0DD@GMMMAFI@?$CK?5HW?5SOFT?5RESET?5is?5done?5in?5Proce@FNODOBFM@ 00420d86     ioctl.obj
 0001:0001fdba       ??_C@_0EF@IPKPNMPC@?$CK?5HW?5SOFT?5RESET?5failed?5in?5Proces@FNODOBFM@ 00420dba     ioctl.obj
 0001:0001fe00       ??_C@_0EN@MGMHDFPF@FSAMPCTL_RESET_IOP?3?5IOP?5Reset?5Fo@FNODOBFM@ 00420e00     ioctl.obj
 0001:0001fe4e       ??_C@_0DC@MOKOJMEO@?$CK?5HW?5IOP?5RESET?5is?5done?5in?5Proces@FNODOBFM@ 00420e4e     ioctl.obj
 0001:0001fe80       ??_C@_0DO@IOLDEEBK@ProcessIoctl?5FSAMPCTL_RESET_IOP?0@FNODOBFM@ 00420e80     ioctl.obj
 0001:0001febe       ??_C@_0L@BGLGDCOP@archba?4sys?$AA@FNODOBFM@ 00420ebe     ioctl.obj
 0001:0001feca       ??_C@_0CA@HJMENHI@Adaptec?5SAS?5HBA?5Storport?5Driver?$AA@FNODOBFM@ 00420eca     ioctl.obj
 0001:0001feea       ??_C@_0DJ@MIENLJJJ@OMR?5value?5in?5Check?5Adapter?5Healt@FNODOBFM@ 00420eea     comm.obj
 0001:0001ff24       ??_C@_0EJ@PCHGGBBF@?$CK?5ProcessAif?3?5request?5timer?5for?5@FNODOBFM@ 00420f24     comm.obj
 0001:0001ff6e       ??_C@_0BL@NHJOLJMJ@AIF?5EVENT?5?$CIThor?$CJ?3?5HotPlug?6?$AA@FNODOBFM@ 00420f6e     comm.obj
 0001:0001ff8a       ??_C@_0CD@EMEGIPDM@AIF?5EVENT?5?$CIThor?$CJ?3?5Hardware?5chang@FNODOBFM@ 00420f8a     comm.obj
 0001:0001ffae       ??_C@_0DC@LGHJMKLE@AIF?5EVENT?5?$CIThor?$CJ?3?5Physical?5Devic@FNODOBFM@ 00420fae     comm.obj
 0001:0001ffe0       ??_C@_0DB@CEOPCOBC@AIF?5EVENT?5?$CIThor?$CJ?3?5Logical?5Device@FNODOBFM@ 00420fe0     comm.obj
 0001:00020012       ??_C@_0DC@PEAKFMNI@AIF?5EVENT?5?$CIThor?$CJ?3?5FW?5IO?5bypass?5s@FNODOBFM@ 00421012     comm.obj
 0001:00020044       ??_C@_0DK@MABGHGOH@AIF?5EVENT?5?$CIThor?$CJ?3?5FW?5IO?5bypass?5c@FNODOBFM@ 00421044     comm.obj
 0001:0002007e       ??_C@_0CP@MLBBLAGJ@AIF?5EVENT?5?$CIThor?$CJ?3?5Not?5a?5recogniz@FNODOBFM@ 0042107e     comm.obj
 0001:000200ae       ??_C@_0DL@CJKFCOBN@?$CK?5ProcessAif?3?5request?5timer?5to?5s@FNODOBFM@ 004210ae     comm.obj
 0001:000200ea       ??_C@_0CH@PCLLKGG@?$CK?5ProcessAif?3?5Physical?5Drives?5sc@FNODOBFM@ 004210ea     comm.obj
 0001:00020112       ??_C@_0DK@NNFHFOND@?$CK?5ProcessAif?3?5request?5timer?5to?5s@FNODOBFM@ 00421112     comm.obj
 0001:0002014c       ??_C@_0CG@CDKKDOHL@?$CK?5ProcessAif?3?5Logical?5Drives?5sca@FNODOBFM@ 0042114c     comm.obj
 0001:00020172       ??_C@_0EO@LMDDDIBO@?$CK?5RestoreBMIC15Srb?3?5QD?5limitatio@FNODOBFM@ 00421172     comm.obj
 0001:000201c0       ??_C@_0EI@IBBGKNJF@?$CK?5ProcessNormalFib?9Set?5QD?54?5HBA?5@FNODOBFM@ 004211c0     comm.obj
 0001:00020208       ??_C@_0CG@IPLFJLPL@Smart?5HBA?5Scsi?5response?5Status?5?$DN@FNODOBFM@ 00421208     comm.obj
 0001:0002022e       ??_C@_0DO@HNDDHFGA@?5HBA?5Error?5HBA_MODE_DISABLED?5Srb@FNODOBFM@ 0042122e     comm.obj
 0001:0002026c       ??_C@_0DA@CPGPCCBA@?5HBA?5Error?5code?5?$CFx?5For?5Path?5ID?5?$CF@FNODOBFM@ 0042126c     comm.obj
 0001:0002029c       ??_C@_0FA@CPHJLELC@?5HBA?5Error?5SCSI_COMPL_TRANSL_STA@FNODOBFM@ 0042129c     comm.obj
 0001:000202ec       ??_C@_0FE@JFIIIBKF@?5HBA?5Error?5SCSI_COMPL_TRANSL_STA@FNODOBFM@ 004212ec     comm.obj
 0001:00020340       ??_C@_0EO@DHIENLOG@?5HBA?5Error?3?5Length?5from?5OS?$CI0x?$CFx?$CJ@FNODOBFM@ 00421340     comm.obj
 0001:0002038e       ??_C@_0HP@ECKDIFKN@?5HBA?5Error?3?5hbaCmd?9?$DOdata_length?$CI@FNODOBFM@ 0042138e     comm.obj
 0001:0002040e       ??_C@_0FK@IBAGLEPN@?5HBA?5Error?5SCSI_COMPL_TRANSL_STA@FNODOBFM@ 0042140e     comm.obj
 0001:00020468       ??_C@_0FJ@DMCDLFNM@?5HBA?5Error?5SCSI_COMPL_TRANSL_STA@FNODOBFM@ 00421468     comm.obj
 0001:000204c2       ??_C@_0EP@JHLDIODO@?$CK?5NO?5ERROR?5handling?5for?5pHbaResp@FNODOBFM@ 004214c2     comm.obj
 0001:00020512       ??_C@_0CG@PJJANG@TMF?5Function?5Completed?5Successfu@FNODOBFM@ 00421512     comm.obj
 0001:00020538       ??_C@_0FJ@OIALMBME@?$CK?5NO?5ERROR?5handling?5for?5pHbaResp@FNODOBFM@ 00421538     comm.obj
 0001:00020592       ??_C@_1BI@BHAHBMFJ@?$AAM?$AAo?$AAf?$AAR?$AAe?$AAs?$AAo?$AAu?$AAr?$AAc?$AAe?$AA?$AA@FNODOBFM@ 00421592     wmi.obj
 0001:000205aa       ??_C@_1BK@EPHGJNJ@?$AAS?$AAc?$AAs?$AAi?$AAM?$AAi?$AAn?$AAi?$AAP?$AAo?$AAr?$AAt?$AA?$AA@FNODOBFM@ 004215aa     scsiwmi:wmilib.obj
 0002:00000000       __imp__memset              00422000     ntoskrnl:ntoskrnl.exe
 0002:00000004       __imp___aulldvrm           00422004     ntoskrnl:ntoskrnl.exe
 0002:00000008       __imp__ExSystemTimeToLocalTime@8 00422008     ntoskrnl:ntoskrnl.exe
 0002:0000000c       __imp__RtlTimeToTimeFields@8 0042200c     ntoskrnl:ntoskrnl.exe
 0002:00000010       __imp___alldiv             00422010     ntoskrnl:ntoskrnl.exe
 0002:00000014       __imp___allmul             00422014     ntoskrnl:ntoskrnl.exe
 0002:00000018       __imp___aulldiv            00422018     ntoskrnl:ntoskrnl.exe
 0002:0000001c       __imp___aullshr            0042201c     ntoskrnl:ntoskrnl.exe
 0002:00000020       __imp__KeTickCount         00422020     ntoskrnl:ntoskrnl.exe
 0002:00000020       _KeTickCount               00422020     ntoskrnl:ntoskrnl.exe
 0002:00000024       __imp__KeBugCheckEx@20     00422024     ntoskrnl:ntoskrnl.exe
 0002:00000028       \177ntoskrnl_NULL_THUNK_DATA 00422028     ntoskrnl:ntoskrnl.exe
 0002:0000002c       __imp__StorPortGetPhysicalAddress@16 0042202c     storport:storport.sys
 0002:00000030       __imp__StorPortPause@8     00422030     storport:storport.sys
 0002:00000034       __imp__StorPortNotification 00422034     storport:storport.sys
 0002:00000038       __imp__StorPortStallExecution@4 00422038     storport:storport.sys
 0002:0000003c       __imp__StorPortReadRegisterUchar@8 0042203c     storport:storport.sys
 0002:00000040       __imp__StorPortReadRegisterUlong@8 00422040     storport:storport.sys
 0002:00000044       __imp__StorPortReadRegisterBufferUchar@16 00422044     storport:storport.sys
 0002:00000048       __imp__StorPortWriteRegisterUlong@12 00422048     storport:storport.sys
 0002:0000004c       __imp__StorPortWriteRegisterBufferUlong@16 0042204c     storport:storport.sys
 0002:00000050       __imp__StorPortMoveMemory@12 00422050     storport:storport.sys
 0002:00000054       __imp__StorPortDebugPrint  00422054     storport:storport.sys
 0002:00000058       __imp__StorPortGetDeviceBase@28 00422058     storport:storport.sys
 0002:0000005c       __imp__StorPortWriteRegisterBufferUchar@16 0042205c     storport:storport.sys
 0002:00000060       __imp__StorPortResume@4    00422060     storport:storport.sys
 0002:00000064       __imp__StorPortExtendedFunction 00422064     storport:storport.sys
 0002:00000068       __imp__StorPortInitialize@16 00422068     storport:storport.sys
 0002:0000006c       __imp__StorPortFreeDeviceBase@8 0042206c     storport:storport.sys
 0002:00000070       __imp__StorPortGetBusData@24 00422070     storport:storport.sys
 0002:00000074       __imp__StorPortGetUncachedExtension@12 00422074     storport:storport.sys
 0002:00000078       __imp__StorPortSetDeviceQueueDepth@20 00422078     storport:storport.sys
 0002:0000007c       __imp__StorPortQuerySystemTime@4 0042207c     storport:storport.sys
 0002:00000080       __imp__StorPortPauseDevice@20 00422080     storport:storport.sys
 0002:00000084       __imp__StorPortResumeDevice@16 00422084     storport:storport.sys
 0002:00000088       __imp__StorPortBusy@8      00422088     storport:storport.sys
 0002:0000008c       __imp__StorPortGetScatterGatherList@8 0042208c     storport:storport.sys
 0002:00000090       __imp__ScsiPortMoveMemory@12 00422090     storport:storport.sys
 0002:00000094       \177storport_NULL_THUNK_DATA 00422094     storport:storport.sys
 0002:000000d8       _RevCompareTable           004220d8     revision.obj
 0002:000001d8       _RevCompareTableLength     004221d8     revision.obj
 0002:000001dc       ??_C@_08HNOCAICB@Adaptec?5?$AA@ 004221dc     archba.obj
 0002:000001e8       ??_C@_04ODJNANJC@9005?$AA@ 004221e8     archba.obj
 0002:000001f0       ??_C@_04EKJHPGNA@0285?$AA@ 004221f0     archba.obj
 0002:000001f8       ??_C@_04GBLKKFBD@0286?$AA@ 004221f8     archba.obj
 0002:00000200       ??_C@_04PPDJIIJN@0288?$AA@ 00422200     archba.obj
 0002:00000208       ??_C@_04LPGNDNED@028b?$AA@ 00422208     archba.obj
 0002:00000210       ??_C@_04KGHGAMAC@028c?$AA@ 00422210     archba.obj
 0002:00000218       ??_C@_04OJDHJKMF@028d?$AA@ 00422218     archba.obj
 0002:00000220       ??_C@_0BB@BOPAMEAE@ARC?9HBA?5?5?5?5?5?5?5?5?5?$AA@ 00422220     archba.obj
 0002:00000234       ??_C@_06DFBHEALI@AACAPI?$AA@ 00422234     archba.obj
 0002:00000240       __load_config_used         00422240     BufferOverflowK:loadcfg.obj
 0002:000002d0       ___safe_se_handler_table   004222d0     <linker-defined>
 0003:00000000       _gDebugFlags               00423000     arcdebug.obj
 0003:00000008       _gARCSASRxSubsystemInfo    00423008     archba.obj
 0003:00000190       _gARCSASRktSubsystemInfo   00423190     archba.obj
 0003:000001c8       _gARCSASArkSubsystemInfo   004231c8     archba.obj
 0003:000001e0       _gARCSASPMCSubsystemInfo   004231e0     archba.obj
 0003:00000360       _gNativeModeAdapters       00423360     archba.obj
 0003:00000510       _gNumNativeModeAdapters    00423510     archba.obj
 0003:00000514       _gARCProductId             00423514     archba.obj
 0003:00000518       _gARCApiId                 00423518     archba.obj
 0003:0000051c       _gARCOEMFlags              0042351c     archba.obj
 0003:00000520       _gARCVendor                00423520     arcinit.obj
 0003:00000524       _gAdapterGuid              00423524     wmi.obj
 0003:00000534       _gIoChannelGuid            00423534     wmi.obj
 0003:00000544       _gDiskArrayGuid            00423544     wmi.obj
 0003:00000554       _gPhysicalDiskGuid         00423554     wmi.obj
 0003:00000564       _gAdapterMethodGuid        00423564     wmi.obj
 0003:00000574       ___security_cookie         00423574     BufferOverflowK:gs_support.obj
 0003:00000578       ___security_cookie_complement 00423578     BufferOverflowK:gs_support.obj
 0003:000005a0       _gLatency                  004235a0     arcinit.obj
 0003:000005a4       _gLoopbackInPushFib        004235a4     arcinit.obj
 0003:000005a8       _gTraceContext             004235a8     arcinit.obj
 0003:000005ac       _gAdapterAddCount          004235ac     arcinit.obj
 0003:00000640       _gAdapterTable             00423640     <common>
 0003:00000740       _gDriverObject             00423740     <common>
 0004:00000006       ___security_init_cookie    00424006 f   BufferOverflowK:gs_support.obj
 0004:0000006a       _GsDriverEntry@8           0042406a f   BufferOverflowK:gs_support.obj
 0004:00000080       _GsIsReadTimeStampCounterAvailable@0 00424080 f   BufferOverflowK:gs_util.obj
 0004:00000100       __IMPORT_DESCRIPTOR_ntoskrnl 00424100     ntoskrnl:ntoskrnl.exe
 0004:00000114       __IMPORT_DESCRIPTOR_storport 00424114     storport:storport.sys
 0004:00000128       __NULL_IMPORT_DESCRIPTOR   00424128     ntoskrnl:ntoskrnl.exe

 entry point at        0004:0000006a

 Static symbols

 0000:fffd8000       .debug$S                   00400000     storport:storport.sys
 0000:fffd8000       .debug$S                   00400000     storport:storport.sys
 0000:fffd8000       .debug$S                   00400000     storport:storport.sys
 0000:fffd8000       .debug$S                   00400000     storport:storport.sys
 0000:fffd8000       .debug$S                   00400000     storport:storport.sys
 0000:fffd8000       .debug$S                   00400000     storport:storport.sys
 0000:fffd8000       .debug$S                   00400000     storport:storport.sys
 0000:fffd8000       .debug$S                   00400000     ntoskrnl:ntoskrnl.exe
 0000:fffd8000       .debug$S                   00400000     ntoskrnl:ntoskrnl.exe
 0000:fffd8000       .debug$S                   00400000     ntoskrnl:ntoskrnl.exe
 0000:fffd8000       .debug$S                   00400000     ntoskrnl:ntoskrnl.exe
 0000:fffd8000       .debug$S                   00400000     ntoskrnl:ntoskrnl.exe
 0000:fffd8000       .debug$S                   00400000     ntoskrnl:ntoskrnl.exe
 0000:fffd8000       .debug$S                   00400000     storport:storport.sys
 0000:fffd8000       .debug$S                   00400000     ntoskrnl:ntoskrnl.exe
 0000:fffd8000       .debug$S                   00400000     ntoskrnl:ntoskrnl.exe
 0000:fffd8000       .debug$S                   00400000     ntoskrnl:ntoskrnl.exe
 0000:fffd8000       .debug$S                   00400000     ntoskrnl:ntoskrnl.exe
 0000:fffd8000       .debug$S                   00400000     storport:storport.sys
 0000:fffd8000       .debug$S                   00400000     storport:storport.sys
 0000:fffd8000       .debug$S                   00400000     storport:storport.sys
 0000:fffd8000       .debug$S                   00400000     storport:storport.sys
 0000:fffd8000       .debug$S                   00400000     storport:storport.sys
 0000:fffd8000       .debug$S                   00400000     storport:storport.sys
 0000:fffd8000       .debug$S                   00400000     storport:storport.sys
 0000:fffd8000       .debug$S                   00400000     storport:storport.sys
 0000:fffd8000       .debug$S                   00400000     storport:storport.sys
 0000:fffd8000       .debug$S                   00400000     storport:storport.sys
 0000:fffd8000       .debug$S                   00400000     storport:storport.sys
 0000:fffd8000       .debug$S                   00400000     storport:storport.sys
 0000:fffd8000       .debug$S                   00400000     storport:storport.sys
 0000:fffd8000       .debug$S                   00400000     storport:storport.sys
 0000:fffd8000       .debug$S                   00400000     storport:storport.sys
 0000:fffd8000       .debug$S                   00400000     storport:storport.sys
 0000:fffd8000       .debug$S                   00400000     storport:storport.sys
 0000:fffd8000       .debug$S                   00400000     storport:storport.sys
 0000:fffd8000       .debug$S                   00400000     storport:storport.sys
 0001:00000fb0       $LN20                      00401fb0     rxdevice.obj
 0001:00003d58       $LN145                     00404d58     arcdebug.obj
 0001:00003d70       $LN138                     00404d70     arcdebug.obj
 0001:00003da0       _StrcatLocal@8             00404da0 f   arcdebug.obj
 0001:00003de0       _Strcatc@8                 00404de0 f   arcdebug.obj
 0001:000069d0       $LN15                      004079d0     arcinit.obj
 0001:0000bb98       $LN38                      0040cb98     arcinit.obj
 0001:0000bf08       $LN52                      0040cf08     arcinit.obj
 0001:0000c6b0       $LN191                     0040d6b0     arcinit.obj
 0001:0000e6e8       $LN146                     0040f6e8     cmddelivery.obj
 0001:0000e710       $LN127                     0040f710     cmddelivery.obj
 0001:0000e7ac       $LN147                     0040f7ac     cmddelivery.obj
 0001:0000e7d0       $LN128                     0040f7d0     cmddelivery.obj
 0001:00010550       $LN151                     00411550     cmddelivery.obj
 0001:00010568       $LN139                     00411568     cmddelivery.obj
 0001:00010cac       $LN62                      00411cac     cmdproc.obj
 0001:00011d30       $LN178                     00412d30     cmdproc.obj
 0001:00011d48       $LN159                     00412d48     cmdproc.obj
 0001:00011d70       $LN179                     00412d70     cmdproc.obj
 0001:00011d80       $LN160                     00412d80     cmdproc.obj
 0001:0001405c       $LN24                      0041505c     ioctl.obj
 0001:0001408c       $LN19                      0041508c     ioctl.obj
 0001:000164c8       $LN367                     004174c8     ioctl.obj
 0001:00016508       $LN326                     00417508     ioctl.obj
 0001:0001654c       $LN368                     0041754c     ioctl.obj
 0001:00016560       $LN327                     00417560     ioctl.obj
 0001:00016f80       $LN65                      00417f80     comm.obj
 0001:0001734c       $LN35                      0041834c     comm.obj
 0001:00017368       $LN32                      00418368     comm.obj
 0001:00017d90       $LN191                     00418d90     comm.obj
 0001:00017da4       $LN171                     00418da4     comm.obj
 0001:00018fec       $LN73                      00419fec     scsiwmi:wmilib.obj
 0001:0001909c       $$000000                   0041a09c     BufferOverflowK:forceseh.obj
 0003:00000004       ?NeedToReadStatus@?1??CheckingFWAfterPowerStateChange@@9@9 00423004     timer.obj
 0003:00000005       ?NeedToCheckMSIX@?1??CheckingFWAfterPowerStateChange@@9@9 00423005     timer.obj
 0003:00000580       ?cccnt@?1??PMCPushMessageUnitQueueFib@@9@9 00423580     rxdevice.obj
 0003:00000584       ?CurrentCmdCode@?1??RxSendSynchCommand@@9@9 00423584     rxdevice.obj
 0003:00000588       ?CalledCnt@?1??CheckFWPulseInCrashDumpMode@@9@9 00423588     timer.obj
 0003:0000058c       ?TimerAge@?1??CheckingFWAfterPowerStateChange@@9@9 0042358c     timer.obj
 0003:00000590       ?DelayCnt4DualFWFlushSoftReset@?1??CheckingFWAfterPowerStateChange@@9@9 00423590     timer.obj
 0003:00000594       ?pSavedDevExt@?1??CheckingFWAfterPowerStateChange@@9@9 00423594     timer.obj
 0003:00000598       ?TimerAge@?1??Reset_IOP_CompletionTimer@@9@9 00423598     timer.obj
 0003:0000059c       ?status@?1??CheckingFWAfterPowerStateChange@@9@9 0042359c     timer.obj
 0003:000005b0       ?NewScanStarted@?1??ConfigureContainersRuntime@@9@9 004235b0     arcinit.obj
 0003:000005b1       ?LoopCount@?1??ConfigureContainersRuntime@@9@9 004235b1     arcinit.obj
 0003:000005b2       ?busChange@?1??ConfigureContainersRuntime@@9@9 004235b2     arcinit.obj
 0003:000005b3       ?initialized@?1??DriverEntry@@9@9 004235b3     arcinit.obj
 0003:000005b4       ?containerCount@?1??ConfigureContainersRuntime@@9@9 004235b4     arcinit.obj
 0003:000005b8       ?pSavedDevExt@?1??ConfigureContainersRuntime@@9@9 004235b8     arcinit.obj
 0003:000005bc       ?SkipSecondSynchCmd@?1??ConfigureContainersRuntime@@9@9 004235bc     arcinit.obj
 0003:000005c0       ?diskInfoResponse@?1??ConfigureContainersRuntime@@9@9 004235c0     arcinit.obj
 0003:00000628       ?ShutdownSent@?1??BuildIo@@9@9 00423628     cmdproc.obj
 0004:00000264       .idata$6                   00424264     ntoskrnl:ntoskrnl.exe
 0004:00000500       .idata$6                   00424500     storport:storport.sys
 0005:000000d0       $R000000                   004250d0     archba.res
 0005:00000428       $R000358                   00425428     archba.res
