 archba

 Timestamp is 5ab2946c (Wed Mar 21 22:50:44 2018)

 Preferred load address is 0000000140000000

 Start         Length     Name                   Class
 0001:00000000 0001e4fdH .text                   CODE
 0001:0001e500 0000998aH .text$s                 CODE
 0002:00000000 000000c8H .idata$5                DATA
 0002:000000d0 00000220H .rdata                  DATA
 0002:000002f0 00000048H .rdata$debug            DATA
 0002:00000338 00001750H .xdata                  DATA
 0003:00000000 00000ba0H .data                   DATA
 0003:00000ba0 000002e8H .bss                    DATA
 0004:00000000 00000e10H .pdata                  DATA
 0005:00000000 0000009aH INIT                    CODE
 0005:0000009c 0000003cH .idata$2                CODE
 0005:000000d8 00000014H .idata$3                CODE
 0005:000000f0 000000c8H .idata$4                CODE
 0005:000001b8 00000238H .idata$6                CODE
 0006:00000000 000000c8H .rsrc$01                DATA
 0006:000000d0 00001108H .rsrc$02                DATA

  Address         Publics by Value              Rva+Base               Lib:Object

 0000:00000000       ___safe_se_handler_count   0000000000000000     <absolute>
 0000:00000000       ___safe_se_handler_table   0000000000000000     <absolute>
 0000:00000000       __ImageBase                0000000140000000     <linker-defined>
 0001:00000010       CheckForDupHandles         0000000140001010 f   rxdevice.obj
 0001:00000170       DumpHandles                0000000140001170 f   rxdevice.obj
 0001:00000460       DumpHandlesZeroPointer     0000000140001460 f   rxdevice.obj
 0001:00000750       GetOutstandingIoCnt        0000000140001750 f   rxdevice.obj
 0001:00000770       NonMSIXInterruptHandler    0000000140001770 f   rxdevice.obj
 0001:00000b60       PMCDpcResponseHandler      0000000140001b60 f   rxdevice.obj
 0001:00001180       PMCInterruptHandler        0000000140002180 f   rxdevice.obj
 0001:00001630       PMCPushMessageUnitQueueFib 0000000140002630 f   rxdevice.obj
 0001:00001950       RxAccessDeviceRegister     0000000140002950 f   rxdevice.obj
 0001:00001af0       RxCheckAdapterHealth       0000000140002af0 f   rxdevice.obj
 0001:00001b70       RxCheckSyncCommandComplete 0000000140002b70 f   rxdevice.obj
 0001:00001cc0       RxDpcInterruptHandler      0000000140002cc0 f   rxdevice.obj
 0001:00001cd0       RxGetIBW                   0000000140002cd0 f   rxdevice.obj
 0001:00001d00       RxGetOMRx0                 0000000140002d00 f   rxdevice.obj
 0001:00001d30       RxInterruptHandler         0000000140002d30 f   rxdevice.obj
 0001:00001fe0       RxMapMailBoxFirmwareBase   0000000140002fe0 f   rxdevice.obj
 0001:000020c0       RxNewCommProcessInterrupt  00000001400030c0 f   rxdevice.obj
 0001:00002490       RxNotifyAdapter            0000000140003490 f   rxdevice.obj
 0001:00002510       RxPullMessageUnitQueueCompletedFib 0000000140003510 f   rxdevice.obj
 0001:000026b0       RxPushMessageUnitQueueFib  00000001400036b0 f   rxdevice.obj
 0001:000027a0       RxSendSynchCommand         00000001400037a0 f   rxdevice.obj
 0001:000032f0       RxStartAdapter             00000001400042f0 f   rxdevice.obj
 0001:00003890       RxWaitForAdapterToBoot     0000000140004890 f   rxdevice.obj
 0001:00003990       RxWriteIBW                 0000000140004990 f   rxdevice.obj
 0001:000039d0       RxWriteIDR                 00000001400049d0 f   rxdevice.obj
 0001:00003a10       RxWriteODR                 0000000140004a10 f   rxdevice.obj
 0001:00003a60       SetWaitCount4SendSyncCmd   0000000140004a60 f   rxdevice.obj
 0001:00003b40       SetWaitCount4StartAdapter  0000000140004b40 f   rxdevice.obj
 0001:00003bb0       SimulateHbaFwTgtFailure    0000000140004bb0 f   rxdevice.obj
 0001:00003c60       SimulateHbaScsiErros       0000000140004c60 f   rxdevice.obj
 0001:00003cf0       RevCheckCompatibility      0000000140004cf0 f   revision.obj
 0001:00003d80       RevGetBuildNumber          0000000140004d80 f   revision.obj
 0001:00003d90       RevGetExternalRev          0000000140004d90 f   revision.obj
 0001:00003da0       CompareStrings             0000000140004da0 f   helpers.obj
 0001:00003e00       GetDriverParameter         0000000140004e00 f   helpers.obj
 0001:00003f40       LongToAscii                0000000140004f40 f   helpers.obj
 0001:00004000       MatchRegistryString        0000000140005000 f   helpers.obj
 0001:000040b0       ZeroStructure              00000001400050b0 f   helpers.obj
 0001:000040c0       ArcPrintf                  00000001400050c0 f   arcdebug.obj
 0001:00004380       ProcessCompleteSrbToHost   0000000140005380 f   arcdebug.obj
 0001:000043a0       PutItIntoInternalPrintBuffer 00000001400053a0 f   arcdebug.obj
 0001:00004490       RealSprintf                0000000140005490 f   arcdebug.obj
 0001:00004900       ChangeIoLimitAndPrintOutstanding 0000000140005900 f   timer.obj
 0001:00004a00       CheckFWPulseInCrashDumpMode 0000000140005a00 f   timer.obj
 0001:00004b60       CheckingFWAfterPowerStateChange 0000000140005b60 f   timer.obj
 0001:00004f70       ConfigureContainersTimer   0000000140005f70 f   timer.obj
 0001:00005110       DelayNotification          0000000140006110 f   timer.obj
 0001:000051a0       DequeueSortingQTimer       00000001400061a0 f   timer.obj
 0001:000052c0       GoThruEventArray           00000001400062c0 f   timer.obj
 0001:00005380       MainTimeThread             0000000140006380 f   timer.obj
 0001:000056c0       RequestAif                 00000001400066c0 f   timer.obj
 0001:00005820       RequestTimer               0000000140006820 f   timer.obj
 0001:000058f0       Reset_IOP_CompletionTimer  00000001400068f0 f   timer.obj
 0001:00005dc0       RestartAdapterPendingTimer 0000000140006dc0 f   timer.obj
 0001:00005ee0       ReturningKidnappedFibsToOS 0000000140006ee0 f   timer.obj
 0001:00005fc0       StopTimer                  0000000140006fc0 f   timer.obj
 0001:00006070       SynchCommandCompletionTimer 0000000140007070 f   timer.obj
 0001:00006150       SynchFibCompletionTimer    0000000140007150 f   timer.obj
 0001:00006280       UpdateThorHBAMappingTable  0000000140007280 f   timer.obj
 0001:00006570       VMCloseAllCompletionTimer  0000000140007570 f   timer.obj
 0001:000067c0       AllocateConsumerProducerCommArea 00000001400077c0 f   arcinit.obj
 0001:00006b00       AllocateMessageUnitQueueCommArea 0000000140007b00 f   arcinit.obj
 0001:000070c0       ArcLogEventString          00000001400080c0 f   arcinit.obj
 0001:00007140       AtomicINTXReleaseSlot      0000000140008140 f   arcinit.obj
 0001:00007170       CheckForVersionMisMatch    0000000140008170 f   arcinit.obj
 0001:00007350       CheckMSIxPossibility       0000000140008350 f   arcinit.obj
 0001:00007570       CleanHostSideRRQ           0000000140008570 f   arcinit.obj
 0001:000077a0       ConfigureContainersRuntime 00000001400087a0 f   arcinit.obj
 0001:00008090       DecToHex                   0000000140009090 f   arcinit.obj
 0001:000080f0       DriverEntry                00000001400090f0 f   arcinit.obj
 0001:00008200       DumpFibsSentToFW60SecondsBefore 0000000140009200 f   arcinit.obj
 0001:000084d0       DynamicallyThrottleLunQueueDepth 00000001400094d0 f   arcinit.obj
 0001:00008710       FindAdapter                0000000140009710 f   arcinit.obj
 0001:0000aaa0       GetElapsedSeconds          000000014000baa0 f   arcinit.obj
 0001:0000ab40       GetFreeSlot                000000014000bb40 f   arcinit.obj
 0001:0000ab80       GetThorHbaPhyDevInfo       000000014000bb80 f   arcinit.obj
 0001:0000b0d0       HWSoftReset                000000014000c0d0 f   arcinit.obj
 0001:0000b230       HandleAdapterCommitConfig  000000014000c230 f   arcinit.obj
 0001:0000b310       HandleAdapterConfigIssues  000000014000c310 f   arcinit.obj
 0001:0000b4f0       HandleAdapterGetConfig     000000014000c4f0 f   arcinit.obj
 0001:0000b600       HwInitializeAdapter        000000014000c600 f   arcinit.obj
 0001:0000ba50       ID_AllocateMem4CertainOBQ  000000014000ca50 f   arcinit.obj
 0001:0000bbc0       ID_SetupMessageCap         000000014000cbc0 f   arcinit.obj
 0001:0000bd00       INTXGetFreeSlot            000000014000cd00 f   arcinit.obj
 0001:0000bd30       IOPReset                   000000014000cd30 f   arcinit.obj
 0001:0000c280       InitializeConsumerProducerCommRegion 000000014000d280 f   arcinit.obj
 0001:0000c540       InitializeConsumerProducerNewAdapter 000000014000d540 f   arcinit.obj
 0001:0000c620       InitializeDPCs             000000014000d620 f   arcinit.obj
 0001:0000cb80       InitializeMessageUnitQueueNewAdapter 000000014000db80 f   arcinit.obj
 0001:0000cc40       IsAdapterReadyForConfigCommand 000000014000dc40 f   arcinit.obj
 0001:0000cd80       LogSystemEvent             000000014000dd80 f   arcinit.obj
 0001:0000ce70       MapDeviceBase              000000014000de70 f   arcinit.obj
 0001:0000d3f0       MatchPciIds                000000014000e3f0 f   arcinit.obj
 0001:0000d5a0       ReleaseSlot                000000014000e5a0 f   arcinit.obj
 0001:0000d5e0       ResetAdapter               000000014000e5e0 f   arcinit.obj
 0001:0000dcb0       ReturnOutstandingFibOnTargetDevice 000000014000ecb0 f   arcinit.obj
 0001:0000de60       ReturningLocalOutstandingRequestsToOS 000000014000ee60 f   arcinit.obj
 0001:0000dfc0       ReturningOutstandingSentToFWBeforeIOPResetToOS 000000014000efc0 f   arcinit.obj
 0001:0000e170       SA4ACI2Interface           000000014000f170 f   arcinit.obj
 0001:0000e290       SA4CheckMSIx               000000014000f290 f   arcinit.obj
 0001:0000e2f0       SA4StatusBatching          000000014000f2f0 f   arcinit.obj
 0001:0000e460       SMCrashDumpModeInitAdapter 000000014000f460 f   arcinit.obj
 0001:0000e700       SMNormalModeInitAdapter    000000014000f700 f   arcinit.obj
 0001:0000eba0       SendEvent2OS               000000014000fba0 f   arcinit.obj
 0001:0000f560       SendEvent2OSChild          0000000140010560 f   arcinit.obj
 0001:0000fa80       SendEvent2OSDelayed        0000000140010a80 f   arcinit.obj
 0001:00010240       SendInitStructure          0000000140011240 f   arcinit.obj
 0001:000105f0       SendWellnessCmnd           00000001400115f0 f   arcinit.obj
 0001:00010800       SetArcsasFwTime            0000000140011800 f   arcinit.obj
 0001:000108b0       SetFwTime                  00000001400118b0 f   arcinit.obj
 0001:00010d90       SetPciSlotNumber           0000000140011d90 f   arcinit.obj
 0001:00010e70       CompleteQueuedRequest      0000000140011e70 f   cmddelivery.obj
 0001:00010f80       DequeueCertainLD           0000000140011f80 f   cmddelivery.obj
 0001:00011030       DequeueRawIoReadWriteRequest 0000000140012030 f   cmddelivery.obj
 0001:00011150       HandleInterrupt            0000000140012150 f   cmddelivery.obj
 0001:00011170       HandleMSIXInterrupt        0000000140012170 f   cmddelivery.obj
 0001:00011250       PollSmartHBAFIBCompletion  0000000140012250 f   cmddelivery.obj
 0001:000115f0       PostProcessScsiCommand     00000001400125f0 f   cmddelivery.obj
 0001:00011910       ProcessContainerInquiry    0000000140012910 f   cmddelivery.obj
 0001:00011ea0       ProcessScsiCommand         0000000140012ea0 f   cmddelivery.obj
 0001:00012b00       QueuePrintf                0000000140013b00 f   cmddelivery.obj
 0001:00012be0       QueueRawIoReadWriteRequest 0000000140013be0 f   cmddelivery.obj
 0001:00012ec0       SaveNFHandle               0000000140013ec0 f   cmddelivery.obj
 0001:00012f00       SendFib                    0000000140013f00 f   cmddelivery.obj
 0001:00013590       SendRawIoFib               0000000140014590 f   cmddelivery.obj
 0001:00013790       SendSynchFib               0000000140014790 f   cmddelivery.obj
 0001:000139b0       StartIo                    00000001400149b0 f   cmddelivery.obj
 0001:00014440       AdapterControl             0000000140015440 f   cmdproc.obj
 0001:00014b80       BuildHBAFib                0000000140015b80 f   cmdproc.obj
 0001:00015090       BuildHBAIoctlFib           0000000140016090 f   cmdproc.obj
 0001:00015350       BuildIo                    0000000140016350 f   cmdproc.obj
 0001:00015f10       BuildRawIo2ScatterGather   0000000140016f10 f   cmdproc.obj
 0001:000160d0       BuildRawIo2ScatterGather4HBAIoctl 00000001400170d0 f   cmdproc.obj
 0001:00016280       BuildRawIoFib              0000000140017280 f   cmdproc.obj
 0001:000165f0       BuildRawIoScatterGather    00000001400175f0 f   cmdproc.obj
 0001:000167c0       BuildReadWriteFib          00000001400177c0 f   cmdproc.obj
 0001:00016b50       BuildScatterGather         0000000140017b50 f   cmdproc.obj
 0001:00016c00       BuildScatterGather64       0000000140017c00 f   cmdproc.obj
 0001:00016cc0       BuildSrbFib                0000000140017cc0 f   cmdproc.obj
 0001:00016f60       ConvertRawIo2ScatterGather 0000000140017f60 f   cmdproc.obj
 0001:000170e0       InitializeFib              00000001400180e0 f   cmdproc.obj
 0001:00017110       PrepareBMIC15              0000000140018110 f   cmdproc.obj
 0001:00017350       ReportFakeLuns             0000000140018350 f   cmdproc.obj
 0001:000173b0       BuildRawScatterGather      00000001400183b0 f   ioctl.obj
 0001:00017470       BuildRawScatterGather64    0000000140018470 f   ioctl.obj
 0001:00017530       CSMIGetControllerConfig    0000000140018530 f   ioctl.obj
 0001:00017670       CSMIGetControllerStatus    0000000140018670 f   ioctl.obj
 0001:000176d0       CSMIGetDeviceAddress       00000001400186d0 f   ioctl.obj
 0001:00017810       CSMIGetDriverInfo          0000000140018810 f   ioctl.obj
 0001:000178a0       CSMIGetPhyInfo             00000001400188a0 f   ioctl.obj
 0001:000179e0       CSMIGetRAIDConfig          00000001400189e0 f   ioctl.obj
 0001:00017c50       CSMIGetRAIDInfo            0000000140018c50 f   ioctl.obj
 0001:00017dd0       CSMIGetSATASignature       0000000140018dd0 f   ioctl.obj
 0001:00017f10       CSMIGetSCSIAddress         0000000140018f10 f   ioctl.obj
 0001:00018060       CSMISTPPassThru            0000000140019060 f   ioctl.obj
 0001:000182f0       HandleCSMI                 00000001400192f0 f   ioctl.obj
 0001:000183e0       ProcessIoctl               00000001400193e0 f   ioctl.obj
 0001:0001ac80       AdapterIsAlive             000000014001bc80 f   comm.obj
 0001:0001acc0       CompleteAllSortingQueue    000000014001bcc0 f   comm.obj
 0001:0001ad70       CompleteBufferedRequest    000000014001bd70 f   comm.obj
 0001:0001ae50       CompleteSortingQueueRequest 000000014001be50 f   comm.obj
 0001:0001aef0       DeQueueSortingQueue        000000014001bef0 f   comm.obj
 0001:0001b080       DpcDequeueRawIoReadWriteRequest 000000014001c080 f   comm.obj
 0001:0001b100       FreeConsumerProducerAif    000000014001c100 f   comm.obj
 0001:0001b250       GetConsumerProducerCompletedFib 000000014001c250 f   comm.obj
 0001:0001b2e0       GetMessageUnitQueueCompletedFib 000000014001c2e0 f   comm.obj
 0001:0001b300       ProcessAif                 000000014001c300 f   comm.obj
 0001:0001bc30       ProcessHbaErrors           000000014001cc30 f   comm.obj
 0001:0001c240       ProcessNormalFib           000000014001d240 f   comm.obj
 0001:0001cc50       QueueEvent                 000000014001dc50 f   comm.obj
 0001:0001ccf0       RestoreBMIC15Srb           000000014001dcf0 f   comm.obj
 0001:0001cde0       SendConsumerProducerFib    000000014001dde0 f   comm.obj
 0001:0001cee0       SendMessageUnitQueueFib    000000014001dee0 f   comm.obj
 0001:0001cf50       ServiceHostCommandNormalQueue 000000014001df50 f   comm.obj
 0001:0001d040       ServiceHostResponseNormalQueue 000000014001e040 f   comm.obj
 0001:0001d460       ServiceInternalAifQueue    000000014001e460 f   comm.obj
 0001:0001d540       SubDeQueueSortingQueue     000000014001e540 f   comm.obj
 0001:0001d650       HwScsiWmiExecuteMethod     000000014001e650 f   wmi.obj
 0001:0001d6f0       HwScsiWmiFunctionControl   000000014001e6f0 f   wmi.obj
 0001:0001d6f0       HwScsiWmiQueryDataBlock    000000014001e6f0 f   wmi.obj
 0001:0001d710       HwScsiWmiQueryReginfo      000000014001e710 f   wmi.obj
 0001:0001d730       HwScsiWmiSetDataBlock      000000014001e730 f   wmi.obj
 0001:0001d730       HwScsiWmiSetDataItem       000000014001e730 f   wmi.obj
 0001:0001d740       InitializeWmiInterface     000000014001e740 f   wmi.obj
 0001:0001d860       ProcessWmi                 000000014001e860 f   wmi.obj
 0001:0001d8f0       __security_check_cookie    000000014001e8f0 f   BufferOverflowK:amdsecgs.obj
 0001:0001d918       __report_gsfailure         000000014001e918 f   BufferOverflowK:gs_report.obj
 0001:0001d948       __report_securityfailure   000000014001e948 f   BufferOverflowK:gs_report.obj
 0001:0001d978       __report_rangecheckfailure 000000014001e978 f   BufferOverflowK:gs_report.obj
 0001:0001d9a0       memmove                    000000014001e9a0     ntoskrnl:memcpy.obj
 0001:0001d9a0       memcpy                     000000014001e9a0 f   ntoskrnl:memcpy.obj
 0001:0001dcdc       __GSHandlerCheckCommon     000000014001ecdc f   ntoskrnl:gshandler.obj
 0001:0001dd48       __GSHandlerCheck           000000014001ed48 f   ntoskrnl:gshandler.obj
 0001:0001dd80       memset                     000000014001ed80 f   ntoskrnl:memset.obj
 0001:0001de70       ExSystemTimeToLocalTime    000000014001ee70 f   ntoskrnl:ntoskrnl.exe
 0001:0001de7c       RtlTimeToTimeFields        000000014001ee7c f   ntoskrnl:ntoskrnl.exe
 0001:0001de88       KeQueryPerformanceCounter  000000014001ee88 f   hal:HAL.dll
 0001:0001de94       ScsiWmipPostProcess        000000014001ee94 f   scsiwmi:wmilib.obj
 0001:0001df9c       ScsiWmipFindGuid           000000014001ef9c f   scsiwmi:wmilib.obj
 0001:0001e010       ScsiWmipProcessRequest     000000014001f010 f   scsiwmi:wmilib.obj
 0001:0001e428       ScsiPortWmiPostProcess     000000014001f428 f   scsiwmi:wmilib.obj
 0001:0001e460       ScsiPortWmiDispatchFunction 000000014001f460 f   scsiwmi:wmilib.obj
 0001:0001e500       ??_C@_0CJ@KAGJNHLI@OMR?5value?5in?5Check?5Adapter?5Healt@FNODOBFM@ 000000014001f500     rxdevice.obj
 0001:0001e530       ??_C@_0DE@IHDJGLJF@This?5should?5not?5happen?4?5We?5only?5@FNODOBFM@ 000000014001f530     rxdevice.obj
 0001:0001e570       ??_C@_0CP@PEAJGKJE@?$CK?5NonMSIXInterruptHandle?3?5pFibCo@FNODOBFM@ 000000014001f570     rxdevice.obj
 0001:0001e5a0       ??_C@_0EM@CCDNION@?$CK?5Start?5a?5timer?5to?5update?5contai@FNODOBFM@ 000000014001f5a0     rxdevice.obj
 0001:0001e5f0       ??_C@_0DL@ELHJEKAJ@?$CK?57?124?3?5pFibContext?$DNNULL?5?$CB?$CBline?5@FNODOBFM@ 000000014001f5f0     rxdevice.obj
 0001:0001e630       ??_C@_0DA@IEDLNFHE@?$CK?55?124?3?5?9VectorIndex?9?5?$CB?$CBline?5?$CFd?5@FNODOBFM@ 000000014001f630     rxdevice.obj
 0001:0001e660       ??_C@_0CN@FKDOCGDJ@?$CK?55?124?3?5OutStanding?5IO?5?$CB?$CBline?5?$CFd@FNODOBFM@ 000000014001f660     rxdevice.obj
 0001:0001e690       ??_C@_0CD@PAEIGALF@?$CK?57?124?3?5?$CB?$CBline?5?$CFd?5?$CIhandle?5?9?51?$CJ?5?$CF@FNODOBFM@ 000000014001f690     rxdevice.obj
 0001:0001e6c0       ??_C@_0ED@DAJFCMJP@?$CK?5Start?5a?5timer?5to?5update?5Contai@FNODOBFM@ 000000014001f6c0     rxdevice.obj
 0001:0001e710       ??_C@_0DK@JKKKPJCO@Dumping?5Normal?5Fib?5handles?0?5?5pDe@FNODOBFM@ 000000014001f710     rxdevice.obj
 0001:0001e750       ??_C@_0DG@FEIEMBNE@?$CFd?3?5?$CFd?5?$CFd?5?$CFd?5?$CFd?5?$CFd?5?$CFd?5?$CFd?5?$CFd?5?$CFd?5?$CF@FNODOBFM@ 000000014001f750     rxdevice.obj
 0001:0001e790       ??_C@_0GP@CPJOGFCD@Dumping?5Free?5handle?5list?0?5?5pDevi@FNODOBFM@ 000000014001f790     rxdevice.obj
 0001:0001e800       ??_C@_0DN@IDNOKJK@ZP?5Dumping?5Normal?5Fib?5handles?0?5?5@FNODOBFM@ 000000014001f800     rxdevice.obj
 0001:0001e840       ??_C@_0DJ@BENIEDOK@ZP?5?$CFd?3?5?$CFd?5?$CFd?5?$CFd?5?$CFd?5?$CFd?5?$CFd?5?$CFd?5?$CFd?5?$CF@FNODOBFM@ 000000014001f840     rxdevice.obj
 0001:0001e880       ??_C@_0HC@OLAIGIPB@ZP?5Dumping?5Free?5handle?5list?0?5?5pD@FNODOBFM@ 000000014001f880     rxdevice.obj
 0001:0001e900       ??_C@_0CG@KADALDIK@?$CK?5?$CFd?5call?5of?5CheckForDupHandles?5@FNODOBFM@ 000000014001f900     rxdevice.obj
 0001:0001e930       ??_C@_0EK@CPNBBJGG@?$CK?5duplicated?5handle?5found?5?$CFd?4?5?$CFd@FNODOBFM@ 000000014001f930     rxdevice.obj
 0001:0001e980       ??_C@_0BP@BKKLPPMO@pFibContext?$DNNULL?5?$CB?$CB?5Handle?5?$CFd?6?$AA@FNODOBFM@ 000000014001f980     rxdevice.obj
 0001:0001e9a0       ??_C@_0EI@DKKBIMEF@?$CK?5Start?5a?5timer?5to?5update?5contai@FNODOBFM@ 000000014001f9a0     rxdevice.obj
 0001:0001e9f0       ??_C@_0FE@JLKFMCPA@?$CK?5PMCPushMessageUnitQueueFib?3?5Cm@FNODOBFM@ 000000014001f9f0     rxdevice.obj
 0001:0001ea50       ??_C@_0FE@JICOMBJP@?$CK?5PMCPushMessageUnitQueueFib?3?5Cm@FNODOBFM@ 000000014001fa50     rxdevice.obj
 0001:0001eab0       ??_C@_0HN@JEPKAECC@?$CK?5RxSendSynchCommand?3?5Thor?5AIF?5e@FNODOBFM@ 000000014001fab0     rxdevice.obj
 0001:0001eb30       ??_C@_0EC@LAPIEKPJ@?$CK?5RxSendSynchCommand?3?5mailbox?$FL0?$FN@FNODOBFM@ 000000014001fb30     rxdevice.obj
 0001:0001eb80       ??_C@_0DJ@GJNDHOED@?$CK?5RxSendSynchCommand?3?5mailbox?$FL0?$FN@FNODOBFM@ 000000014001fb80     rxdevice.obj
 0001:0001ebc0       ??_C@_0HK@NJDHDGMI@?$CK?5RxSendSynchCommand?3?5There?5is?5a@FNODOBFM@ 000000014001fbc0     rxdevice.obj
 0001:0001ec40       ??_C@_0HB@PLCHFMAA@?$CK?5RxSendSynchCommand?3?5synch?5cmd?3@FNODOBFM@ 000000014001fc40     rxdevice.obj
 0001:0001ecc0       ??_C@_0FD@ECFFGBJE@?5RxSendSynchCommand?3?5FW?5doing?5IO@FNODOBFM@ 000000014001fcc0     rxdevice.obj
 0001:0001ed20       ??_C@_0FE@DOFCONDK@?$CK?5RxSendSynchCommand?3?5wait?5for?5F@FNODOBFM@ 000000014001fd20     rxdevice.obj
 0001:0001ed80       ??_C@_0GF@LFEFAJKJ@?5RxSendSynchCommand?5?$CIcrash?5dump?5@FNODOBFM@ 000000014001fd80     rxdevice.obj
 0001:0001edf0       ??_C@_0GF@CDCMENMG@?$CK?5RxSendSynchCommand?5?$CIcrash?5dump@FNODOBFM@ 000000014001fdf0     rxdevice.obj
 0001:0001ee60       ??_C@_0EL@HOIBIGPI@?$CK?5RxSendSynchCommand?3?5Got?5respon@FNODOBFM@ 000000014001fe60     rxdevice.obj
 0001:0001eeb0       ??_C@_0EJ@DGPABBLG@?$CK?5RxSendSynchCommand?3?5Should?5NOT@FNODOBFM@ 000000014001feb0     rxdevice.obj
 0001:0001ef00       ??_C@_0FA@HKIBFKMH@?$CK?5RxSendSynchCommand?3?5Still?5NO?5r@FNODOBFM@ 000000014001ff00     rxdevice.obj
 0001:0001ef50       ??_C@_0KI@HMCHOJIN@?5RxSendSynchCommand?$FLMSIX?5mode?$FN?5f@FNODOBFM@ 000000014001ff50     rxdevice.obj
 0001:0001f000       ??_C@_0JP@JKCHEOCJ@?5RxSendSynchCommand?$FLMSIX?5mode?$FN?3?5@FNODOBFM@ 0000000140020000     rxdevice.obj
 0001:0001f0a0       ??_C@_0CN@BCCBJMEA@?5RxSendSynchCommand?5Failed?5?$CFd?0wa@FNODOBFM@ 00000001400200a0     rxdevice.obj
 0001:0001f0d0       ??_C@_0DB@JEAHJGPL@?$CK?5pDeviceExtension?9?$DOMaxMSIXVecto@FNODOBFM@ 00000001400200d0     rxdevice.obj
 0001:0001f110       ??_C@_0CB@JPABDNKH@?$CK?5Begins?5StatusBatching?0?5Yeaaa?$CB?6@FNODOBFM@ 0000000140020110     rxdevice.obj
 0001:0001f140       ??_C@_0CF@BPKEMKA@?$CK?5ACI2?5Command?5Delivery?5is?5enabl@FNODOBFM@ 0000000140020140     rxdevice.obj
 0001:0001f170       ??_C@_1DK@JBHFOPMP@?$AAA?$AAd?$AAa?$AAp?$AAt?$AAe?$AAr?$AA?5?$AAC?$AAo?$AAn?$AAf?$AAi?$AAg?$AAu?$AAr?$AAa?$AAt?$AAi?$AAo?$AAn?$AA?5?$AAf?$AAa?$AAi?$AAl?$AAe?$AAd?$AA?$AA@FNODOBFM@ 0000000140020170     rxdevice.obj
 0001:0001f1b0       ??_C@_02DKCKIIND@?$CFs?$AA@FNODOBFM@ 00000001400201b0     arcdebug.obj
 0001:0001f1c0       ??_C@_06NBLAGFFP@Archba?$AA@FNODOBFM@ 00000001400201c0     arcdebug.obj
 0001:0001f1d0       ??_C@_0BC@JKBDDNDF@DelayNotification?$AA@FNODOBFM@ 00000001400201d0     timer.obj
 0001:0001f1f0       ??_C@_0CK@BKKGBKDP@?$CK?5Scan?5Notification?5sent?5in?5?$CFs?5?$CI@FNODOBFM@ 00000001400201f0     timer.obj
 0001:0001f220       ??_C@_0GB@FAGGLJPH@?$CK?5First?58?5HBA?5devices?3?5?$CI0x?$CFx?0?$CFd?$CJ@FNODOBFM@ 0000000140020220     timer.obj
 0001:0001f290       ??_C@_0FN@EKAEFPGA@?$CK?5HBA?5mapping?5table?5updated?0?5tim@FNODOBFM@ 0000000140020290     timer.obj
 0001:0001f2f0       ??_C@_0GF@PMGNJLIM@?$CK?5Start?5a?5timer?5to?5update?5Contai@FNODOBFM@ 00000001400202f0     timer.obj
 0001:0001f360       ??_C@_0CK@JLKEFPAM@entering?5CheckingFWAfterPowerSta@FNODOBFM@ 0000000140020360     timer.obj
 0001:0001f390       ??_C@_0GN@GHJFFNOA@?$CK?5set?5timer?5AGAIN?5in?5CheckingFWA@FNODOBFM@ 0000000140020390     timer.obj
 0001:0001f400       ??_C@_0FK@MIIMDOAD@?$CK?5set?5timer?5AGAIN?5in?5CheckingFWA@FNODOBFM@ 0000000140020400     timer.obj
 0001:0001f460       ??_C@_0GB@EDFGCDFC@?$CK?5set?5timer?5AGAIN?5in?5CheckingFWA@FNODOBFM@ 0000000140020460     timer.obj
 0001:0001f4d0       ??_C@_0N@OCOPKECN@7?45?40?456008?$AA?$AA@FNODOBFM@ 00000001400204d0     timer.obj
 0001:0001f4e0       ??_C@_0DO@GCDGNMH@?$CK?5FW?5is?5back?5from?5S3?1S4?4?5StorPor@FNODOBFM@ 00000001400204e0     timer.obj
 0001:0001f520       ??_C@_0DM@JABFAEPO@?$CK?5?9?5Reset?5AIFSrb?5to?5NULL?5when?5ba@FNODOBFM@ 0000000140020520     timer.obj
 0001:0001f560       ??_C@_0DN@ELHOMNDM@?$CK?5leaving?5CheckingFWAfterPowerSt@FNODOBFM@ 0000000140020560     timer.obj
 0001:0001f5a0       ??_C@_0DO@OBELKDEH@?$CK?5set?5timer?5AGAIN?5to?5check?5the?5F@FNODOBFM@ 00000001400205a0     timer.obj
 0001:0001f5e0       ??_C@_0CI@JPJEKICG@DPC?9Timeout?5may?5happen?5in?5ResetA@FNODOBFM@ 00000001400205e0     timer.obj
 0001:0001f610       ??_C@_0DH@JNGKJDAE@One?5kidnapped?5FIB?5released?$CB?5FIB_@FNODOBFM@ 0000000140020610     timer.obj
 0001:0001f650       ??_C@_0EJ@PCDGPKJP@?$CK?5Driver?5was?5not?5able?5to?5send?5?$CFd@FNODOBFM@ 0000000140020650     timer.obj
 0001:0001f6a0       ??_C@_0DM@PNDEAHOI@?$CK?5Send?5BusChangeDetected?5to?5OS?5i@FNODOBFM@ 00000001400206a0     timer.obj
 0001:0001f6e0       ??_C@_0EH@FCLGCKBJ@?$CK?5Start?5a?5timer?5to?5update?5HBA?5de@FNODOBFM@ 00000001400206e0     timer.obj
 0001:0001f730       ??_C@_0GE@IFJDDHGE@?$CK?5Start?5a?5timer?5to?5update?5Contai@FNODOBFM@ 0000000140020730     timer.obj
 0001:0001f7a0       ??_C@_0DC@ODEFHEA@?$CK?5ConfigureContainersTimer?3?5Cont@FNODOBFM@ 00000001400207a0     timer.obj
 0001:0001f7e0       ??_C@_0DL@DODBJONE@?$CK?5SynchCommandCompletionTimer?3?5S@FNODOBFM@ 00000001400207e0     timer.obj
 0001:0001f820       ??_C@_0EO@CBNEAKKI@?$CK?5VMCloseAllCompletionTimer?3?5sen@FNODOBFM@ 0000000140020820     timer.obj
 0001:0001f870       ??_C@_0FI@MJCPBEAD@?$CK?5VMCloseAllCompletionTimer?3?5wai@FNODOBFM@ 0000000140020870     timer.obj
 0001:0001f8d0       ??_C@_0DO@ELMMCKMD@?$CK?5VMCloseAllCompletionTimer?3?5SRB@FNODOBFM@ 00000001400208d0     timer.obj
 0001:0001f910       ??_C@_0EH@BGEEAOIJ@?$CK?5VMCloseAllCompletionTimer?3?5Sho@FNODOBFM@ 0000000140020910     timer.obj
 0001:0001f960       ??_C@_0EF@HLMPMNBN@?$CK?5VMCloseAllCompletionTimer?3?5Syn@FNODOBFM@ 0000000140020960     timer.obj
 0001:0001f9b0       ??_C@_0DH@IBACIAED@?$CK?5SynchFibCompletionTimer?3?5SyncF@FNODOBFM@ 00000001400209b0     timer.obj
 0001:0001f9f0       ??_C@_0DP@OKLOLMOG@?5IBW_SWR?5register?5value?50?0?5reset@FNODOBFM@ 00000001400209f0     timer.obj
 0001:0001fa30       ??_C@_0CK@IHFMNBPG@?$CK?5IOP?5Reset?5TSR?3?5State?5Machine?5s@FNODOBFM@ 0000000140020a30     timer.obj
 0001:0001fa60       ??_C@_0DH@KAAGAFOD@?$CK?5leaving?5Reset_IOP_CompletionTi@FNODOBFM@ 0000000140020a60     timer.obj
 0001:0001faa0       ??_C@_0CD@MKPFBJDC@leaving?5Reset_IOP_CompletionTime@FNODOBFM@ 0000000140020aa0     timer.obj
 0001:0001fad0       ??_C@_0DL@DOEFCINE@?$CK?5HW?5SOFT?5RESET?5done?4?5StorPort?5m@FNODOBFM@ 0000000140020ad0     timer.obj
 0001:0001fb10       ??_C@_0EA@DAIPACKH@?$CK?5RESET?5IOP?5done?5?$CFd?5times?4?5StorP@FNODOBFM@ 0000000140020b10     timer.obj
 0001:0001fb50       ??_C@_0CJ@HBOEHNNB@Kernel?5Panic?5BlinkLed?5Code?5?$CFx?0?5l@FNODOBFM@ 0000000140020b50     timer.obj
 0001:0001fb80       ??_C@_0CK@CJGFOJPA@IOP_HWSOFT_RESET?3?5FW?5status?5?$CFx?0?5@FNODOBFM@ 0000000140020b80     timer.obj
 0001:0001fbb0       ??_C@_0BP@HJBLFCEF@?$CK?5PCIE?5reset?5issued?0?5line?5?$CD?$CFd?6?$AA@FNODOBFM@ 0000000140020bb0     timer.obj
 0001:0001fbd0       ??_C@_0DE@KOMJIKJE@?$CK?5set?5timer?5AGAIN?5to?5check?5the?5F@FNODOBFM@ 0000000140020bd0     timer.obj
 0001:0001fc10       ??_C@_0EF@BBNOBECH@?$CK?5set?5timer?5AGAIN?5to?5check?5the?5F@FNODOBFM@ 0000000140020c10     timer.obj
 0001:0001fc60       ??_C@_0EC@MICIKMJM@?$CK?5set?5timer?5AGAIN?5to?5check?5the?5F@FNODOBFM@ 0000000140020c60     timer.obj
 0001:0001fcb0       ??_C@_0DI@CMFOGNCK@?$CK?5RequestAif?3?5do?5not?5handle?5AIF?5@FNODOBFM@ 0000000140020cb0     timer.obj
 0001:0001fcf0       ??_C@_0BJ@HIBCALL@ProcessAgeOfSortingQueue?$AA@FNODOBFM@ 0000000140020cf0     timer.obj
 0001:0001fd10       ??_C@_0DA@GEMOEFPE@Dequeue?5Sorting?5Queue?5failed?5in?5@FNODOBFM@ 0000000140020d10     timer.obj
 0001:0001fd40       ??_C@_0ID@HFHPGANL@Dequeue?5Sorting?5Queue?5failed?5whe@FNODOBFM@ 0000000140020d40     timer.obj
 0001:0001fdd0       ??_C@_0CL@MJMGCLDD@entering?5AllocateConsumerProduce@FNODOBFM@ 0000000140020dd0     arcinit.obj
 0001:0001fe00       ??_C@_0DK@IJIOFPFH@leaving?5AllocateConsumerProducer@FNODOBFM@ 0000000140020e00     arcinit.obj
 0001:0001fe40       ??_C@_0CI@FFOEPFMJ@?$CK?5ConsumerProducerCommArea?0?5VAdd@FNODOBFM@ 0000000140020e40     arcinit.obj
 0001:0001fe70       ??_C@_0CN@MBHLABKL@?$CK?5Adapter?5got?5an?5invalid?5host?5me@FNODOBFM@ 0000000140020e70     arcinit.obj
 0001:0001fea0       ??_C@_0DJ@JGKEIEFI@leaving?5AllocateConsumerProducer@FNODOBFM@ 0000000140020ea0     arcinit.obj
 0001:0001fee0       ??_C@_0CL@KCDMGIOM@entering?5AllocateMessageUnitQueu@FNODOBFM@ 0000000140020ee0     arcinit.obj
 0001:0001ff10       ??_C@_0FP@JFBPKCDF@?$CK?5AllocateMessageUnitQueueCommAr@FNODOBFM@ 0000000140020f10     arcinit.obj
 0001:0001ff70       ??_C@_0DM@JMMHKBOC@?$CK?5AllocateMessageUnitQueueCommAr@FNODOBFM@ 0000000140020f70     arcinit.obj
 0001:0001ffb0       ??_C@_0DK@BKFHOPDI@leaving?5AllocateMessageUnitQueue@FNODOBFM@ 0000000140020fb0     arcinit.obj
 0001:0001fff0       ??_C@_0DA@ICFHAOHF@?$CK?5AllocateMessageUnitQueueCommAr@FNODOBFM@ 0000000140020ff0     arcinit.obj
 0001:00020020       ??_C@_0FB@FDJPGKAF@?$CK?5StorPortAllocateContiguousMemo@FNODOBFM@ 0000000140021020     arcinit.obj
 0001:00020080       ??_C@_0FB@MMEFOJJL@?$CK?5StorPortAllocateContiguousMemo@FNODOBFM@ 0000000140021080     arcinit.obj
 0001:000200e0       ??_C@_0BJ@OICKMJHC@?$CK?5pBuf1?$DN0x?$CFp?0pBuf2?$DN0x?$CFp?6?$AA@FNODOBFM@ 00000001400210e0     arcinit.obj
 0001:00020100       ??_C@_0BO@DPONBFMO@?$CK?5MemoryPhysicalAddress?$DN0x?$CFp?6?$AA@FNODOBFM@ 0000000140021100     arcinit.obj
 0001:00020120       ??_C@_0EL@ELLGMDMB@?$CK?5Allocate?5big?5IOCTL?5buffer?5succ@FNODOBFM@ 0000000140021120     arcinit.obj
 0001:00020170       ??_C@_0DJ@EGOLHGNF@leaving?5AllocateMessageUnitQueue@FNODOBFM@ 0000000140021170     arcinit.obj
 0001:000201b0       ??_C@_0CF@DNFJFJLG@entering?5ConfigureContainersRunt@FNODOBFM@ 00000001400211b0     arcinit.obj
 0001:000201e0       ??_C@_0EJ@GFICDCBB@?$CK?5ConfigureContainersRuntime?3?5Re@FNODOBFM@ 00000001400211e0     arcinit.obj
 0001:00020230       ??_C@_0EF@KJEEMCEN@?$CK?5ConfigureContainersRuntime?3?5Ge@FNODOBFM@ 0000000140021230     arcinit.obj
 0001:00020280       ??_C@_0EF@JADMGPAN@?$CK?5ConfigureContainersRuntime?3?5Ge@FNODOBFM@ 0000000140021280     arcinit.obj
 0001:000202d0       ??_C@_0EM@NKPEDKJ@?$CK?5ConfigureContainersRuntime?3?5no@FNODOBFM@ 00000001400212d0     arcinit.obj
 0001:00020320       ??_C@_0EF@ECHMIPBP@?$CK?5Found?5a?5new?5container?5?9?5tid?3?5?$CF@FNODOBFM@ 0000000140021320     arcinit.obj
 0001:00020370       ??_C@_0DK@FCJKMAGD@ConfigureContainersRuntime?3?5UID?5@FNODOBFM@ 0000000140021370     arcinit.obj
 0001:000203b0       ??_C@_0DK@PHPDGAOG@?$CK?5ConfigureContainersRuntime?3?5di@FNODOBFM@ 00000001400213b0     arcinit.obj
 0001:000203f0       ??_C@_0GG@BFFFADFC@?$CK?5ConfigureContainersRuntime?3?5Fa@FNODOBFM@ 00000001400213f0     arcinit.obj
 0001:00020460       ??_C@_0EA@JBBLNOGE@?$CK?5ConfigureContainersRuntime?3?5RA@FNODOBFM@ 0000000140021460     arcinit.obj
 0001:000204a0       ??_C@_0FJ@MOJFHLFO@?$CK?5ConfigureContainersRuntime?3?5Di@FNODOBFM@ 00000001400214a0     arcinit.obj
 0001:00020500       ??_C@_0CO@FOBCLEMJ@?$CK?5ConfigureContainersRuntime?3?5di@FNODOBFM@ 0000000140021500     arcinit.obj
 0001:00020530       ??_C@_0DO@KMBICFHC@?$CK?5ConfigureContainersRuntime?3?5Sy@FNODOBFM@ 0000000140021530     arcinit.obj
 0001:00020570       ??_C@_0DB@JMFIFBDA@leaving?5ConfigureContainersRunti@FNODOBFM@ 0000000140021570     arcinit.obj
 0001:000205b0       ??_C@_0CC@KOGKIGDL@entering?5CheckForVersionMisMatch@FNODOBFM@ 00000001400215b0     arcinit.obj
 0001:000205e0       ??_C@_0CB@BOFDNAKM@This?5is?5a?5code?5stream?5identifier@FNODOBFM@ 00000001400215e0     arcinit.obj
 0001:00020610       ??_C@_1CE@PCDJGPON@?$AAB?$AAa?$AAd?$AA?5?$AAV?$AAe?$AAr?$AAs?$AAi?$AAo?$AAn?$AA?5?$AAM?$AAa?$AAt?$AAc?$AAh?$AA?$AA@FNODOBFM@ 0000000140021610     arcinit.obj
 0001:00020640       ??_C@_0DF@MNNMPGOO@?$CK?5Version?5Mismatch?3?5Bios?3?$CFd?0?5Fir@FNODOBFM@ 0000000140021640     arcinit.obj
 0001:00020680       ??_C@_0EC@DEDLMEPI@leving?5CheckForVersionMisMatch?5w@FNODOBFM@ 0000000140021680     arcinit.obj
 0001:000206d0       ??_C@_0BN@GKEKJNDP@?$CFs?5Driver?5entry?5rtnval?5?$DN?5?$CFx?6?$AA@FNODOBFM@ 00000001400216d0     arcinit.obj
 0001:000206f0       ??_C@_0DD@FIIKPLIC@?$CFs?3?5Driver?5FindAdapter?5?9?5invalid@FNODOBFM@ 00000001400216f0     arcinit.obj
 0001:00020730       ??_C@_0M@NCHBOPE@kernalprint?$AA@FNODOBFM@ 0000000140021730     arcinit.obj
 0001:00020740       ??_C@_0BE@IDLOJBGB@?$CK?5KERNAL?5PRINT?5?$DN?51?6?$AA@FNODOBFM@ 0000000140021740     arcinit.obj
 0001:00020760       ??_C@_0BG@INJAEJHE@entering?5FindAdapter?6?$AA@FNODOBFM@ 0000000140021760     arcinit.obj
 0001:00020780       ??_C@_0FD@NLKPIIHJ@?$CK?5This?5is?5WS03?5R2?0?5Vista?5or?5Long@FNODOBFM@ 0000000140021780     arcinit.obj
 0001:000207e0       ??_C@_0FF@EIPBDAPC@?$CK?$CK?$CK?$CK?$CK?5Size?5of?5PORT_CONFIGURATION@FNODOBFM@ 00000001400217e0     arcinit.obj
 0001:00020840       ??_C@_0EF@MDPAOPOH@?$CK?5HwScsiFindAdapter?3?5DeviceExten@FNODOBFM@ 0000000140021840     arcinit.obj
 0001:00020890       ??_C@_0CD@BBBDOKPE@?$CK?5Returned?5PCI?5bus?5data?5length?$DN?$CF@FNODOBFM@ 0000000140021890     arcinit.obj
 0001:000208c0       ??_C@_0BB@ELNGMCEN@BreakPointHelper?$AA@FNODOBFM@ 00000001400218c0     arcinit.obj
 0001:000208e0       ??_C@_0BN@NMODDHNP@?$CK?53?5seconds?5waiting?5is?5done?6?$AA@FNODOBFM@ 00000001400218e0     arcinit.obj
 0001:00020900       ??_C@_0DD@OAOECDIB@leaving?5FindAdapter?5?9?5StorPortGe@FNODOBFM@ 0000000140021900     arcinit.obj
 0001:00020940       ??_C@_0DF@ODNFGMFG@?$CK?5leaving?5FindAdapter?5?9?5StorPort@FNODOBFM@ 0000000140021940     arcinit.obj
 0001:00020980       ??_C@_0BN@FJDEMAMC@?$CK?50x40?5PCI?5Bus?5Data?5read?5in?6?$AA@FNODOBFM@ 0000000140021980     arcinit.obj
 0001:000209a0       ??_C@_0BN@INBKDNHG@?$CK?50xFF?5PCI?5Bus?5Data?5read?5in?6?$AA@FNODOBFM@ 00000001400219a0     arcinit.obj
 0001:000209c0       ??_C@_0DB@DAIGEFPJ@?$CK?5No?5Support?5on?5Capabilties?5list@FNODOBFM@ 00000001400219c0     arcinit.obj
 0001:00020a00       ??_C@_0BM@KCLFMKNE@?$CK?5Capability_offset?5?$DN?50x?$CFx?5?$AA@FNODOBFM@ 0000000140021a00     arcinit.obj
 0001:00020a20       ??_C@_0BJ@KNABCMMM@?5?9?9?$DOcapabilty_id?5?$DN?50x?$CFx?6?$AA@FNODOBFM@ 0000000140021a20     arcinit.obj
 0001:00020a40       ??_C@_0BK@JIIOJNIO@?$CK?5Message_control?5?$DN?50x?$CFx?6?$AA@FNODOBFM@ 0000000140021a40     arcinit.obj
 0001:00020a60       ??_C@_0BF@HNFCBKLM@?$CK?5HW?5supports?5MSI?9X?6?$AA@FNODOBFM@ 0000000140021a60     arcinit.obj
 0001:00020a80       ??_C@_0L@BLEMHNKF@archbamode?$AA@FNODOBFM@ 0000000140021a80     arcinit.obj
 0001:00020a90       ??_C@_0BM@OFPMAGCK@?$CK?5ARC?5HBA?5MODE?5setting?3?5?$CFd?6?$AA@FNODOBFM@ 0000000140021a90     arcinit.obj
 0001:00020ab0       ??_C@_07IICIIOGL@fibdump?$AA@FNODOBFM@ 0000000140021ab0     arcinit.obj
 0001:00020ac0       ??_C@_0BI@NEHBJBBP@?$CK?5FIB?5DUMP?5setting?3?5?$CFd?6?$AA@FNODOBFM@ 0000000140021ac0     arcinit.obj
 0001:00020ae0       ??_C@_09LEIBFFMJ@forceintx?$AA@FNODOBFM@ 0000000140021ae0     arcinit.obj
 0001:00020af0       ??_C@_0N@FCLAIEBP@forcepolling?$AA@FNODOBFM@ 0000000140021af0     arcinit.obj
 0001:00020b00       ??_C@_0DI@MNEPEDIK@?$CK?5StorPortGetActiveGroupCount?5ha@FNODOBFM@ 0000000140021b00     arcinit.obj
 0001:00020b40       ??_C@_0ED@JJDFFHPI@?$CK?5StorPortGetActiveGroupCount?5re@FNODOBFM@ 0000000140021b40     arcinit.obj
 0001:00020b90       ??_C@_0DJ@FDFDEBND@?$CK?5StorPortGetHighestNodeNumber?5h@FNODOBFM@ 0000000140021b90     arcinit.obj
 0001:00020bd0       ??_C@_0EL@PIGODLHL@?$CK?5StorPortGetHighestNodeNumber?5r@FNODOBFM@ 0000000140021bd0     arcinit.obj
 0001:00020c20       ??_C@_0EM@HBPALBEJ@?$CK?5StorPortGetHighestNodeNumber?5r@FNODOBFM@ 0000000140021c20     arcinit.obj
 0001:00020c70       ??_C@_0DF@EDOFIEGL@?$CK?5StorPortGetGroupAffinity?5has?5n@FNODOBFM@ 0000000140021c70     arcinit.obj
 0001:00020cb0       ??_C@_0HE@CADMEBCK@?$CK?5StorPortGetGroupAffinity?5retur@FNODOBFM@ 0000000140021cb0     arcinit.obj
 0001:00020d30       ??_C@_0EI@OFPHCHHN@?$CK?5StorPortGetGroupAffinity?5retur@FNODOBFM@ 0000000140021d30     arcinit.obj
 0001:00020d80       ??_C@_0EO@MADFJJKE@?$CK?5StorPortGetGroupAffinity?5retur@FNODOBFM@ 0000000140021d80     arcinit.obj
 0001:00020dd0       ??_C@_0P@JECJMKHH@runspecialcode?$AA@FNODOBFM@ 0000000140021dd0     arcinit.obj
 0001:00020de0       ??_C@_0BI@LHEEIHDL@?$CK?5RUN?5SPECIAL?5CODE?5?$DN?51?6?$AA@FNODOBFM@ 0000000140021de0     arcinit.obj
 0001:00020e00       ??_C@_0BI@LGIGONAM@?$CK?5RUN?5SPECIAL?5CODE?5?$DN?50?6?$AA@FNODOBFM@ 0000000140021e00     arcinit.obj
 0001:00020e20       ??_C@_0N@DDALOBCN@enablekidnap?$AA@FNODOBFM@ 0000000140021e20     arcinit.obj
 0001:00020e30       ??_C@_0BE@NKPEGEFN@?$CK?5Catchfib?5enabled?6?$AA@FNODOBFM@ 0000000140021e30     arcinit.obj
 0001:00020e50       ??_C@_0BI@PLLAPJLO@?$CK?5Catchfib?5not?5enabled?6?$AA@FNODOBFM@ 0000000140021e50     arcinit.obj
 0001:00020e70       ??_C@_0M@KNIKEID@kidnapvalve?$AA@FNODOBFM@ 0000000140021e70     arcinit.obj
 0001:00020e80       ??_C@_0BF@CEDJMGLL@?$CK?5KIDNAP?5VALVE?5?$DN?5?$CFd?6?$AA@FNODOBFM@ 0000000140021e80     arcinit.obj
 0001:00020ea0       ??_C@_0O@OCGMBHKL@checkinterval?$AA@FNODOBFM@ 0000000140021ea0     arcinit.obj
 0001:00020eb0       ??_C@_0CM@FEFEBKKC@?$CK?5IOP?5RESET?5COMPLETION?5Check?5Int@FNODOBFM@ 0000000140021eb0     arcinit.obj
 0001:00020ee0       ??_C@_0N@MOEJGNKK@stallseconds?$AA@FNODOBFM@ 0000000140021ee0     arcinit.obj
 0001:00020ef0       ??_C@_0BG@DLFLFJEO@?$CK?5STALL?5SECONDS?5?$DN?5?$CFd?6?$AA@FNODOBFM@ 0000000140021ef0     arcinit.obj
 0001:00020f10       ??_C@_0O@BPMKJHCJ@hbaqueuedepth?$AA@FNODOBFM@ 0000000140021f10     arcinit.obj
 0001:00020f20       ??_C@_0BI@IIHNBKPK@?$CK?5HBA?5QUEUE?5DEPTH?5?$DN?5?$CFd?6?$AA@FNODOBFM@ 0000000140021f20     arcinit.obj
 0001:00020f40       ??_C@_04GGLOKIEE@dump?$AA@FNODOBFM@ 0000000140021f40     arcinit.obj
 0001:00020f50       ??_C@_05FDLGEGEK@ntldr?$AA@FNODOBFM@ 0000000140021f50     arcinit.obj
 0001:00020f60       ??_C@_05PMICOLGA@hiber?$AA@FNODOBFM@ 0000000140021f60     arcinit.obj
 0001:00020f70       ??_C@_0CD@JEMNEMMP@?$CK?$CK?$CK?$CK?5dump?5?$HM?5ntldr?5?$HM?5hiber?5is?5TRU@FNODOBFM@ 0000000140021f70     arcinit.obj
 0001:00020fa0       ??_C@_0BK@NELCFLHO@?$CK?5Switching?5to?5INTx?5mode?6?$AA@FNODOBFM@ 0000000140021fa0     arcinit.obj
 0001:00020fc0       ??_C@_09IPELKJIO@BLEDCheck?$AA@FNODOBFM@ 0000000140021fc0     arcinit.obj
 0001:00020fd0       ??_C@_0L@NIPCGJOG@DPCAllowed?$AA@FNODOBFM@ 0000000140021fd0     arcinit.obj
 0001:00020fe0       ??_C@_09CHINNNMJ@CSMI?$DNNone?$AA@FNODOBFM@ 0000000140021fe0     arcinit.obj
 0001:00020ff0       ??_C@_0BA@BKKNJKOP@CSMI?$DNRestricted?$AA@FNODOBFM@ 0000000140021ff0     arcinit.obj
 0001:00021000       ??_C@_09PKBPEONE@CSMI?$DNFull?$AA@FNODOBFM@ 0000000140022000     arcinit.obj
 0001:00021010       ??_C@_0CJ@JHBMKCEI@leaving?5FindAdapter?5?9?5PCI?5Id?5not@FNODOBFM@ 0000000140022010     arcinit.obj
 0001:00021040       ??_C@_0CL@HDBMPJMP@?$CK?5leaving?5FindAdapter?5?9?5PCI?5Id?5n@FNODOBFM@ 0000000140022040     arcinit.obj
 0001:00021070       ??_C@_0CH@LNPKNDMP@Rx?3?5BAR0?5Range?50x?$CFlx?5MappedSize?5@FNODOBFM@ 0000000140022070     arcinit.obj
 0001:000210a0       ??_C@_0DF@OFCBAPFL@leaving?5FindAdapter?5?9?5fail?5mappi@FNODOBFM@ 00000001400220a0     arcinit.obj
 0001:000210e0       ??_C@_0DH@MNDLADLD@?$CK?5leaving?5FindAdapter?5?9?5fail?5map@FNODOBFM@ 00000001400220e0     arcinit.obj
 0001:00021120       ??_C@_0DC@NODBFDAD@leaving?5FindAdapter?5?9?5illegal?5FW@FNODOBFM@ 0000000140022120     arcinit.obj
 0001:00021160       ??_C@_0EH@FLDBENFC@?$CK?5leaving?5FindAdapter?5?9?5illegal?5@FNODOBFM@ 0000000140022160     arcinit.obj
 0001:000211b0       ??_C@_0EI@ILGHPFNM@?$CK?5FULL?564?5BIT?5addressing?5support@FNODOBFM@ 00000001400221b0     arcinit.obj
 0001:00021200       ??_C@_0CD@NJEIKDOH@?$CK?5New?5outstanding?5number?5chose?3?$CF@FNODOBFM@ 0000000140022200     arcinit.obj
 0001:00021230       ??_C@_0CD@CCLGIJ@?$CK?5Old?5outstanding?5number?5chose?3?$CF@FNODOBFM@ 0000000140022230     arcinit.obj
 0001:00021260       ??_C@_05JGHMLIKJ@devqd?$AA@FNODOBFM@ 0000000140022260     arcinit.obj
 0001:00021270       ??_C@_0O@EPNNFPIH@?$CK?5DEV?5QD?3?5?$CFd?6?$AA@FNODOBFM@ 0000000140022270     arcinit.obj
 0001:00021280       ??_C@_0N@OEGLNJCG@ioctlbufsize?$AA@FNODOBFM@ 0000000140022280     arcinit.obj
 0001:00021290       ??_C@_0CI@LFOBEGIG@?$CK?5This?5is?564?9bit?5Vista?5or?5Longho@FNODOBFM@ 0000000140022290     arcinit.obj
 0001:000212c0       ??_C@_0DB@NLEKMFMO@?$CK?5This?5is?532?9bit?5WS03?5R2?0?5Vista?5@FNODOBFM@ 00000001400222c0     arcinit.obj
 0001:00021300       ??_C@_0CA@DJAEOOFI@?$CK?5This?5is?564?9bit?5WS03?5SP1?5?4?4?4?5?6?$AA@FNODOBFM@ 0000000140022300     arcinit.obj
 0001:00021320       ??_C@_0CA@IELABMFO@?$CK?5This?5is?532?9bit?5WS03?5SP1?5?4?4?4?5?6?$AA@FNODOBFM@ 0000000140022320     arcinit.obj
 0001:00021340       ??_C@_0CA@MNGBKCLD@?$CK?5This?5is?532?9bit?5WS03?5RTM?5?4?4?4?5?6?$AA@FNODOBFM@ 0000000140022340     arcinit.obj
 0001:00021360       ??_C@_0BL@FPDNGGII@?$CK?5Adapter?5is?5in?5poll?5mode?6?$AA@FNODOBFM@ 0000000140022360     arcinit.obj
 0001:00021380       ??_C@_0CO@NGAJFGIM@?$CK?5pDeviceExtension?9?$DONewCommInter@FNODOBFM@ 0000000140022380     arcinit.obj
 0001:000213b0       ??_C@_0CE@MCFGELJ@?$CK?5pDeviceExtension?9?$DOVendorId?3?50x@FNODOBFM@ 00000001400223b0     arcinit.obj
 0001:000213e0       ??_C@_0CE@PNKCKBKJ@?$CK?5pDeviceExtension?9?$DODeviceId?3?50x@FNODOBFM@ 00000001400223e0     arcinit.obj
 0001:00021410       ??_C@_0CH@NNKEKBEL@?$CK?5pDeviceExtension?9?$DOSubVendorId?3@FNODOBFM@ 0000000140022410     arcinit.obj
 0001:00021440       ??_C@_0CH@BEBMHIHH@?$CK?5pDeviceExtension?9?$DOSubSystemId?3@FNODOBFM@ 0000000140022440     arcinit.obj
 0001:00021470       ??_C@_0CB@ELGCJIGA@?$CK?5Uncached?5Memory?5address?3?50x?$CFp?6@FNODOBFM@ 0000000140022470     arcinit.obj
 0001:000214a0       ??_C@_0CH@CKCEEBMD@?$CK?5Uncached?5Memory?5allocated?3?50x?$CF@FNODOBFM@ 00000001400224a0     arcinit.obj
 0001:000214d0       ??_C@_0DK@INJPNBCP@?$CK?5MailBox?51?3?$CFx?0?5MailBox?52?3?$CFx?0?5Ma@FNODOBFM@ 00000001400224d0     arcinit.obj
 0001:00021510       ??_C@_0DB@DBAPOAM@?$CK?5pDeviceExtension?9?$DOMaxOutstandi@FNODOBFM@ 0000000140022510     arcinit.obj
 0001:00021550       ??_C@_0DF@CKKIGFIG@?$CK?5pDeviceExtension?9?$DOMaxMSIXVecto@FNODOBFM@ 0000000140022550     arcinit.obj
 0001:00021590       ??_C@_0M@EHMNKBMA@forcev8tov7?$AA@FNODOBFM@ 0000000140022590     arcinit.obj
 0001:000215a0       ??_C@_0CA@HGCPDEFI@?$CK?5SupportV8InitStruct?5Flag?3?5?$CFd?6?$AA@FNODOBFM@ 00000001400225a0     arcinit.obj
 0001:000215c0       ??_C@_0BA@EOIIECBM@loopbacklatency?$AA@FNODOBFM@ 00000001400225c0     arcinit.obj
 0001:000215d0       ??_C@_0BC@BDCJEMN@?$CK?5FORCE?5INTX?3?5?$CFd?6?$AA@FNODOBFM@ 00000001400225d0     arcinit.obj
 0001:000215f0       ??_C@_0BF@FJIEGFMA@?$CK?5FORCE?5POLLING?3?5?$CFd?6?$AA@FNODOBFM@ 00000001400225f0     arcinit.obj
 0001:00021610       ??_C@_0CN@OMCAJNOM@?$CK?5?$DN?$DN?$DN?$DN?$DN?$DN?$DO?5Front?5Vector?5Number?5is@FNODOBFM@ 0000000140022610     arcinit.obj
 0001:00021640       ??_C@_0CI@BJJEDHMG@?$CK?5pDeviceExtension?9?$DOVectorCapaci@FNODOBFM@ 0000000140022640     arcinit.obj
 0001:00021670       ??_C@_0DE@JJAKLEJD@?$CK?5pDeviceExtension?9?$DOMSIXIoThrott@FNODOBFM@ 0000000140022670     arcinit.obj
 0001:000216b0       ??_C@_0DF@LMKAIIEG@?$CK?5pDeviceExtension?9?$DOMSIXIoThrott@FNODOBFM@ 00000001400226b0     arcinit.obj
 0001:000216f0       ??_C@_0BK@NKHDFADJ@?$CK?5CPU?5Group?5number?5is?5?$CFd?6?$AA@FNODOBFM@ 00000001400226f0     arcinit.obj
 0001:00021710       ??_C@_0BJ@OBKJCBPL@?$CK?5CPU?5Node?5number?5is?5?$CFd?6?$AA@FNODOBFM@ 0000000140022710     arcinit.obj
 0001:00021730       ??_C@_0BI@KNCDOCH@?$CK?5Node?5per?5Group?5is?5?$CFd?6?$AA@FNODOBFM@ 0000000140022730     arcinit.obj
 0001:00021750       ??_C@_0BH@FMFCFLGH@?$CK?5Core?5per?5Node?5is?5?$CFd?6?$AA@FNODOBFM@ 0000000140022750     arcinit.obj
 0001:00021770       ??_C@_0CB@HDFPBACC@?$CK?5System?5processor?5number?5is?5?$CFd?6@FNODOBFM@ 0000000140022770     arcinit.obj
 0001:000217a0       ??_C@_0CI@EOOKBOFL@?$CK?5?$DN?$DN?$DN?$DN?$DN?$DN?$DO?5End?5of?5Front?5summary?5?$DM@FNODOBFM@ 00000001400227a0     arcinit.obj
 0001:000217d0       ??_C@_0DE@FBKNPKIG@?$CK?5?$DN?$DN?$DN?$DN?$DN?$DN?$DO?5inside?5finalizing?5vect@FNODOBFM@ 00000001400227d0     arcinit.obj
 0001:00021810       ??_C@_06DCBAGJIF@vecnum?$AA@FNODOBFM@ 0000000140022810     arcinit.obj
 0001:00021820       ??_C@_0EB@PLAOEAEF@?$CK?5Valid_MSIX_Vectors?5is?5reset?5to@FNODOBFM@ 0000000140022820     arcinit.obj
 0001:00021870       ??_C@_0CN@KPEBIFEO@?$CK?5?$DN?$DN?$DN?$DN?$DN?$DN?$DO?5Final?5Vector?5Number?5is@FNODOBFM@ 0000000140022870     arcinit.obj
 0001:000218a0       ??_C@_0CC@CEGCGDDK@?$CK?5?$DN?$DN?$DN?$DN?$DN?$DN?$DO?5End?5of?5summary?5?$DM?$DN?$DN?$DN?$DN?$DN?$DN@FNODOBFM@ 00000001400228a0     arcinit.obj
 0001:000218d0       ??_C@_0EC@KMMHNEKL@?$CK?5ConfigInfo?9?$DOHwMSInterruptRouti@FNODOBFM@ 00000001400228d0     arcinit.obj
 0001:00021920       ??_C@_0BH@CDLDBOJF@?$CK?5SrbExtensionSize?3?$CFx?6?$AA@FNODOBFM@ 0000000140022920     arcinit.obj
 0001:00021940       ??_C@_0EK@GNODIBNL@?$CK?5MiniARC?5Interface?5?9?5?5CommandSi@FNODOBFM@ 0000000140022940     arcinit.obj
 0001:00021990       ??_C@_0EL@HJMLPDNI@?$CK?5New?5Comm?5Interface?5?9?5?5CommandS@FNODOBFM@ 0000000140022990     arcinit.obj
 0001:000219e0       ??_C@_0CM@NKHNJDEG@leaving?5FindAdapter?5?9?5fail?5initi@FNODOBFM@ 00000001400229e0     arcinit.obj
 0001:00021a10       ??_C@_0CO@GHEIBKDI@?$CK?5leaving?5FindAdapter?5?9?5fail?5ini@FNODOBFM@ 0000000140022a10     arcinit.obj
 0001:00021a40       ??_C@_1EA@GNKDGDHK@?$AAA?$AAd?$AAa?$AAp?$AAt?$AAe?$AAr?$AA?5?$AAg?$AAo?$AAt?$AA?5?$AAi?$AAn?$AAv?$AAa?$AAl?$AAi?$AAd?$AA?5?$AAh?$AAo?$AAs?$AAt?$AA?5?$AAw?$AAi?$AAn?$AAd?$AAo?$AAw?$AA?$AA@FNODOBFM@ 0000000140022a40     arcinit.obj
 0001:00021a80       ??_C@_1EI@NELDFHEH@?$AAA?$AAd?$AAa?$AAp?$AAt?$AAe?$AAr?$AA?5?$AAd?$AAo?$AAe?$AAs?$AA?5?$AAn?$AAo?$AAt?$AA?5?$AAs?$AAu?$AAp?$AAp?$AAo?$AAr?$AAt?$AA?5?$AA4?$AAG?$AAB?$AA?5?$AAw?$AAi?$AAn@FNODOBFM@ 0000000140022a80     arcinit.obj
 0001:00021ad0       ??_C@_0DC@BFHJHJOO@?$CK?5fail?5SynFibCT_SET_MINIARC_HOST@FNODOBFM@ 0000000140022ad0     arcinit.obj
 0001:00021b10       ??_C@_0DF@KABMIJBB@?$CK?5RequestSupplementAdapterInfo?0?5@FNODOBFM@ 0000000140022b10     arcinit.obj
 0001:00021b50       ??_C@_0CE@IADADNNA@?$CK?5Use?5MU?5Register?5for?5IOP_Reset?4@FNODOBFM@ 0000000140022b50     arcinit.obj
 0001:00021b80       ??_C@_0CJ@LHHNJCHI@?$CK?5Use?5inbound?5doorbell?5for?5IOP_R@FNODOBFM@ 0000000140022b80     arcinit.obj
 0001:00021bb0       ??_C@_0DI@LGINDMLA@?$CK?5ERROR?3?5FW?5does?5not?5provide?5whi@FNODOBFM@ 0000000140022bb0     arcinit.obj
 0001:00021bf0       ??_C@_0BP@DJKPJIGJ@?$CK?5Ignore_IOP_Reset?5is?5set?5?4?4?4?6?$AA@FNODOBFM@ 0000000140022bf0     arcinit.obj
 0001:00021c10       ??_C@_0CK@LEDHDPPJ@?$CK?5Disk?5Power?5Management?5is?5suppo@FNODOBFM@ 0000000140022c10     arcinit.obj
 0001:00021c40       ??_C@_0CJ@PJOACPGJ@?$CK?5This?5firmware?5supports?5fast?5JB@FNODOBFM@ 0000000140022c40     arcinit.obj
 0001:00021c70       ??_C@_0DB@HEHLEMPI@?$CK?5Controller?5Firmware?5supports?5S@FNODOBFM@ 0000000140022c70     arcinit.obj
 0001:00021cb0       ??_C@_0CI@CJPAOACI@?$CK?5Controller?5Firmware?5supports?52@FNODOBFM@ 0000000140022cb0     arcinit.obj
 0001:00021ce0       ??_C@_0BM@LNCHEOOO@?$CK?5Virtual?5B?1T?1L?5?$CI?$CFd?1?$CFd?1?$CFd?$CJ?6?$AA@FNODOBFM@ 0000000140022ce0     arcinit.obj
 0001:00021d00       ??_C@_0DA@OBMGONKI@?$CK?5Driver?5got?5SUPPORTED_NATIVE_HB@FNODOBFM@ 0000000140022d00     arcinit.obj
 0001:00021d30       ??_C@_0DI@GIKAIFLA@?$CK?5Driver?5did?5not?5get?5SUPPORTED_N@FNODOBFM@ 0000000140022d30     arcinit.obj
 0001:00021d70       ??_C@_0BH@LMHJIEKF@?$CK?5ExposeNonDASD?5is?5?$CFx?6?$AA@FNODOBFM@ 0000000140022d70     arcinit.obj
 0001:00021d90       ??_C@_0BB@JIKBMNNG@QueueDepthPerLun?$AA@FNODOBFM@ 0000000140022d90     arcinit.obj
 0001:00021db0       ??_C@_0N@GDDJMKFE@PauseIOLimit?$AA@FNODOBFM@ 0000000140022db0     arcinit.obj
 0001:00021dc0       ??_C@_0O@LIIBGGCF@ResumeIOLimit?$AA@FNODOBFM@ 0000000140022dc0     arcinit.obj
 0001:00021dd0       ??_C@_0O@OKMDGJBG@ConvertSGList?$AA@FNODOBFM@ 0000000140022dd0     arcinit.obj
 0001:00021de0       ??_C@_0BE@IIJOOEPG@QueueStartThreshold?$AA@FNODOBFM@ 0000000140022de0     arcinit.obj
 0001:00021e00       ??_C@_0BD@CEDPKLI@QueueDumpThreshold?$AA@FNODOBFM@ 0000000140022e00     arcinit.obj
 0001:00021e20       ??_C@_0BA@NLIGFJMK@MaxIoSizeQueued?$AA@FNODOBFM@ 0000000140022e20     arcinit.obj
 0001:00021e30       ??_C@_0N@MLHJOFDC@QueueAllowed?$AA@FNODOBFM@ 0000000140022e30     arcinit.obj
 0001:00021e40       ??_C@_0BC@IEBJFOIJ@FlushSizeInBlocks?$AA@FNODOBFM@ 0000000140022e40     arcinit.obj
 0001:00021e60       ??_C@_0EA@OJJGPBKL@leaving?5FindAdapter?5?9?5fail?5Handl@FNODOBFM@ 0000000140022e60     arcinit.obj
 0001:00021ea0       ??_C@_0EC@HNCBOCML@?$CK?5leaving?5FindAdapter?5?9?5fail?5Han@FNODOBFM@ 0000000140022ea0     arcinit.obj
 0001:00021ef0       ??_C@_09NBOIBGGK@EnableWMI?$AA@FNODOBFM@ 0000000140022ef0     arcinit.obj
 0001:00021f00       ??_C@_0DH@OIMAJCMK@?$CK?5?9?5Driver?5version?5?$CFs?0?5adapter?5n@FNODOBFM@ 0000000140022f00     arcinit.obj
 0001:00021f40       ??_C@_0DF@NGIHOECA@?$CK?5?9?5Size?5of?5HwDevExt?$DN0x?$CFx?4?5Size?5@FNODOBFM@ 0000000140022f40     arcinit.obj
 0001:00021f80       ??_C@_0IC@BPBMMOAO@?$CK?5?9?5Size?$CISrbExt?$CJ?$DN0x?$CFx?4?5sizeof?$CIFI@FNODOBFM@ 0000000140022f80     arcinit.obj
 0001:00022010       ??_C@_0CA@ENCHFGMA@?$CK?5?9?5reported?5Size?$CISrbExt?$CJ?$DN0x?$CFx?6?$AA@FNODOBFM@ 0000000140023010     arcinit.obj
 0001:00022030       ??_C@_0BG@JAEBOKND@?$CK?5?9?5Done?5FindAdapter?6?$AA@FNODOBFM@ 0000000140023030     arcinit.obj
 0001:00022050       ??_C@_0FF@LMEIGAGF@?$CK?5?9?5ConfigInfo?9?$DOMaximumTransferL@FNODOBFM@ 0000000140023050     arcinit.obj
 0001:000220b0       ??_C@_0CG@GOHAMHPA@leaving?5FindAdapter?5?9?5adapter?5fo@FNODOBFM@ 00000001400230b0     arcinit.obj
 0001:000220e0       ??_C@_0BN@DGMFEGDN@entering?5GetElapsedSeconds?5?6?$AA@FNODOBFM@ 00000001400230e0     arcinit.obj
 0001:00022100       ??_C@_0DD@GOLHMOHG@leaving?5GetElapsedSeconds?5?9?5seco@FNODOBFM@ 0000000140023100     arcinit.obj
 0001:00022140       ??_C@_0CJ@KCPJKGH@entering?5IsAdapterReadyForConfig@FNODOBFM@ 0000000140023140     arcinit.obj
 0001:00022170       ??_C@_0DB@PNDBFHEI@IsAdapterReadyForConfigCommand?3?5@FNODOBFM@ 0000000140023170     arcinit.obj
 0001:000221b0       ??_C@_0CH@PFKKGKLP@IsAdapterReadyForConfigCommand?3?5@FNODOBFM@ 00000001400231b0     arcinit.obj
 0001:000221e0       ??_C@_0DJ@FMKIDFML@?$CK?5leaving?5IsAdapterReadyForConfi@FNODOBFM@ 00000001400231e0     arcinit.obj
 0001:00022220       ??_C@_0CI@LLJGECEO@leaving?5IsAdapterReadyForConfigC@FNODOBFM@ 0000000140023220     arcinit.obj
 0001:00022250       ??_C@_0BD@LJONEFCN@entering?5IOPReset?6?$AA@FNODOBFM@ 0000000140023250     arcinit.obj
 0001:00022270       ??_C@_0EN@CPGMGMBD@?$CK?$CK?5Fail?5to?5iopreset?5the?5adapter?5@FNODOBFM@ 0000000140023270     arcinit.obj
 0001:000222c0       ??_C@_0GF@NGDIBMBA@?$CK?5Driver?5has?5been?5waiting?55?5seco@FNODOBFM@ 00000001400232c0     arcinit.obj
 0001:00022330       ??_C@_1CG@OOCCJMGE@?$AAI?$AAO?$AAP?$AA?5?$AAR?$AAE?$AAS?$AAE?$AAT?$AA?5?$AAd?$AAi?$AAs?$AAa?$AAb?$AAl?$AAe?$AAd?$AA?$AA@FNODOBFM@ 0000000140023330     arcinit.obj
 0001:00022360       ??_C@_1CC@HLNFBNCO@?$AAI?$AAO?$AAP?$AA?5?$AAR?$AAE?$AAS?$AAE?$AAT?$AA?5?$AAf?$AAa?$AAi?$AAl?$AAe?$AAd?$AA?$AA@FNODOBFM@ 0000000140023360     arcinit.obj
 0001:00022390       ??_C@_0DE@GCJLBNBN@?$CK?$CK?5Fail?5to?5iopreset?5the?5adapter?0@FNODOBFM@ 0000000140023390     arcinit.obj
 0001:000223d0       ??_C@_0BI@DKKBLGKC@?$CK?$CK?5IOPReset?5succeeded?4?6?$AA@FNODOBFM@ 00000001400233d0     arcinit.obj
 0001:000223f0       ??_C@_0DG@MCABGJKN@Driver?5should?5not?5work?5under?5MSI@FNODOBFM@ 00000001400233f0     arcinit.obj
 0001:00022430       ??_C@_0DE@DDNIODIO@?$CK?5Set?5pInitStruct?9?$DONoOfMsiVector@FNODOBFM@ 0000000140023430     arcinit.obj
 0001:00022470       ??_C@_0BC@JKJGEENA@leaving?5IOPReset?6?$AA@FNODOBFM@ 0000000140023470     arcinit.obj
 0001:00022490       ??_C@_0HE@MJKNAGNA@?$CK?$CK?5Fib2?5sent?560?5seconds?5ago?3?5B?1T@FNODOBFM@ 0000000140023490     arcinit.obj
 0001:00022510       ??_C@_0HE@MLFEGAEP@?$CK?$CK?5Fib1?5sent?560?5seconds?5ago?3?5B?1T@FNODOBFM@ 0000000140023510     arcinit.obj
 0001:00022590       ??_C@_0EB@NJFNJFPK@?$CK?$CK?5Driver?5internal?5AIF?5FIB?5has?5n@FNODOBFM@ 0000000140023590     arcinit.obj
 0001:000225e0       ??_C@_0EN@EHHFOLPM@?$CK?$CK?5returned?5?$CFd?5SRB?5to?5OS?5at?5Retu@FNODOBFM@ 00000001400235e0     arcinit.obj
 0001:00022630       ??_C@_0EB@JKABANOB@?$CK?$CK?5Returned?5?$CFd?5SRB?5to?5OS?5at?5Retu@FNODOBFM@ 0000000140023630     arcinit.obj
 0001:00022680       ??_C@_0BK@OLLEIHIC@?$CK?5Switching?5to?5MSIx?5mode?6?$AA@FNODOBFM@ 0000000140023680     arcinit.obj
 0001:000226a0       ??_C@_0BA@EAOKKBLN@?$CK?5MSIx?5Enabled?6?$AA@FNODOBFM@ 00000001400236a0     arcinit.obj
 0001:000226b0       ??_C@_0EB@JEEKIEDM@?$CK?5Set?5pInitStruct?9?$DONoOfMsiVector@FNODOBFM@ 00000001400236b0     arcinit.obj
 0001:00022700       ??_C@_0EA@DFHNCIMC@?$CK?5Set?5pInitStruct?9?$DONoOfMsiVector@FNODOBFM@ 0000000140023700     arcinit.obj
 0001:00022740       ??_C@_0FP@EFJPBKEO@?$CK?5Valid?5Vector?$CI?$CFd?$CJ?0?5msix?5capabil@FNODOBFM@ 0000000140023740     arcinit.obj
 0001:000227a0       ??_C@_0CE@KCFAPPCO@?$CK?5Coalescing?5Disabled?5in?5INTx?5Mo@FNODOBFM@ 00000001400237a0     arcinit.obj
 0001:000227d0       ??_C@_0BE@OKKJEBLK@?$CK?5MSIX?5NOT?5Enabled?6?$AA@FNODOBFM@ 00000001400237d0     arcinit.obj
 0001:000227f0       ??_C@_0DJ@NFBMPICJ@?$CK?5Thor?5V8?5INIT?5structure?5sent?5su@FNODOBFM@ 00000001400237f0     arcinit.obj
 0001:00022830       ??_C@_0DK@LLCEGMEJ@?$CK?5NON?9Thor?5INIT?5structure?5sent?5s@FNODOBFM@ 0000000140023830     arcinit.obj
 0001:00022870       ??_C@_0DE@DCIDKABN@?$CK?5V8?5INIT?5structure?5sent?5success@FNODOBFM@ 0000000140023870     arcinit.obj
 0001:000228b0       ??_C@_0DI@LJKDAFIG@?$CK?5NON?9V8?5INIT?5structure?5sent?5suc@FNODOBFM@ 00000001400238b0     arcinit.obj
 0001:000228f0       ??_C@_0ED@LLOJEJPI@leaving?5HandleAdapterGetConfig?5a@FNODOBFM@ 00000001400238f0     arcinit.obj
 0001:00022940       ??_C@_0EF@MHNEOFPB@?$CK?5leaving?5HandleAdapterGetConfig@FNODOBFM@ 0000000140023940     arcinit.obj
 0001:00022990       ??_C@_0DP@PECHNPGJ@leaving?5HandleAdapterGetConfig?5a@FNODOBFM@ 0000000140023990     arcinit.obj
 0001:000229d0       ??_C@_0EB@CHAPDLOA@?$CK?5leaving?5HandleAdapterGetConfig@FNODOBFM@ 00000001400239d0     arcinit.obj
 0001:00022a20       ??_C@_0EC@JNDOKFCE@leaving?5HandleAdapterCommitConfi@FNODOBFM@ 0000000140023a20     arcinit.obj
 0001:00022a70       ??_C@_0EE@HMHNBLOK@?$CK?5leaving?5HandleAdapterCommitCon@FNODOBFM@ 0000000140023a70     arcinit.obj
 0001:00022ac0       ??_C@_0CE@FDDAIENL@entering?5HandleAdapterConfigIssu@FNODOBFM@ 0000000140023ac0     arcinit.obj
 0001:00022af0       ??_C@_0EG@EOLGKFDM@leaving?5HandleAdapterConfigIssue@FNODOBFM@ 0000000140023af0     arcinit.obj
 0001:00022b40       ??_C@_0EI@BLLNCBDL@?$CK?5leaving?5HandleAdapterConfigIss@FNODOBFM@ 0000000140023b40     arcinit.obj
 0001:00022b90       ??_C@_0EC@KFDDDOGD@leaving?5HandleAdapterConfigIssue@FNODOBFM@ 0000000140023b90     arcinit.obj
 0001:00022be0       ??_C@_0EE@EEHAIAKN@?$CK?5leaving?5HandleAdapterConfigIss@FNODOBFM@ 0000000140023be0     arcinit.obj
 0001:00022c30       ??_C@_0EC@EGKDAAOP@leaving?5HandleAdapterConfigIssue@FNODOBFM@ 0000000140023c30     arcinit.obj
 0001:00022c80       ??_C@_0EE@KHOALOCB@?$CK?5leaving?5HandleAdapterConfigIss@FNODOBFM@ 0000000140023c80     arcinit.obj
 0001:00022cd0       ??_C@_0CD@FIHDJCJC@leaving?5HandleAdapterConfigIssue@FNODOBFM@ 0000000140023cd0     arcinit.obj
 0001:00022d00       ??_C@_0BK@LNIBADPE@?$CK?5Setting?5StatusBatching?6?$AA@FNODOBFM@ 0000000140023d00     arcinit.obj
 0001:00022d20       ??_C@_0EF@JDALIICL@?$CK?5Firmware?5should?5support?5ACI2?5i@FNODOBFM@ 0000000140023d20     arcinit.obj
 0001:00022d70       ??_C@_0CB@DDHFLEBF@?$CK?5FW?5sets?5KERNEL_UP_AND_RUNNING?6@FNODOBFM@ 0000000140023d70     arcinit.obj
 0001:00022da0       ??_C@_0CC@HECBNNJJ@?$CK?5FW?5is?5ready?5for?5config?5command@FNODOBFM@ 0000000140023da0     arcinit.obj
 0001:00022dd0       ??_C@_0BJ@GODFBPEB@?$CK?5Get?5config?5from?5FW?5ok?6?$AA@FNODOBFM@ 0000000140023dd0     arcinit.obj
 0001:00022df0       ??_C@_0BK@PANMBLHC@?$CK?5Commit?5config?5to?5FW?5ok?6?$AA@FNODOBFM@ 0000000140023df0     arcinit.obj
 0001:00022e10       ??_C@_0CA@BDIKNGAL@?$CK?5INIT?5Structure?5sent?5to?5FW?5ok?6?$AA@FNODOBFM@ 0000000140023e10     arcinit.obj
 0001:00022e30       ??_C@_0EE@GNMBAHCA@?$CK?5Get?5FW?5debug?5buffer?5failed?0?5bu@FNODOBFM@ 0000000140023e30     arcinit.obj
 0001:00022e80       ??_C@_0BH@FLOGONBD@?$CK?5?9?5Driver?5version?5?$CFs?6?$AA@FNODOBFM@ 0000000140023e80     arcinit.obj
 0001:00022ea0       ??_C@_0DN@NNHBAELD@SMNormalModeInitAdapter?3?5Soft?5Re@FNODOBFM@ 0000000140023ea0     arcinit.obj
 0001:00022ee0       ??_C@_0BO@IEENCLHE@entering?5HwInitializeAdapter?6?$AA@FNODOBFM@ 0000000140023ee0     arcinit.obj
 0001:00022f00       ??_C@_1CA@OFEHMOBK@?$AAB?$AAa?$AAd?$AA?5?$AAP?$AAo?$AAr?$AAt?$AA?5?$AAD?$AAr?$AAi?$AAv?$AAe?$AAr?$AA?$AA@FNODOBFM@ 0000000140023f00     arcinit.obj
 0001:00022f20       ??_C@_0FM@FIFECPG@?$CK?5pDeviceExtension?9?$DOValid_MSIX_V@FNODOBFM@ 0000000140023f20     arcinit.obj
 0001:00022f80       ??_C@_0EH@ONHPKJKD@?$CK?5StorPortGetMSIInfo?5returned?5Fa@FNODOBFM@ 0000000140023f80     arcinit.obj
 0001:00022fd0       ??_C@_0EC@KLPNNIKH@?$CK?5StorPortGetMSIInfo?5returned?5st@FNODOBFM@ 0000000140023fd0     arcinit.obj
 0001:00023020       ??_C@_0EE@OLLCNNAO@?$CK?5StorPortGetMSIInfo?5returned?5st@FNODOBFM@ 0000000140024020     arcinit.obj
 0001:00023070       ??_C@_0EJ@OBPFJGIJ@?$CK?5StorPortGetMSIInfo?5returned?5st@FNODOBFM@ 0000000140024070     arcinit.obj
 0001:000230c0       ??_C@_0CF@FDBIIPFF@?$CK?5This?5Tupelo?5driver?5is?5MSI?5enab@FNODOBFM@ 00000001400240c0     arcinit.obj
 0001:000230f0       ??_C@_0BO@FHHBMMGN@?$CK?5PerfConfigData?4Flags?3?50x?$CFx?6?$AA@FNODOBFM@ 00000001400240f0     arcinit.obj
 0001:00023110       ??_C@_0FE@LBLIGLIO@GetDoorbellMaskForIOPReset?5retur@FNODOBFM@ 0000000140024110     arcinit.obj
 0001:00023170       ??_C@_0DN@IMFNPMPP@?$CK?5Failed?5to?5Initialize?5Adapter?5i@FNODOBFM@ 0000000140024170     arcinit.obj
 0001:000231b0       ??_C@_0DE@CMNGFMDL@?$CK?5Succeed?5to?5Initialize?5Adapter?5@FNODOBFM@ 00000001400241b0     arcinit.obj
 0001:000231f0       ??_C@_0EG@KGJBNOFG@?$CK?5Failed?5to?5Initialize?5Adapter?5i@FNODOBFM@ 00000001400241f0     arcinit.obj
 0001:00023240       ??_C@_0BP@MCCOMIEF@?$CK?5leaving?5HwInitializeAdapter?6?$AA@FNODOBFM@ 0000000140024240     arcinit.obj
 0001:00023260       ??_C@_0FN@OJHBJJGK@?$CK?5StorPortAllocateContiguousMemo@FNODOBFM@ 0000000140024260     arcinit.obj
 0001:000232c0       ??_C@_0FD@MKBBGMOP@?$CK?5PROBLEM?3?5returnedSize?5?$DN?50?5?$CISto@FNODOBFM@ 00000001400242c0     arcinit.obj
 0001:00023320       ??_C@_0IH@LCJNFDMG@?$CK?5StorPortAllocateContiguousMemo@FNODOBFM@ 0000000140024320     arcinit.obj
 0001:000233b0       ??_C@_0BI@BOGNCAIA@entering?5InitializeDPC?6?$AA@FNODOBFM@ 00000001400243b0     arcinit.obj
 0001:000233d0       ??_C@_0BL@ICGKMMAJ@?$CK?5Start?5scanning?5group?5?$CFd?6?$AA@FNODOBFM@ 00000001400243d0     arcinit.obj
 0001:000233f0       ??_C@_0CO@FDNLALKJ@?$CK?5Group?5Affinity?5for?5msix?5vector@FNODOBFM@ 00000001400243f0     arcinit.obj
 0001:00023420       ??_C@_0DA@FPNPLEPN@?$CK?5NUMA?5node?5for?5MSIX?5vector?5?$CFd?5i@FNODOBFM@ 0000000140024420     arcinit.obj
 0001:00023450       ??_C@_0DP@MAPFHEEH@?$CK?5Outbound?5Queue?5Memory?5allocate@FNODOBFM@ 0000000140024450     arcinit.obj
 0001:00023490       ??_C@_0CG@GFDFODNM@?$CK?5MemoryBlock?5?$CFd?5assigned?5in?5nod@FNODOBFM@ 0000000140024490     arcinit.obj
 0001:000234c0       ??_C@_0DG@CGCBEMEO@?$CK?5MSG?5CAP?5setup?5failed?5?$CIbecause?5@FNODOBFM@ 00000001400244c0     arcinit.obj
 0001:00023500       ??_C@_0ED@CJAGENOE@?$CK?5we?5are?5processing?5last?5MSIX?5ve@FNODOBFM@ 0000000140024500     arcinit.obj
 0001:00023550       ??_C@_0HA@GKDMKHHO@?$CK?5we?5have?5a?5problem?4?5All?5groups?1@FNODOBFM@ 0000000140024550     arcinit.obj
 0001:000235c0       ??_C@_0FD@LFCJJKMC@?$CK?5StorPortGetLogicalProcessorRel@FNODOBFM@ 00000001400245c0     arcinit.obj
 0001:00023620       ??_C@_0BG@FAIHHGLA@?$CK?5Vector?5?$CFd?5is?5done?6?6?$AA@FNODOBFM@ 0000000140024620     arcinit.obj
 0001:00023640       ??_C@_0DJ@MGMHFMAN@?$CK?5Failed?5to?5Initialize?5Adapter?5i@FNODOBFM@ 0000000140024640     arcinit.obj
 0001:00023680       ??_C@_0DA@GDJCAINB@?$CK?5Succeed?5to?5Initialize?5Adapter?5@FNODOBFM@ 0000000140024680     arcinit.obj
 0001:000236b0       ??_C@_0BJ@CFFELFMJ@?$CK?5MSIx?5DPCs?5initialized?6?$AA@FNODOBFM@ 00000001400246b0     arcinit.obj
 0001:000236d0       ??_C@_0BI@LAPEOFCN@?$CK?5?9?5Done?5InitializeDPC?6?$AA@FNODOBFM@ 00000001400246d0     arcinit.obj
 0001:000236f0       ??_C@_0BH@PAHICDNJ@leaving?5InitializeDPC?6?$AA@FNODOBFM@ 00000001400246f0     arcinit.obj
 0001:00023710       ??_C@_0CP@OJKLKHLO@entering?5InitializeConsumerProdu@FNODOBFM@ 0000000140024710     arcinit.obj
 0001:00023740       ??_C@_0DE@MJJEGAKI@leaving?5InitializeConsumerProduc@FNODOBFM@ 0000000140024740     arcinit.obj
 0001:00023780       ??_C@_0CO@NEGLFCOP@leaving?5InitializeConsumerProduc@FNODOBFM@ 0000000140024780     arcinit.obj
 0001:000237b0       ??_C@_0CP@IKCNDLML@entering?5InitializeConsumerProdu@FNODOBFM@ 00000001400247b0     arcinit.obj
 0001:000237e0       ??_C@_0DF@IICIHNDP@leaving?5InitializeConsumerProduc@FNODOBFM@ 00000001400247e0     arcinit.obj
 0001:00023820       ??_C@_0DE@OBANPGHF@leaving?5InitializeConsumerProduc@FNODOBFM@ 0000000140024820     arcinit.obj
 0001:00023860       ??_C@_0CP@GDFIJJML@entering?5InitializeMessageUnitQu@FNODOBFM@ 0000000140024860     arcinit.obj
 0001:00023890       ??_C@_0DF@CLHHLLI@leaving?5InitializeMessageUnitQue@FNODOBFM@ 0000000140024890     arcinit.obj
 0001:000238d0       ??_C@_0DE@BBDIIBAC@leaving?5InitializeMessageUnitQue@FNODOBFM@ 00000001400248d0     arcinit.obj
 0001:00023910       ??_C@_0BI@PNFIHJKN@entering?5MapDeviceBase?6?$AA@FNODOBFM@ 0000000140024910     arcinit.obj
 0001:00023930       ??_C@_1CM@FGGDGCGC@?$AAA?$AAd?$AAa?$AAp?$AAt?$AAe?$AAr?$AA?5?$AAb?$AAo?$AAo?$AAt?$AA?5?$AAt?$AAi?$AAm?$AAe?$AA?5?$AAo?$AAu?$AAt?$AA?$AA@FNODOBFM@ 0000000140024930     arcinit.obj
 0001:00023960       ??_C@_0CO@NHBGNFPE@?$CK?5Driver?5got?564?5bit?5FIB?5support?5@FNODOBFM@ 0000000140024960     arcinit.obj
 0001:00023990       ??_C@_0DG@EECBHNEJ@?$CK?5Driver?5did?5not?5get?564?5bit?5FIB?5@FNODOBFM@ 0000000140024990     arcinit.obj
 0001:000239d0       ??_C@_0CB@MHHOKKDH@?$CK?5Smart?5Array?5Based?5FW?5detected?6@FNODOBFM@ 00000001400249d0     arcinit.obj
 0001:00023a00       ??_C@_0CG@INGLDPEA@?$CK?5This?5is?5NOT?5a?5Smart?5Array?5Base@FNODOBFM@ 0000000140024a00     arcinit.obj
 0001:00023a30       ??_C@_0DL@HHJHAPNC@?$CK?5StorPortGetDeviceBase?5failed?0?5@FNODOBFM@ 0000000140024a30     arcinit.obj
 0001:00023a70       ??_C@_0FM@FAGAFMJI@?$CK?5StorPortGetDeviceBaseB1?5failed@FNODOBFM@ 0000000140024a70     arcinit.obj
 0001:00023ad0       ??_C@_0FM@DFFNMELK@?$CK?5StorPortGetDeviceBaseB0?5failed@FNODOBFM@ 0000000140024ad0     arcinit.obj
 0001:00023b30       ??_C@_0DH@GMHBCEJM@?$CK?5GET_MINIARC_PROPERTIES?5fails?0?5@FNODOBFM@ 0000000140024b30     arcinit.obj
 0001:00023b70       ??_C@_0CE@JIIGOPEA@?$CK?5This?5is?5a?5BEDROC?5inplementatio@FNODOBFM@ 0000000140024b70     arcinit.obj
 0001:00023ba0       ??_C@_0CF@HKNELPOC@leaving?5MapDeviceBase?5?9?5rtnval?5?$DN@FNODOBFM@ 0000000140024ba0     arcinit.obj
 0001:00023bd0       ??_C@_0BG@LOIMFNHP@entering?5MatchPciIds?6?$AA@FNODOBFM@ 0000000140024bd0     arcinit.obj
 0001:00023bf0       ??_C@_08HNOCAICB@Adaptec?5?$AA@FNODOBFM@ 0000000140024bf0     arcinit.obj
 0001:00023c00       ??_C@_0CC@GEDCIDMJ@leaving?5MatchPciIds?0?5rtnval?5?$DN?5?$CFx@FNODOBFM@ 0000000140024c00     arcinit.obj
 0001:00023c30       ??_C@_0DG@MJCHKBMN@?$CK?5Calling?5CompleteBufferedReques@FNODOBFM@ 0000000140024c30     arcinit.obj
 0001:00023c70       ??_C@_0HF@LDMKNKBL@?$CK?5Calling?5DequeueRawIoReadWriteR@FNODOBFM@ 0000000140024c70     arcinit.obj
 0001:00023cf0       ??_C@_0DO@HDLNLCMA@?$CK?5Calling?5CompleteAllSortingQueu@FNODOBFM@ 0000000140024cf0     arcinit.obj
 0001:00023d30       ??_C@_0CG@EHFONFB@ReturningLocalOutstandingRequest@FNODOBFM@ 0000000140024d30     arcinit.obj
 0001:00023d60       ??_C@_0CL@CGNJGHDF@?$CK?5?$CFd?5outstanding?5IO?5left?5after?5c@FNODOBFM@ 0000000140024d60     arcinit.obj
 0001:00023d90       ??_C@_0DI@FDADMONL@?$CK?5CleanHostSideRRQ?3?5Host?5RRQ?5cle@FNODOBFM@ 0000000140024d90     arcinit.obj
 0001:00023dd0       ??_C@_0CF@IKJOOFLA@?$CK?5ResetAdapter?3?5Entering?5Routine@FNODOBFM@ 0000000140024dd0     arcinit.obj
 0001:00023e00       ??_C@_0FI@OABPGHMC@?$CK?5ResetAdapter?3?5FW?5is?5processing@FNODOBFM@ 0000000140024e00     arcinit.obj
 0001:00023e60       ??_C@_0DK@DMNFFNOF@?$CK?5ResetAdapter?3?5OS?5calls?5ResetAd@FNODOBFM@ 0000000140024e60     arcinit.obj
 0001:00023ea0       ??_C@_0CF@DGMKAPOJ@?$CK?5ResetAdapter?3?5BlinkLed?5Code?3?50@FNODOBFM@ 0000000140024ea0     arcinit.obj
 0001:00023ed0       ??_C@_0CL@MJAGNJPB@?$CK?5ResetAdapter?3?5IOP?5RESET?5due?5to@FNODOBFM@ 0000000140024ed0     arcinit.obj
 0001:00023f00       ??_C@_0DG@CLNGJPOA@?$CK?5ResetAdapter?3?5SendSynchFib?5fai@FNODOBFM@ 0000000140024f00     arcinit.obj
 0001:00023f40       ??_C@_0FF@JLPFKNGK@?$CK?5ResetAdapter?3?5There?5is?5a?5pendi@FNODOBFM@ 0000000140024f40     arcinit.obj
 0001:00023fa0       ??_C@_0EC@MMLNJELN@?$CK?5ResetAdapter?3?5set?5TriggerIOPRe@FNODOBFM@ 0000000140024fa0     arcinit.obj
 0001:00023ff0       ??_C@_0EH@BGKKNIMJ@?$CK?5ResetAdapter?3?5synch?5command?5Re@FNODOBFM@ 0000000140024ff0     arcinit.obj
 0001:00024040       ??_C@_0EE@KPCKIKGP@?$CK?5ResetAdapter?3?5AdapterIsAlive?5r@FNODOBFM@ 0000000140025040     arcinit.obj
 0001:00024090       ??_C@_0DN@OJOIDCGM@?$CK?5ResetAdapter?3?5leaving?5Routine?5@FNODOBFM@ 0000000140025090     arcinit.obj
 0001:000240d0       ??_C@_0DN@MKLLHNDH@?$CK?5ResetAdapter?3?5IOP?5RESET?5due?5to@FNODOBFM@ 00000001400250d0     arcinit.obj
 0001:00024110       ??_C@_0DA@IHJFMKGH@?$CK?5ResetAdapter?3?5IOP?5RESET?5due?5to@FNODOBFM@ 0000000140025110     arcinit.obj
 0001:00024140       ??_C@_0FJ@HDBMDLNL@?$CK?5ResetAdapter?3?5RAID?5volume?5?$CFd?5r@FNODOBFM@ 0000000140025140     arcinit.obj
 0001:000241a0       ??_C@_0DC@DFLLLKCM@?$CK?5ResetAdapter?3?5IOP_RESET_FW_FIB@FNODOBFM@ 00000001400251a0     arcinit.obj
 0001:000241e0       ??_C@_0EG@FKMCGCCN@?$CK?5ResetAdapter?3?5IOP?5RESET?5due?5to@FNODOBFM@ 00000001400251e0     arcinit.obj
 0001:00024230       ??_C@_0DE@IDNFNJBF@?$CK?5ResetAdapter?3?5NO?5lun?5reset?5cou@FNODOBFM@ 0000000140025230     arcinit.obj
 0001:00024270       ??_C@_0DM@KJNOMFJC@?$CK?5ResetAdapter?3?5leaving?5Routine?0@FNODOBFM@ 0000000140025270     arcinit.obj
 0001:000242b0       ??_C@_0EK@OOPLAGOO@?$CK?5ResetAdapter?3?5set?5timer?5to?5che@FNODOBFM@ 00000001400252b0     arcinit.obj
 0001:00024300       ??_C@_0DM@LMPLKKMJ@?$CK?5ResetAdapter?3?5leaving?5Routine?5@FNODOBFM@ 0000000140025300     arcinit.obj
 0001:00024340       ??_C@_0EJ@DNGMPOBO@?$CK?5ResetAdapter?3?5HWSoftReset?5leav@FNODOBFM@ 0000000140025340     arcinit.obj
 0001:00024390       ??_C@_0CJ@PCBCCJEM@?$DMHW?$DOTD?$AI?$AA?$AA?$AA?$AA?$AA?$AA?$AA?$AA?$AADW?$AA?$AADV?$BK?$AA?$AA?$AA?$AA?$AA?$AA?$AA?$AA?$AA@FNODOBFM@ 0000000140025390     arcinit.obj
 0001:000243c0       ??_C@_0BP@BFNIMKLC@?$CK?5SetFwTime?3?5Time?5sent?5failed?6?$AA@FNODOBFM@ 00000001400253c0     arcinit.obj
 0001:000243e0       ??_C@_0BL@IIHDOJJO@?$CK?5Time?3?5?$CFd?4?$CFd?4?$CFd?5?$CFd?3?$CFd?3?$CFd?6?$AA@FNODOBFM@ 00000001400253e0     arcinit.obj
 0001:00024400       ??_C@_0BG@NCOEMLFM@?$CK?5Driver?5version?5?$CFs?5?6?$AA@FNODOBFM@ 0000000140025400     arcinit.obj
 0001:00024420       ??_C@_0CF@KGAABJAP@?$CK?5SetFwTime?3?5Time?5sent?5successfu@FNODOBFM@ 0000000140025420     arcinit.obj
 0001:00024450       ??_C@_0DB@DBHKEEOM@?$CK?5SendWellnessCommand?3?5Wellness?5@FNODOBFM@ 0000000140025450     arcinit.obj
 0001:00024490       ??_C@_0DG@CHJDHKJC@?$CK?5SendWellnessCommand?3?5Wellness?5@FNODOBFM@ 0000000140025490     arcinit.obj
 0001:000244d0       ??_C@_0N@GDIDOMEJ@?$DMHW?$DOPS?$AC?$AA?$AA?$AAZZ?$AA@FNODOBFM@ 00000001400254d0     arcinit.obj
 0001:000244e0       ??_C@_0CM@KDDJKBII@?$CK?5SetPciSlotNumber?3?5Update?5PCI?5S@FNODOBFM@ 00000001400254e0     arcinit.obj
 0001:00024510       ??_C@_0BL@CAAHKIPO@?$CK?5PCI?5Slot?5Number?5Set?5?$CFx?5?6?$AA@FNODOBFM@ 0000000140025510     arcinit.obj
 0001:00024530       ??_C@_0DB@KLKDBGPC@?$CK?5current?5ElapsedTime?5is?5?$CFx?4?5Dri@FNODOBFM@ 0000000140025530     arcinit.obj
 0001:00024570       ??_C@_0DN@BMDNNOBN@?$CK?5GetThorHbaPhyDevInfo?3?5synch?5FI@FNODOBFM@ 0000000140025570     arcinit.obj
 0001:000245b0       ??_C@_0FG@PNEDCHMO@?$CK?5one?5dual?5port?5entry?5?$CIB?1T?1nexus@FNODOBFM@ 00000001400255b0     arcinit.obj
 0001:00024610       ??_C@_0EM@BKPAJHPD@?$CK?5One?5entry?5?$CIB?1T?1nexus?3?5?$CFd?1?$CFd?10x@FNODOBFM@ 0000000140025610     arcinit.obj
 0001:00024660       ??_C@_0BI@NKGGGHHE@?$CK?5?$CFd?5HBA?5devices?5found?6?$AA@FNODOBFM@ 0000000140025660     arcinit.obj
 0001:00024680       ??_C@_0DD@PLCLGMJE@?$CK?5All?5HBA?5devices?8?5average?5Queue@FNODOBFM@ 0000000140025680     arcinit.obj
 0001:000246c0       ??_C@_0BF@GFOGGOIF@GetThorHbaPhyDevInfo?$AA@FNODOBFM@ 00000001400256c0     arcinit.obj
 0001:000246e0       ??_C@_0CL@OHPEFDNF@?$CK?5There?5is?5a?5synch?5SRB?5pending?0?5@FNODOBFM@ 00000001400256e0     arcinit.obj
 0001:00024710       ??_C@_0DJ@HDKNIPML@?$CK?5Not?5a?5Thor?5product?5OR?5virtual?5@FNODOBFM@ 0000000140025710     arcinit.obj
 0001:00024750       ??_C@_1FE@JLJHJCGF@?$AAA?$AAr?$AAr?$AAa?$AAy?$AA?5?$AAm?$AAi?$AAg?$AAr?$AAa?$AAt?$AAi?$AAo?$AAn?$AA?1?$AAe?$AAx?$AAp?$AAa?$AAn?$AAs?$AAi?$AAo?$AAn?$AA?5?$AAc?$AAo?$AAm?$AAp?$AAl?$AAe@FNODOBFM@ 0000000140025750     arcinit.obj
 0001:000247b0       ??_C@_1CK@DJNKNDAB@?$AAR?$AAa?$AAw?$AA?5?$AAD?$AAr?$AAi?$AAv?$AAe?$AA?5?$AAr?$AAe?$AAm?$AAo?$AAv?$AAe?$AAd?$AA?0?$AA?5?$AA?$CD?$AA?$AA@FNODOBFM@ 00000001400257b0     arcinit.obj
 0001:000247e0       ??_C@_1DG@JPPGPNNE@?$AAN?$AAa?$AAt?$AAi?$AAv?$AAe?$AA?5?$AAH?$AAB?$AAA?$AA?5?$AAd?$AAe?$AAv?$AAi?$AAc?$AAe?$AA?5?$AAi?$AAs?$AA?5?$AAa?$AAd?$AAd?$AAe?$AAd?$AA?$AA@FNODOBFM@ 00000001400257e0     arcinit.obj
 0001:00024820       ??_C@_1DK@DMPEAPAK@?$AAN?$AAa?$AAt?$AAi?$AAv?$AAe?$AA?5?$AAH?$AAB?$AAA?$AA?5?$AAd?$AAe?$AAv?$AAi?$AAc?$AAe?$AA?5?$AAi?$AAs?$AA?5?$AAr?$AAe?$AAm?$AAo?$AAv?$AAe?$AAd?$AA?$AA@FNODOBFM@ 0000000140025820     arcinit.obj
 0001:00024860       ??_C@_1EO@PNKAKFGH@?$AAH?$AAa?$AAr?$AAd?$AAw?$AAa?$AAr?$AAe?$AA?5?$AAn?$AAo?$AAt?$AA?5?$AAp?$AAr?$AAe?$AAs?$AAe?$AAn?$AAt?$AA?9?$AA?5?$AAB?$AAa?$AAc?$AAk?$AAu?$AAp?$AA?5?$AAn?$AAo?$AAt@FNODOBFM@ 0000000140025860     arcinit.obj
 0001:000248b0       ??_C@_1CI@IELPCEHF@?$AAS?$AAu?$AAp?$AAe?$AAr?$AAc?$AAa?$AAp?$AA?5?$AAh?$AAe?$AAa?$AAl?$AAt?$AAh?$AA?5?$AAl?$AAo?$AAw?$AA?$AA@FNODOBFM@ 00000001400258b0     arcinit.obj
 0001:000248e0       ??_C@_1CK@BAADJOPA@?$AAS?$AAu?$AAp?$AAe?$AAr?$AAc?$AAa?$AAp?$AA?5?$AAh?$AAe?$AAa?$AAl?$AAt?$AAh?$AA?5?$AA?5?$AAb?$AAa?$AAd?$AA?$AA@FNODOBFM@ 00000001400258e0     arcinit.obj
 0001:00024910       ??_C@_1CA@DNJAAJKJ@?$AAC?$AAa?$AAc?$AAh?$AAe?$AA?5?$AAd?$AAa?$AAt?$AAa?$AA?5?$AAl?$AAo?$AAs?$AAs?$AA?$AA@FNODOBFM@ 0000000140025910     arcinit.obj
 0001:00024930       ??_C@_1DG@KILEJPC@?$AAT?$AAe?$AAm?$AAp?$AAe?$AAr?$AAa?$AAt?$AAu?$AAr?$AAe?$AA?5?$AAB?$AAa?$AAc?$AAk?$AA?5?$AAt?$AAo?$AA?5?$AAN?$AAo?$AAr?$AAm?$AAa?$AAl?$AA?$AA@FNODOBFM@ 0000000140025930     arcinit.obj
 0001:00024970       ??_C@_1DG@IHOODPDN@?$AAS?$AAu?$AAp?$AAe?$AAr?$AAc?$AAa?$AAp?$AA?5?$AAT?$AAe?$AAm?$AAp?$AAe?$AAr?$AAa?$AAt?$AAu?$AAr?$AAe?$AA?5?$AAA?$AAl?$AAe?$AAr?$AAt?$AA?$AA@FNODOBFM@ 0000000140025970     arcinit.obj
 0001:000249b0       ??_C@_1DK@KKLIINGO@?$AAS?$AAu?$AAp?$AAe?$AAr?$AAc?$AAa?$AAp?$AA?5?$AAT?$AAe?$AAm?$AAp?$AAe?$AAr?$AAa?$AAt?$AAu?$AAr?$AAe?$AA?5?$AAW?$AAa?$AAr?$AAn?$AAi?$AAn?$AAg?$AA?$AA@FNODOBFM@ 00000001400259b0     arcinit.obj
 0001:000249f0       ??_C@_1DK@HENHBAOO@?$AAB?$AAa?$AAc?$AAk?$AAu?$AAp?$AA?5?$AAu?$AAn?$AAi?$AAt?$AA?5?$AAs?$AAe?$AAl?$AAf?$AA?9?$AAt?$AAe?$AAs?$AAt?$AA?5?$AAf?$AAa?$AAi?$AAl?$AAe?$AAd?$AA?$AA@FNODOBFM@ 00000001400259f0     arcinit.obj
 0001:00024a30       ??_C@_1DK@GKIHJFEC@?$AAF?$AAa?$AAt?$AAa?$AAl?$AA?5?$AAE?$AAr?$AAr?$AAo?$AAr?$AA?3?$AA?5?$AAB?$AAa?$AAc?$AAk?$AAu?$AAp?$AA?5?$AAd?$AAi?$AAs?$AAa?$AAb?$AAl?$AAe?$AAd?$AA?$AA@FNODOBFM@ 0000000140025a30     arcinit.obj
 0001:00024a70       ??_C@_1CO@DFMHCOAI@?$AAL?$AAo?$AAg?$AAi?$AAc?$AAa?$AAl?$AA?5?$AAD?$AAr?$AAi?$AAv?$AAe?$AA?5?$AAa?$AAd?$AAd?$AAe?$AAd?$AA?0?$AA?5?$AA?$CD?$AA?$AA@FNODOBFM@ 0000000140025a70     arcinit.obj
 0001:00024aa0       ??_C@_1DC@CMPCKFLI@?$AAL?$AAo?$AAg?$AAi?$AAc?$AAa?$AAl?$AA?5?$AAD?$AAr?$AAi?$AAv?$AAe?$AA?5?$AAd?$AAe?$AAl?$AAe?$AAt?$AAe?$AAd?$AA?0?$AA?5?$AA?$CD?$AA?$AA@FNODOBFM@ 0000000140025aa0     arcinit.obj
 0001:00024ae0       ??_C@_1CI@JDGBIDGK@?$AAA?$AA?5?$AAn?$AAe?$AAw?$AA?5?$AAJ?$AAB?$AAO?$AAD?$AA?5?$AAi?$AAs?$AA?5?$AAa?$AAd?$AAd?$AAe?$AAd?$AA?$AA@FNODOBFM@ 0000000140025ae0     arcinit.obj
 0001:00024b10       ??_C@_1CE@CICPDMOD@?$AAA?$AA?5?$AAJ?$AAB?$AAO?$AAD?$AA?5?$AAi?$AAs?$AA?5?$AAd?$AAe?$AAl?$AAe?$AAt?$AAe?$AAd?$AA?$AA@FNODOBFM@ 0000000140025b10     arcinit.obj
 0001:00024b40       ??_C@_1DI@CCPBOJAM@?$AAL?$AAu?$AAn?$AA?5?$AAR?$AAe?$AAs?$AAe?$AAt?$AA?5?$AAt?$AAh?$AAr?$AAe?$AAs?$AAh?$AAo?$AAl?$AAd?$AA?5?$AAr?$AAe?$AAa?$AAc?$AAh?$AAe?$AAd?$AA?$AA@FNODOBFM@ 0000000140025b40     arcinit.obj
 0001:00024b80       ??_C@_1DG@OJKKJGHC@?$AAA?$AAd?$AAa?$AAp?$AAt?$AAe?$AAr?$AA?5?$AAa?$AAl?$AAi?$AAv?$AAe?$AA?5?$AAr?$AAe?$AAt?$AAu?$AAr?$AAn?$AA?5?$AAf?$AAa?$AAl?$AAs?$AAe?$AA?$AA@FNODOBFM@ 0000000140025b80     arcinit.obj
 0001:00024bc0       ??_C@_1FC@MIPJHMMM@?$AAR?$AAe?$AAq?$AAu?$AAe?$AAs?$AAt?$AAA?$AAd?$AAa?$AAp?$AAt?$AAe?$AAr?$AAI?$AAn?$AAf?$AAo?$AA?5?$AAs?$AAy?$AAn?$AAc?$AAh?$AA?5?$AAc?$AAo?$AAm?$AAm?$AAa?$AAn?$AAd@FNODOBFM@ 0000000140025bc0     arcinit.obj
 0001:00024c20       ??_C@_1DC@FGMGNGA@?$AAF?$AAW?$AA?5?$AAK?$AAe?$AAr?$AAn?$AAe?$AAl?$AA?5?$AAP?$AAa?$AAn?$AAi?$AAc?$AA?5?$AAd?$AAe?$AAt?$AAe?$AAc?$AAt?$AAe?$AAd?$AA?$AA@FNODOBFM@ 0000000140025c20     arcinit.obj
 0001:00024c60       ??_C@_1CA@BBEOIBOD@?$AAU?$AAn?$AAd?$AAe?$AAf?$AAi?$AAn?$AAe?$AAd?$AA?5?$AAE?$AAv?$AAe?$AAn?$AAt?$AA?$AA@FNODOBFM@ 0000000140025c60     arcinit.obj
 0001:00024c80       ??_C@_1EG@MMOHKHFO@?$AAC?$AAT?$AA_?$AAC?$AAO?$AAN?$AAF?$AAI?$AAG?$AA_?$AAS?$AAT?$AAA?$AAT?$AAU?$AAS?$AA_?$AAR?$AAE?$AAA?$AAD?$AAY?$AA?$CI?$AA?5?$AA?5?$AA?5?$AA?$CJ?$AA?5?$AAF?$AAa?$AAi?$AAl@FNODOBFM@ 0000000140025c80     arcinit.obj
 0001:00024cd0       ??_C@_1EC@LINPOIBA@?$AAC?$AAT?$AA_?$AAG?$AAE?$AAT?$AA_?$AAC?$AAO?$AAN?$AAF?$AAI?$AAG?$AA_?$AAS?$AAT?$AAA?$AAT?$AAU?$AAS?$AA?$CI?$AA?5?$AA?5?$AA?5?$AA?$CJ?$AA?5?$AAF?$AAa?$AAi?$AAl?$AAe?$AAd@FNODOBFM@ 0000000140025cd0     arcinit.obj
 0001:00024d20       ??_C@_1DI@OLCGHNCB@?$AAC?$AAT?$AA_?$AAC?$AAO?$AAM?$AAM?$AAI?$AAT?$AA_?$AAC?$AAO?$AAN?$AAF?$AAI?$AAG?$AA?$CI?$AA?5?$AA?5?$AA?5?$AA?$CJ?$AAF?$AAa?$AAi?$AAl?$AAe?$AAd?$AA?$AA@FNODOBFM@ 0000000140025d20     arcinit.obj
 0001:00024d60       ??_C@_1FA@NIJNEMHE@?$AAA?$AAD?$AAA?$AAP?$AAT?$AAE?$AAR?$AA_?$AAI?$AAN?$AAI?$AAT?$AA_?$AAS?$AAT?$AAR?$AAU?$AAC?$AAT?$AA_?$AAR?$AAE?$AAV?$AAI?$AAS?$AAI?$AAO?$AAN?$AA?$CI?$AA?5?$AA?5?$AA?$CJ@FNODOBFM@ 0000000140025d60     arcinit.obj
 0001:00024db0       ??_C@_1DM@EFGMNBLE@?$AAV?$AAM?$AA_?$AAC?$AAo?$AAn?$AAt?$AAa?$AAi?$AAn?$AAe?$AAr?$AAC?$AAo?$AAn?$AAf?$AAi?$AAg?$AA?$CI?$AA?5?$AA?5?$AA?$CJ?$AA?5?$AAF?$AAa?$AAi?$AAl?$AAe?$AAd?$AA?$AA@FNODOBFM@ 0000000140025db0     arcinit.obj
 0001:00024df0       ??_C@_1DC@PCLINFGL@?$AAT?$AAi?$AAm?$AAe?$AAd?$AAo?$AAu?$AAt?$AA?0?$AA?5?$AAI?$AAn?$AAi?$AAt?$AA?5?$AAS?$AAt?$AAa?$AAg?$AAe?$AA?5?$AA?$CD?$AA?5?$AA?5?$AA?$AA@FNODOBFM@ 0000000140025df0     arcinit.obj
 0001:00024e30       ??_C@_1FE@PCKFJNFD@?$AAR?$AAe?$AAs?$AAe?$AAt?$AA?5?$AAf?$AAr?$AAo?$AAm?$AA?5?$AAO?$AAS?$AA?3?$AAp?$AAa?$AAt?$AAh?$AA?5?$AA?$CD?$AA?5?$AA?5?$AA?0?$AAo?$AAu?$AAt?$AAs?$AAt?$AAa?$AAn?$AAd?$AAi@FNODOBFM@ 0000000140025e30     arcinit.obj
 0001:00024e90       ??_C@_1FC@CLHIPIHG@?$AAG?$AAo?$AAt?$AA?5?$AAL?$AAU?$AAN?$AA?5?$AAR?$AAE?$AAS?$AAE?$AAT?$AA?5?$AAf?$AAo?$AAr?$AA?5?$AAp?$AAa?$AAt?$AAh?$AA?5?$AA?$CD?$AA?5?$AA?5?$AA?0?$AA?5?$AAt?$AAa?$AAr?$AAg@FNODOBFM@ 0000000140025e90     arcinit.obj
 0001:00024ef0       ??_C@_1FI@HJHKOPPE@?$AAG?$AAo?$AAt?$AA?5?$AAT?$AAa?$AAr?$AAg?$AAe?$AAt?$AA?5?$AAR?$AAE?$AAS?$AAE?$AAT?$AA?5?$AAf?$AAo?$AAr?$AA?5?$AAp?$AAa?$AAt?$AAh?$AA?5?$AA?$CD?$AA?5?$AA?5?$AA?0?$AA?5?$AAt@FNODOBFM@ 0000000140025ef0     arcinit.obj
 0001:00024f50       ??_C@_1EC@DEFLMBHE@?$AAI?$AAO?$AAP?$AA?5?$AAR?$AAE?$AAS?$AAE?$AAT?$AA?5?$AAb?$AAe?$AAc?$AAa?$AAu?$AAs?$AAe?$AA?5?$AAo?$AAf?$AA?5?$AAF?$AAW?$AA?5?$AAB?$AAl?$AAi?$AAn?$AAk?$AAL?$AAE?$AAD@FNODOBFM@ 0000000140025f50     arcinit.obj
 0001:00024fa0       ??_C@_1FA@GLBMBCFD@?$AAR?$AAe?$AAq?$AAu?$AAe?$AAs?$AAt?$AAA?$AAd?$AAa?$AAp?$AAt?$AAe?$AAr?$AAI?$AAn?$AAf?$AAo?$AA?5?$AAp?$AAe?$AAn?$AAd?$AAi?$AAn?$AAg?$AA?5?$AA?5?$AA?5?$AA?5?$AA?5?$AA?5@FNODOBFM@ 0000000140025fa0     arcinit.obj
 0001:00024ff0       ??_C@_1EK@DPFNMDNI@?$AAI?$AAO?$AAP?$AAR?$AAE?$AAS?$AAE?$AAT?$AA?3?$AA?5?$AAR?$AAe?$AAq?$AAu?$AAe?$AAs?$AAt?$AAA?$AAd?$AAa?$AAp?$AAt?$AAe?$AAr?$AAI?$AAn?$AAf?$AAo?$AA?5?$AAt?$AAi?$AAm@FNODOBFM@ 0000000140025ff0     arcinit.obj
 0001:00025040       ??_C@_1EC@JONMGECF@?$AAR?$AAA?$AA?3?$AA?5?$AAA?$AAd?$AAa?$AAp?$AAt?$AAe?$AAr?$AAI?$AAs?$AAA?$AAl?$AAi?$AAv?$AAe?$AA?5?$AAr?$AAe?$AAt?$AAu?$AAr?$AAn?$AAs?$AA?5?$AAf?$AAa?$AAl?$AAs?$AAe@FNODOBFM@ 0000000140026040     arcinit.obj
 0001:00025090       ??_C@_1EA@KMCOFCE@?$AAI?$AAO?$AAP?$AA?5?$AAR?$AAE?$AAS?$AAE?$AAT?$AA?5?$AAf?$AAo?$AAr?$AA?5?$AAS?$AAm?$AAa?$AAr?$AAt?$AAH?$AAB?$AAA?$AA?5?$AAp?$AAa?$AAt?$AAh?$AA?5?$AA?$CD?$AA?5?$AA?5?$AA?$AA@FNODOBFM@ 0000000140026090     arcinit.obj
 0001:000250d0       ??_C@_1EK@EBJJOFBF@?$AAR?$AAE?$AAS?$AAE?$AAT?$AA?$CI?$AAc?$AAn?$AAt?$AA?$DO?$AA?$DN?$AA5?$AA?$CJ?$AA?3?$AA?5?$AAp?$AAa?$AAt?$AAh?$AA?5?$AA?$CD?$AA?5?$AA?5?$AA?0?$AA?5?$AAt?$AAa?$AAr?$AAg?$AAe?$AAt?$AA?5@FNODOBFM@ 00000001400260d0     arcinit.obj
 0001:00025120       ??_C@_1DA@EFMGPIMG@?$AAS?$AAO?$AAF?$AAT?$AA?5?$AAR?$AAE?$AAS?$AAE?$AAT?$AA?5?$AAI?$AAs?$AAs?$AAu?$AAe?$AAd?$AA?5?$AAt?$AAo?$AA?5?$AAF?$AAW?$AA?$AA@FNODOBFM@ 0000000140026120     arcinit.obj
 0001:00025150       ??_C@_1CO@GBDEAPLE@?$AAI?$AAO?$AAP?$AA?5?$AAR?$AAE?$AAS?$AAE?$AAT?$AA?5?$AAI?$AAs?$AAs?$AAu?$AAe?$AAd?$AA?5?$AAt?$AAo?$AA?5?$AAF?$AAW?$AA?$AA@FNODOBFM@ 0000000140026150     arcinit.obj
[...]
 0004:00000354       $pdata$Reset_IOP_CompletionTimer 000000014002c354     timer.obj
 0004:00000360       $pdata$RestartAdapterPendingTimer 000000014002c360     timer.obj
 0004:0000036c       $pdata$1$RestartAdapterPendingTimer 000000014002c36c     timer.obj
 0004:00000378       $pdata$2$RestartAdapterPendingTimer 000000014002c378     timer.obj
 0004:00000384       $pdata$3$RestartAdapterPendingTimer 000000014002c384     timer.obj
 0004:00000390       $pdata$ReturningKidnappedFibsToOS 000000014002c390     timer.obj
 0004:0000039c       $pdata$3$ReturningKidnappedFibsToOS 000000014002c39c     timer.obj
 0004:000003a8       $pdata$4$ReturningKidnappedFibsToOS 000000014002c3a8     timer.obj
 0004:000003b4       $pdata$StopTimer           000000014002c3b4     timer.obj
 0004:000003c0       $pdata$SynchCommandCompletionTimer 000000014002c3c0     timer.obj
 0004:000003cc       $pdata$SynchFibCompletionTimer 000000014002c3cc     timer.obj
 0004:000003d8       $pdata$1$SynchFibCompletionTimer 000000014002c3d8     timer.obj
 0004:000003e4       $pdata$2$SynchFibCompletionTimer 000000014002c3e4     timer.obj
 0004:000003f0       $pdata$UpdateThorHBAMappingTable 000000014002c3f0     timer.obj
 0004:000003fc       $pdata$2$UpdateThorHBAMappingTable 000000014002c3fc     timer.obj
 0004:00000408       $pdata$3$UpdateThorHBAMappingTable 000000014002c408     timer.obj
 0004:00000414       $pdata$VMCloseAllCompletionTimer 000000014002c414     timer.obj
 0004:00000420       $pdata$0$VMCloseAllCompletionTimer 000000014002c420     timer.obj
 0004:0000042c       $pdata$1$VMCloseAllCompletionTimer 000000014002c42c     timer.obj
 0004:00000438       $pdata$AllocateConsumerProducerCommArea 000000014002c438     arcinit.obj
 0004:00000444       $pdata$AllocateMessageUnitQueueCommArea 000000014002c444     arcinit.obj
 0004:00000450       $pdata$ArcLogEventString   000000014002c450     arcinit.obj
 0004:0000045c       $pdata$CheckForVersionMisMatch 000000014002c45c     arcinit.obj
 0004:00000468       $pdata$CheckMSIxPossibility 000000014002c468     arcinit.obj
 0004:00000474       $pdata$0$CheckMSIxPossibility 000000014002c474     arcinit.obj
 0004:00000480       $pdata$1$CheckMSIxPossibility 000000014002c480     arcinit.obj
 0004:0000048c       $pdata$2$CheckMSIxPossibility 000000014002c48c     arcinit.obj
 0004:00000498       $pdata$3$CheckMSIxPossibility 000000014002c498     arcinit.obj
 0004:000004a4       $pdata$CleanHostSideRRQ    000000014002c4a4     arcinit.obj
 0004:000004b0       $pdata$ConfigureContainersRuntime 000000014002c4b0     arcinit.obj
 0004:000004bc       $pdata$2$ConfigureContainersRuntime 000000014002c4bc     arcinit.obj
 0004:000004c8       $pdata$3$ConfigureContainersRuntime 000000014002c4c8     arcinit.obj
 0004:000004d4       $pdata$4$ConfigureContainersRuntime 000000014002c4d4     arcinit.obj
 0004:000004e0       $pdata$5$ConfigureContainersRuntime 000000014002c4e0     arcinit.obj
 0004:000004ec       $pdata$DriverEntry         000000014002c4ec     arcinit.obj
 0004:000004f8       $pdata$DumpFibsSentToFW60SecondsBefore 000000014002c4f8     arcinit.obj
 0004:00000504       $pdata$4$DumpFibsSentToFW60SecondsBefore 000000014002c504     arcinit.obj
 0004:00000510       $pdata$5$DumpFibsSentToFW60SecondsBefore 000000014002c510     arcinit.obj
 0004:0000051c       $pdata$DynamicallyThrottleLunQueueDepth 000000014002c51c     arcinit.obj
 0004:00000528       $pdata$FindAdapter         000000014002c528     arcinit.obj
 0004:00000534       $pdata$0$FindAdapter       000000014002c534     arcinit.obj
 0004:00000540       $pdata$1$FindAdapter       000000014002c540     arcinit.obj
 0004:0000054c       $pdata$2$FindAdapter       000000014002c54c     arcinit.obj
 0004:00000558       $pdata$3$FindAdapter       000000014002c558     arcinit.obj
 0004:00000564       $pdata$GetElapsedSeconds   000000014002c564     arcinit.obj
 0004:00000570       $pdata$GetThorHbaPhyDevInfo 000000014002c570     arcinit.obj
 0004:0000057c       $pdata$HWSoftReset         000000014002c57c     arcinit.obj
 0004:00000588       $pdata$HandleAdapterCommitConfig 000000014002c588     arcinit.obj
 0004:00000594       $pdata$HandleAdapterConfigIssues 000000014002c594     arcinit.obj
 0004:000005a0       $pdata$HandleAdapterGetConfig 000000014002c5a0     arcinit.obj
 0004:000005ac       $pdata$HwInitializeAdapter 000000014002c5ac     arcinit.obj
 0004:000005b8       $pdata$ID_AllocateMem4CertainOBQ 000000014002c5b8     arcinit.obj
 0004:000005c4       $pdata$0$ID_AllocateMem4CertainOBQ 000000014002c5c4     arcinit.obj
 0004:000005d0       $pdata$2$ID_AllocateMem4CertainOBQ 000000014002c5d0     arcinit.obj
 0004:000005dc       $pdata$3$ID_AllocateMem4CertainOBQ 000000014002c5dc     arcinit.obj
 0004:000005e8       $pdata$ID_SetupMessageCap  000000014002c5e8     arcinit.obj
 0004:000005f4       $pdata$IOPReset            000000014002c5f4     arcinit.obj
 0004:00000600       $pdata$InitializeConsumerProducerCommRegion 000000014002c600     arcinit.obj
 0004:0000060c       $pdata$InitializeConsumerProducerNewAdapter 000000014002c60c     arcinit.obj
 0004:00000618       $pdata$InitializeDPCs      000000014002c618     arcinit.obj
 0004:00000624       $pdata$2$InitializeDPCs    000000014002c624     arcinit.obj
 0004:00000630       $pdata$3$InitializeDPCs    000000014002c630     arcinit.obj
 0004:0000063c       $pdata$InitializeMessageUnitQueueNewAdapter 000000014002c63c     arcinit.obj
 0004:00000648       $pdata$IsAdapterReadyForConfigCommand 000000014002c648     arcinit.obj
 0004:00000654       $pdata$LogSystemEvent      000000014002c654     arcinit.obj
 0004:00000660       $pdata$MapDeviceBase       000000014002c660     arcinit.obj
 0004:0000066c       $pdata$0$MapDeviceBase     000000014002c66c     arcinit.obj
 0004:00000678       $pdata$1$MapDeviceBase     000000014002c678     arcinit.obj
 0004:00000684       $pdata$MatchPciIds         000000014002c684     arcinit.obj
 0004:00000690       $pdata$1$MatchPciIds       000000014002c690     arcinit.obj
 0004:0000069c       $pdata$2$MatchPciIds       000000014002c69c     arcinit.obj
 0004:000006a8       $pdata$3$MatchPciIds       000000014002c6a8     arcinit.obj
 0004:000006b4       $pdata$ResetAdapter        000000014002c6b4     arcinit.obj
 0004:000006c0       $pdata$4$ResetAdapter      000000014002c6c0     arcinit.obj
 0004:000006cc       $pdata$5$ResetAdapter      000000014002c6cc     arcinit.obj
 0004:000006d8       $pdata$ReturnOutstandingFibOnTargetDevice 000000014002c6d8     arcinit.obj
 0004:000006e4       $pdata$2$ReturnOutstandingFibOnTargetDevice 000000014002c6e4     arcinit.obj
 0004:000006f0       $pdata$3$ReturnOutstandingFibOnTargetDevice 000000014002c6f0     arcinit.obj
 0004:000006fc       $pdata$4$ReturnOutstandingFibOnTargetDevice 000000014002c6fc     arcinit.obj
 0004:00000708       $pdata$5$ReturnOutstandingFibOnTargetDevice 000000014002c708     arcinit.obj
 0004:00000714       $pdata$ReturningLocalOutstandingRequestsToOS 000000014002c714     arcinit.obj
 0004:00000720       $pdata$ReturningOutstandingSentToFWBeforeIOPResetToOS 000000014002c720     arcinit.obj
 0004:0000072c       $pdata$3$ReturningOutstandingSentToFWBeforeIOPResetToOS 000000014002c72c     arcinit.obj
 0004:00000738       $pdata$4$ReturningOutstandingSentToFWBeforeIOPResetToOS 000000014002c738     arcinit.obj
 0004:00000744       $pdata$5$ReturningOutstandingSentToFWBeforeIOPResetToOS 000000014002c744     arcinit.obj
 0004:00000750       $pdata$6$ReturningOutstandingSentToFWBeforeIOPResetToOS 000000014002c750     arcinit.obj
 0004:0000075c       $pdata$SA4ACI2Interface    000000014002c75c     arcinit.obj
 0004:00000768       $pdata$SA4CheckMSIx        000000014002c768     arcinit.obj
 0004:00000774       $pdata$SA4StatusBatching   000000014002c774     arcinit.obj
 0004:00000780       $pdata$SMCrashDumpModeInitAdapter 000000014002c780     arcinit.obj
 0004:0000078c       $pdata$SMNormalModeInitAdapter 000000014002c78c     arcinit.obj
 0004:00000798       $pdata$1$SMNormalModeInitAdapter 000000014002c798     arcinit.obj
 0004:000007a4       $pdata$2$SMNormalModeInitAdapter 000000014002c7a4     arcinit.obj
 0004:000007b0       $pdata$3$SMNormalModeInitAdapter 000000014002c7b0     arcinit.obj
 0004:000007bc       $pdata$SendEvent2OS        000000014002c7bc     arcinit.obj
 0004:000007c8       $pdata$SendEvent2OSChild   000000014002c7c8     arcinit.obj
 0004:000007d4       $pdata$SendEvent2OSDelayed 000000014002c7d4     arcinit.obj
 0004:000007e0       $pdata$SendInitStructure   000000014002c7e0     arcinit.obj
 0004:000007ec       $pdata$SendWellnessCmnd    000000014002c7ec     arcinit.obj
 0004:000007f8       $pdata$SetArcsasFwTime     000000014002c7f8     arcinit.obj
 0004:00000804       $pdata$SetFwTime           000000014002c804     arcinit.obj
 0004:00000810       $pdata$0$SetFwTime         000000014002c810     arcinit.obj
 0004:0000081c       $pdata$4$SetFwTime         000000014002c81c     arcinit.obj
 0004:00000828       $pdata$5$SetFwTime         000000014002c828     arcinit.obj
 0004:00000834       $pdata$6$SetFwTime         000000014002c834     arcinit.obj
 0004:00000840       $pdata$7$SetFwTime         000000014002c840     arcinit.obj
 0004:0000084c       $pdata$SetPciSlotNumber    000000014002c84c     arcinit.obj
 0004:00000858       $pdata$CompleteQueuedRequest 000000014002c858     cmddelivery.obj
 0004:00000864       $pdata$DequeueCertainLD    000000014002c864     cmddelivery.obj
 0004:00000870       $pdata$0$DequeueCertainLD  000000014002c870     cmddelivery.obj
 0004:0000087c       $pdata$1$DequeueCertainLD  000000014002c87c     cmddelivery.obj
 0004:00000888       $pdata$DequeueRawIoReadWriteRequest 000000014002c888     cmddelivery.obj
 0004:00000894       $pdata$HandleMSIXInterrupt 000000014002c894     cmddelivery.obj
 0004:000008a0       $pdata$PollSmartHBAFIBCompletion 000000014002c8a0     cmddelivery.obj
 0004:000008ac       $pdata$PostProcessScsiCommand 000000014002c8ac     cmddelivery.obj
 0004:000008b8       $pdata$ProcessContainerInquiry 000000014002c8b8     cmddelivery.obj
 0004:000008c4       $pdata$ProcessScsiCommand  000000014002c8c4     cmddelivery.obj
 0004:000008d0       $pdata$QueuePrintf         000000014002c8d0     cmddelivery.obj
 0004:000008dc       $pdata$QueueRawIoReadWriteRequest 000000014002c8dc     cmddelivery.obj
 0004:000008e8       $pdata$0$QueueRawIoReadWriteRequest 000000014002c8e8     cmddelivery.obj
 0004:000008f4       $pdata$3$QueueRawIoReadWriteRequest 000000014002c8f4     cmddelivery.obj
 0004:00000900       $pdata$4$QueueRawIoReadWriteRequest 000000014002c900     cmddelivery.obj
 0004:0000090c       $pdata$5$QueueRawIoReadWriteRequest 000000014002c90c     cmddelivery.obj
 0004:00000918       $pdata$2$QueueRawIoReadWriteRequest 000000014002c918     cmddelivery.obj
 0004:00000924       $pdata$6$QueueRawIoReadWriteRequest 000000014002c924     cmddelivery.obj
 0004:00000930       $pdata$SendFib             000000014002c930     cmddelivery.obj
 0004:0000093c       $pdata$SendRawIoFib        000000014002c93c     cmddelivery.obj
 0004:00000948       $pdata$SendSynchFib        000000014002c948     cmddelivery.obj
 0004:00000954       $pdata$0$SendSynchFib      000000014002c954     cmddelivery.obj
 0004:00000960       $pdata$1$SendSynchFib      000000014002c960     cmddelivery.obj
 0004:0000096c       $pdata$StartIo             000000014002c96c     cmddelivery.obj
 0004:00000978       $pdata$0$StartIo           000000014002c978     cmddelivery.obj
 0004:00000984       $pdata$1$StartIo           000000014002c984     cmddelivery.obj
 0004:00000990       $pdata$2$StartIo           000000014002c990     cmddelivery.obj
 0004:0000099c       $pdata$AdapterControl      000000014002c99c     cmdproc.obj
 0004:000009a8       $pdata$BuildHBAFib         000000014002c9a8     cmdproc.obj
 0004:000009b4       $pdata$BuildHBAIoctlFib    000000014002c9b4     cmdproc.obj
 0004:000009c0       $pdata$BuildIo             000000014002c9c0     cmdproc.obj
 0004:000009cc       $pdata$BuildRawIo2ScatterGather 000000014002c9cc     cmdproc.obj
 0004:000009d8       $pdata$BuildRawIo2ScatterGather4HBAIoctl 000000014002c9d8     cmdproc.obj
 0004:000009e4       $pdata$BuildRawIoFib       000000014002c9e4     cmdproc.obj
 0004:000009f0       $pdata$BuildRawIoScatterGather 000000014002c9f0     cmdproc.obj
 0004:000009fc       $pdata$BuildReadWriteFib   000000014002c9fc     cmdproc.obj
 0004:00000a08       $pdata$BuildScatterGather  000000014002ca08     cmdproc.obj
 0004:00000a14       $pdata$BuildScatterGather64 000000014002ca14     cmdproc.obj
 0004:00000a20       $pdata$BuildSrbFib         000000014002ca20     cmdproc.obj
 0004:00000a2c       $pdata$ConvertRawIo2ScatterGather 000000014002ca2c     cmdproc.obj
 0004:00000a38       $pdata$1$ConvertRawIo2ScatterGather 000000014002ca38     cmdproc.obj
 0004:00000a44       $pdata$4$ConvertRawIo2ScatterGather 000000014002ca44     cmdproc.obj
 0004:00000a50       $pdata$5$ConvertRawIo2ScatterGather 000000014002ca50     cmdproc.obj
 0004:00000a5c       $pdata$6$ConvertRawIo2ScatterGather 000000014002ca5c     cmdproc.obj
 0004:00000a68       $pdata$InitializeFib       000000014002ca68     cmdproc.obj
 0004:00000a74       $pdata$PrepareBMIC15       000000014002ca74     cmdproc.obj
 0004:00000a80       $pdata$ReportFakeLuns      000000014002ca80     cmdproc.obj
 0004:00000a8c       $pdata$BuildRawScatterGather 000000014002ca8c     ioctl.obj
 0004:00000a98       $pdata$1$BuildRawScatterGather 000000014002ca98     ioctl.obj
 0004:00000aa4       $pdata$2$BuildRawScatterGather 000000014002caa4     ioctl.obj
 0004:00000ab0       $pdata$BuildRawScatterGather64 000000014002cab0     ioctl.obj
 0004:00000abc       $pdata$CSMIGetControllerConfig 000000014002cabc     ioctl.obj
 0004:00000ac8       $pdata$CSMIGetDeviceAddress 000000014002cac8     ioctl.obj
 0004:00000ad4       $pdata$0$CSMIGetDeviceAddress 000000014002cad4     ioctl.obj
 0004:00000ae0       $pdata$1$CSMIGetDeviceAddress 000000014002cae0     ioctl.obj
 0004:00000aec       $pdata$CSMIGetDriverInfo   000000014002caec     ioctl.obj
 0004:00000af8       $pdata$CSMIGetPhyInfo      000000014002caf8     ioctl.obj
 0004:00000b04       $pdata$CSMIGetRAIDConfig   000000014002cb04     ioctl.obj
 0004:00000b10       $pdata$0$CSMIGetRAIDConfig 000000014002cb10     ioctl.obj
 0004:00000b1c       $pdata$1$CSMIGetRAIDConfig 000000014002cb1c     ioctl.obj
 0004:00000b28       $pdata$CSMIGetRAIDInfo     000000014002cb28     ioctl.obj
 0004:00000b34       $pdata$CSMIGetSATASignature 000000014002cb34     ioctl.obj
 0004:00000b40       $pdata$CSMIGetSCSIAddress  000000014002cb40     ioctl.obj
 0004:00000b4c       $pdata$0$CSMIGetSCSIAddress 000000014002cb4c     ioctl.obj
 0004:00000b58       $pdata$1$CSMIGetSCSIAddress 000000014002cb58     ioctl.obj
 0004:00000b64       $pdata$CSMISTPPassThru     000000014002cb64     ioctl.obj
 0004:00000b70       $pdata$0$CSMISTPPassThru   000000014002cb70     ioctl.obj
 0004:00000b7c       $pdata$1$CSMISTPPassThru   000000014002cb7c     ioctl.obj
 0004:00000b88       $pdata$ProcessIoctl        000000014002cb88     ioctl.obj
 0004:00000b94       $pdata$AdapterIsAlive      000000014002cb94     comm.obj
 0004:00000ba0       $pdata$CompleteAllSortingQueue 000000014002cba0     comm.obj
 0004:00000bac       $pdata$4$CompleteAllSortingQueue 000000014002cbac     comm.obj
 0004:00000bb8       $pdata$5$CompleteAllSortingQueue 000000014002cbb8     comm.obj
 0004:00000bc4       $pdata$CompleteBufferedRequest 000000014002cbc4     comm.obj
 0004:00000bd0       $pdata$CompleteSortingQueueRequest 000000014002cbd0     comm.obj
 0004:00000bdc       $pdata$DeQueueSortingQueue 000000014002cbdc     comm.obj
 0004:00000be8       $pdata$DpcDequeueRawIoReadWriteRequest 000000014002cbe8     comm.obj
 0004:00000bf4       $pdata$FreeConsumerProducerAif 000000014002cbf4     comm.obj
 0004:00000c00       $pdata$0$FreeConsumerProducerAif 000000014002cc00     comm.obj
 0004:00000c0c       $pdata$1$FreeConsumerProducerAif 000000014002cc0c     comm.obj
 0004:00000c18       $pdata$ProcessAif          000000014002cc18     comm.obj
 0004:00000c24       $pdata$ProcessHbaErrors    000000014002cc24     comm.obj
 0004:00000c30       $pdata$3$ProcessHbaErrors  000000014002cc30     comm.obj
 0004:00000c3c       $pdata$4$ProcessHbaErrors  000000014002cc3c     comm.obj
 0004:00000c48       $pdata$ProcessNormalFib    000000014002cc48     comm.obj
 0004:00000c54       $pdata$3$ProcessNormalFib  000000014002cc54     comm.obj
 0004:00000c60       $pdata$4$ProcessNormalFib  000000014002cc60     comm.obj
 0004:00000c6c       $pdata$5$ProcessNormalFib  000000014002cc6c     comm.obj
 0004:00000c78       $pdata$6$ProcessNormalFib  000000014002cc78     comm.obj
 0004:00000c84       $pdata$7$ProcessNormalFib  000000014002cc84     comm.obj
 0004:00000c90       $pdata$8$ProcessNormalFib  000000014002cc90     comm.obj
 0004:00000c9c       $pdata$QueueEvent          000000014002cc9c     comm.obj
 0004:00000ca8       $pdata$RestoreBMIC15Srb    000000014002cca8     comm.obj
 0004:00000cb4       $pdata$SendConsumerProducerFib 000000014002ccb4     comm.obj
 0004:00000cc0       $pdata$ServiceHostCommandNormalQueue 000000014002ccc0     comm.obj
 0004:00000ccc       $pdata$3$ServiceHostCommandNormalQueue 000000014002cccc     comm.obj
 0004:00000cd8       $pdata$4$ServiceHostCommandNormalQueue 000000014002ccd8     comm.obj
 0004:00000ce4       $pdata$ServiceHostResponseNormalQueue 000000014002cce4     comm.obj
 0004:00000cf0       $pdata$6$ServiceHostResponseNormalQueue 000000014002ccf0     comm.obj
 0004:00000cfc       $pdata$7$ServiceHostResponseNormalQueue 000000014002ccfc     comm.obj
 0004:00000d08       $pdata$ServiceInternalAifQueue 000000014002cd08     comm.obj
 0004:00000d14       $pdata$1$ServiceInternalAifQueue 000000014002cd14     comm.obj
 0004:00000d20       $pdata$2$ServiceInternalAifQueue 000000014002cd20     comm.obj
 0004:00000d2c       $pdata$SubDeQueueSortingQueue 000000014002cd2c     comm.obj
 0004:00000d38       $pdata$0$SubDeQueueSortingQueue 000000014002cd38     comm.obj
 0004:00000d44       $pdata$1$SubDeQueueSortingQueue 000000014002cd44     comm.obj
 0004:00000d50       $pdata$HwScsiWmiExecuteMethod 000000014002cd50     wmi.obj
 0004:00000d5c       $pdata$HwScsiWmiQueryDataBlock 000000014002cd5c     wmi.obj
 0004:00000d5c       $pdata$HwScsiWmiFunctionControl 000000014002cd5c     wmi.obj
 0004:00000d68       $pdata$ProcessWmi          000000014002cd68     wmi.obj
 0004:00000d74       $pdata$__report_gsfailure  000000014002cd74     BufferOverflowK:gs_report.obj
 0004:00000d80       $pdata$__report_securityfailure 000000014002cd80     BufferOverflowK:gs_report.obj
 0004:00000d8c       $pdata$__report_rangecheckfailure 000000014002cd8c     BufferOverflowK:gs_report.obj
 0004:00000da4       $pdata$__GSHandlerCheckCommon 000000014002cda4     ntoskrnl:gshandler.obj
 0004:00000db0       $pdata$__GSHandlerCheck    000000014002cdb0     ntoskrnl:gshandler.obj
 0004:00000dc8       $pdata$ScsiWmipPostProcess 000000014002cdc8     scsiwmi:wmilib.obj
 0004:00000dd4       $pdata$ScsiWmipFindGuid    000000014002cdd4     scsiwmi:wmilib.obj
 0004:00000de0       $pdata$ScsiWmipProcessRequest 000000014002cde0     scsiwmi:wmilib.obj
 0004:00000dec       $pdata$ScsiPortWmiPostProcess 000000014002cdec     scsiwmi:wmilib.obj
 0004:00000df8       $pdata$ScsiPortWmiDispatchFunction 000000014002cdf8     scsiwmi:wmilib.obj
 0004:00000e04       $pdata$GsDriverEntry       000000014002ce04     BufferOverflowK:gs_support.obj
 0005:000001f8       .idata$6                   000000014002d1f8     ntoskrnl:ntoskrnl.exe
 0005:00000222       .idata$6                   000000014002d222     hal:HAL.dll
 0005:000003e2       .idata$6                   000000014002d3e2     storport:storport.sys
 0006:000000d0       $R000000                   000000014002e0d0     archba.res
 0006:00000420       $R000350                   000000014002e420     archba.res
