 arcsas

 Timestamp is 56d7d08a (Thu Mar 03 11:20:02 2016)

 Preferred load address is 00400000

 Start         Length     Name                   Class
 0001:00000000 00018e67H .text                   CODE
 0001:00018e68 00000010H .text$01                CODE
 0001:00018e78 00007164H .text$s                 CODE
 0002:00000000 00000090H .idata$5                DATA
 0002:00000090 000001e8H .rdata                  DATA
 0002:00000278 00000048H .rdata$debug            DATA
 0002:000002c0 00000004H .rdata$sxdata           DATA
 0003:00000000 000004fcH .data                   DATA
 0003:00000500 000001c4H .bss                    DATA
 0004:00000000 000000fdH INIT                    CODE
 0004:00000100 00000028H .idata$2                CODE
 0004:00000128 00000014H .idata$3                CODE
 0004:0000013c 00000090H .idata$4                CODE
 0004:000001cc 00000320H .idata$6                CODE
 0005:00000000 000000c8H .rsrc$01                DATA
 0005:000000d0 00001118H .rsrc$02                DATA

  Address         Publics by Value              Rva+Base       Lib:Object

 0000:00000001       ___safe_se_handler_count   00000001     <absolute>
 0001:00000010       _GetOutstandingIoCnt@4     00401010 f   rxdevice.obj
 0001:000000a0       _NonMSIXInterruptHandler@8 004010a0 f   rxdevice.obj
 0001:00000340       _PMCDpcResponseHandler@16  00401340 f   rxdevice.obj
 0001:00000e80       _PMCInterruptHandler@4     00401e80 f   rxdevice.obj
 0001:00001230       _PMCPushMessageUnitQueueFib@8 00402230 f   rxdevice.obj
 0001:00001950       _RxAccessDeviceRegister@8  00402950 f   rxdevice.obj
 0001:00001b40       _RxCheckAdapterHealth@8    00402b40 f   rxdevice.obj
 0001:00001be0       _RxCheckSyncCommandComplete@8 00402be0 f   rxdevice.obj
 0001:00001d90       _RxDpcInterruptHandler@16  00402d90 f   rxdevice.obj
 0001:00001da0       _RxGetOMRx0@4              00402da0 f   rxdevice.obj
 0001:00001df0       _RxInterruptHandler@4      00402df0 f   rxdevice.obj
 0001:00002030       _RxMapMailBoxFirmwareBase@4 00403030 f   rxdevice.obj
 0001:00002110       _RxNewCommProcessInterrupt@8 00403110 f   rxdevice.obj
 0001:000024c0       _RxNotifyAdapter@12        004034c0 f   rxdevice.obj
 0001:00002570       _RxPullMessageUnitQueueCompletedFib@12 00403570 f   rxdevice.obj
 0001:00002720       _RxPushMessageUnitQueueFib@8 00403720 f   rxdevice.obj
 0001:00002850       _RxSendSynchCommand@48     00403850 f   rxdevice.obj
 0001:000030e0       _RxStartAdapter@8          004040e0 f   rxdevice.obj
 0001:000035b0       _RxWaitForAdapterToBoot@4  004045b0 f   rxdevice.obj
 0001:000036b0       _RxWriteIDR@12             004046b0 f   rxdevice.obj
 0001:00003710       _RxWriteODR@12             00404710 f   rxdevice.obj
 0001:00003790       _SetWaitCount4SendSyncCmd@8 00404790 f   rxdevice.obj
 0001:00003890       _SetWaitCount4StartAdapter@4 00404890 f   rxdevice.obj
 0001:00003900       _SimulateHbaFwTgtFailure@8 00404900 f   rxdevice.obj
 0001:000039c0       _SimulateHbaScsiErros@8    004049c0 f   rxdevice.obj
 0001:00003a50       _RevCheckCompatibility@12  00404a50 f   revision.obj
 0001:00003ae0       _RevGetBuildNumber@0       00404ae0 f   revision.obj
 0001:00003af0       _RevGetExternalRev@0       00404af0 f   revision.obj
 0001:00003b00       _CompareStrings@12         00404b00 f   helpers.obj
 0001:00003b60       _GetDriverParameter@20     00404b60 f   helpers.obj
 0001:00003c60       _LongToAscii@16            00404c60 f   helpers.obj
 0001:00003d10       _MatchRegistryString@8     00404d10 f   helpers.obj
 0001:00003dc0       _ZeroStructure@8           00404dc0 f   helpers.obj
 0001:00003de0       _ArcPrintf                 00404de0 f   arcdebug.obj
 0001:00004040       _LocalDelay1us@0           00405040 f   cmddelivery.obj
 0001:00004040       _Delay1us@0                00405040 f   arcdebug.obj
 0001:000040a0       _GetFwDebugBuffer@8        004050a0 f   arcdebug.obj
 0001:00004270       _PutItIntoInternalPrintBuffer@12 00405270 f   arcdebug.obj
 0001:00004330       _RealSprintf@12            00405330 f   arcdebug.obj
 0001:00004780       _ChangeIoLimitAndPrintOutstanding@4 00405780 f   timer.obj
 0001:00004870       _CheckFWPulseInCrashDumpMode@4 00405870 f   timer.obj
 0001:00004950       _CheckingFWAfterPowerStateChange@4 00405950 f   timer.obj
 0001:00004ce0       _ConfigureContainersTimer@4 00405ce0 f   timer.obj
 0001:00004e50       _DequeueSortingQTimer@4    00405e50 f   timer.obj
 0001:00004f20       _MainTimeThread@4          00405f20 f   timer.obj
 0001:00005170       _RequestAif@4              00406170 f   timer.obj
 0001:000052d0       _RequestTimer@16           004062d0 f   timer.obj
 0001:00005370       _Reset_IOP_CompletionTimer@4 00406370 f   timer.obj
 0001:00005600       _RestartAdapterPendingTimer@4 00406600 f   timer.obj
 0001:000056f0       _ReturningKidnappedFibsToOS@4 004066f0 f   timer.obj
 0001:00005790       _StopTimer@16              00406790 f   timer.obj
 0001:00005820       _SynchCommandCompletionTimer@4 00406820 f   timer.obj
 0001:000058e0       _SynchFibCompletionTimer@4 004068e0 f   timer.obj
 0001:000059e0       _UpdateHBAMappingTable@4   004069e0 f   timer.obj
 0001:00005f50       _VMCloseAllCompletionTimer@4 00406f50 f   timer.obj
 0001:00006160       _AllocateConsumerProducerCommArea@20 00407160 f   arcinit.obj
 0001:00006410       _AllocateMessageUnitQueueCommArea@8 00407410 f   arcinit.obj
 0001:00006820       _ArcLogEvent@16            00407820 f   arcinit.obj
 0001:000068b0       _ArcLogEventString@24      004078b0 f   arcinit.obj
 0001:00006940       _CheckForVersionMisMatch@4 00407940 f   arcinit.obj
 0001:00006a70       _CheckMSIxPossibility@4    00407a70 f   arcinit.obj
 0001:00006d20       _ConfigHBADeviceInit@12    00407d20 f   arcinit.obj
 0001:00006f50       _ConfigureContainersRuntime@12 00407f50 f   arcinit.obj
 0001:000075e0       _DriverEntry@8             004085e0 f   arcinit.obj
 0001:000076b0       _DynamicallyThrottleLunQueueDepth@8 004086b0 f   arcinit.obj
 0001:000078e0       _FindAdapter@24            004088e0 f   arcinit.obj
 0001:00009150       _GetElapsedSeconds@4       0040a150 f   arcinit.obj
 0001:000091e0       _GetHBAAdapterProperties@8 0040a1e0 f   arcinit.obj
 0001:00009290       _GetHbaPhyDevInfo@12       0040a290 f   arcinit.obj
 0001:000096a0       _GetHbaPhyDevList@8        0040a6a0 f   arcinit.obj
 0001:00009a70       _HandleAdapterCommitConfig@4 0040aa70 f   arcinit.obj
 0001:00009b40       _HandleAdapterConfigIssues@4 0040ab40 f   arcinit.obj
 0001:00009d10       _HandleAdapterGetConfig@4  0040ad10 f   arcinit.obj
 0001:00009e20       _HbaDeviceAdd@12           0040ae20 f   arcinit.obj
 0001:00009ef0       _HbaDeviceRemove@8         0040aef0 f   arcinit.obj
 0001:00009fa0       _HwInitializeAdapter@4     0040afa0 f   arcinit.obj
 0001:0000a250       _IOPReset@8                0040b250 f   arcinit.obj
 0001:0000a5c0       _InitializeAdapter@4       0040b5c0 f   arcinit.obj
 0001:0000a680       _InitializeConsumerProducerCommRegion@8 0040b680 f   arcinit.obj
 0001:0000a8c0       _InitializeConsumerProducerNewAdapter@12 0040b8c0 f   arcinit.obj
 0001:0000a980       _InitializeDPCs@4          0040b980 f   arcinit.obj
 0001:0000ab20       _InitializeMessageUnitQueueNewAdapter@12 0040bb20 f   arcinit.obj
 0001:0000abc0       _IsAdapterReadyForConfigCommand@4 0040bbc0 f   arcinit.obj
 0001:0000ad00       _LogSystemEvent@28         0040bd00 f   arcinit.obj
 0001:0000ad60       _MapDeviceBase@8           0040bd60 f   arcinit.obj
 0001:0000b190       _MatchPciIds@8             0040c190 f   arcinit.obj
 0001:0000b310       _ReinitializeAdapterAfterIOPReset@4 0040c310 f   arcinit.obj
 0001:0000b4c0       _ResetAdapter@8            0040c4c0 f   arcinit.obj
 0001:0000bb30       _ReturningLocalOutstandingRequestsToOS@4 0040cb30 f   arcinit.obj
 0001:0000bc30       _ReturningOutstandingSentToFWBeforeIOPResetToOS@4 0040cc30 f   arcinit.obj
 0001:0000bcd0       _SA4ACI2Interface@4        0040ccd0 f   arcinit.obj
 0001:0000bdb0       _SA4CheckMSIx@4            0040cdb0 f   arcinit.obj
 0001:0000be00       _SA4OldCommInterface@4     0040ce00 f   arcinit.obj
 0001:0000be40       _SA4StatusBatching@4       0040ce40 f   arcinit.obj
 0001:0000bf60       _SMCrashDumpModeInitAdapter@8 0040cf60 f   arcinit.obj
 0001:0000c160       _SMNormalModeInitAdapter@8 0040d160 f   arcinit.obj
 0001:0000c3a0       _ScanMapTblForCheck@16     0040d3a0 f   arcinit.obj
 0001:0000c680       _ScanMapTblForDeviceAdd@12 0040d680 f   arcinit.obj
 0001:0000c850       _ScanMapTblForDeviceRemove@4 0040d850 f   arcinit.obj
 0001:0000c8e0       _SendEvent2OS@20           0040d8e0 f   arcinit.obj
 0001:0000ccf0       _SendInitStructure@4       0040dcf0 f   arcinit.obj
 0001:0000cee0       _SetFwTime@4               0040dee0 f   arcinit.obj
 0001:0000cf70       _CompleteQueuedRequest@12  0040df70 f   cmddelivery.obj
 0001:0000d060       _DequeueRawIoReadWriteRequest@12 0040e060 f   cmddelivery.obj
 0001:0000d200       _HandleInterrupt@4         0040e200 f   cmddelivery.obj
 0001:0000d220       _HandleMSIXInterrupt@8     0040e220 f   cmddelivery.obj
 0001:0000d300       _PollSmartHBAFIBCompletion@8 0040e300 f   cmddelivery.obj
 0001:0000d560       _PostProcessScsiCommand@16 0040e560 f   cmddelivery.obj
 0001:0000d840       _ProcessContainerInquiry@16 0040e840 f   cmddelivery.obj
 0001:0000de00       _ProcessScsiCommand@12     0040ee00 f   cmddelivery.obj
 0001:0000ea10       _QueuePrintf@12            0040fa10 f   cmddelivery.obj
 0001:0000ead0       _QueueRawIoReadWriteRequest@8 0040fad0 f   cmddelivery.obj
 0001:0000f480       _SendFastIoFib@16          00410480 f   cmddelivery.obj
 0001:0000f4b0       _SendFib@12                004104b0 f   cmddelivery.obj
 0001:0000f770       _SendRawIoFib@12           00410770 f   cmddelivery.obj
 0001:0000fa40       _SendSynchFib@28           00410a40 f   cmddelivery.obj
 0001:0000fc00       _StartIo@8                 00410c00 f   cmddelivery.obj
 0001:000105b0       _AdapterControl@12         004115b0 f   cmdproc.obj
 0001:00010c40       _BuildHBAFib@12            00411c40 f   cmdproc.obj
 0001:000110e0       _BuildHBAIoctlFib@20       004120e0 f   cmdproc.obj
 0001:00011330       _BuildIo@8                 00412330 f   cmdproc.obj
 0001:00011b50       _BuildRawIo2ScatterGather4HBAIoctl@16 00412b50 f   cmdproc.obj
 0001:00011ce0       _BuildRawIo2ScatterGather@12 00412ce0 f   cmdproc.obj
 0001:00011e90       _BuildRawIoFib@12          00412e90 f   cmdproc.obj
 0001:00012180       _BuildRawIoScatterGather@12 00413180 f   cmdproc.obj
 0001:00012340       _BuildReadWriteFib@12      00413340 f   cmdproc.obj
 0001:00012670       _BuildScatterGather64@16   00413670 f   cmdproc.obj
 0001:00012720       _BuildScatterGather@16     00413720 f   cmdproc.obj
 0001:000127b0       _BuildSrbFib@12            004137b0 f   cmdproc.obj
 0001:00012a10       _ConvertRawIo2ScatterGather@24 00413a10 f   cmdproc.obj
 0001:00012b30       _InitializeFib@8           00413b30 f   cmdproc.obj
 0001:00012b60       _BuildRawScatterGather64@20 00413b60 f   ioctl.obj
 0001:00012c00       _BuildRawScatterGather@20  00413c00 f   ioctl.obj
 0001:00012c90       _CSMIGetControllerConfig@8 00413c90 f   ioctl.obj
 0001:00012dc0       _CSMIGetControllerStatus@8 00413dc0 f   ioctl.obj
 0001:00012e40       _CSMIGetDeviceAddress@8    00413e40 f   ioctl.obj
 0001:00012f90       _CSMIGetDriverInfo@8       00413f90 f   ioctl.obj
 0001:00013010       _CSMIGetPhyInfo@8          00414010 f   ioctl.obj
 0001:00013170       _CSMIGetRAIDConfig@8       00414170 f   ioctl.obj
 0001:00013390       _CSMIGetRAIDInfo@8         00414390 f   ioctl.obj
 0001:000134c0       _CSMIGetSATASignature@8    004144c0 f   ioctl.obj
 0001:00013620       _CSMIGetSCSIAddress@8      00414620 f   ioctl.obj
 0001:00013770       _CSMISTPPassThru@8         00414770 f   ioctl.obj
 0001:000139a0       _HandleCSMI@8              004149a0 f   ioctl.obj
 0001:00013a90       _ProcessIoctl@12           00414a90 f   ioctl.obj
 0001:00015ee0       _AdapterIsAlive@4          00416ee0 f   comm.obj
 0001:00015f20       _CompleteAllSortingQueue@8 00416f20 f   comm.obj
 0001:00015fa0       _CompleteBufferedRequest@12 00416fa0 f   comm.obj
 0001:00016050       _CompleteSortingQueueRequest@12 00417050 f   comm.obj
 0001:000160e0       _DeQueueSortingQueue@8     004170e0 f   comm.obj
 0001:00016280       _DpcDequeueRawIoReadWriteRequest@16 00417280 f   comm.obj
 0001:000162f0       _FreeConsumerProducerAif@8 004172f0 f   comm.obj
 0001:000163c0       _GetConsumerProducerCompletedFib@12 004173c0 f   comm.obj
 0001:00016460       _GetMessageUnitQueueCompletedFib@12 00417460 f   comm.obj
 0001:00016480       _GetQueueEntry@16          00417480 f   comm.obj
 0001:000165d0       _ProcessAif@8              004175d0 f   comm.obj
 0001:00016d80       _ProcessHbaErrors@12       00417d80 f   comm.obj
 0001:000171d0       _ProcessNormalFib@20       004181d0 f   comm.obj
 0001:00017ab0       _QueueSortingQ@8           00418ab0 f   comm.obj
 0001:00017cf0       _SendConsumerProducerFib@4 00418cf0 f   comm.obj
 0001:00017d60       _SendMessageUnitQueueFib@4 00418d60 f   comm.obj
 0001:00017f00       _ServiceHostCommandNormalQueue@4 00418f00 f   comm.obj
 0001:00017fa0       _ServiceHostResponseNormalQueue@4 00418fa0 f   comm.obj
 0001:00018350       _ServiceInternalAifQueue@4 00419350 f   comm.obj
 0001:000183f0       _SubDeQueueSortingQueue@8  004193f0 f   comm.obj
 0001:000184c0       _TryDeQueueIoList@4        004194c0 f   comm.obj
 0001:000185d0       _HwScsiWmiExecuteMethod@32 004195d0 f   wmi.obj
 0001:00018670       _HwScsiWmiFunctionControl@20 00419670 f   wmi.obj
 0001:00018690       _HwScsiWmiQueryDataBlock@32 00419690 f   wmi.obj
 0001:000186b0       _HwScsiWmiQueryReginfo@12  004196b0 f   wmi.obj
 0001:000186d0       _HwScsiWmiSetDataBlock@24  004196d0 f   wmi.obj
 0001:000186e0       _HwScsiWmiSetDataItem@28   004196e0 f   wmi.obj
 0001:000186f0       _InitializeWmiInterface@4  004196f0 f   wmi.obj
 0001:000187f0       _ProcessWmi@8              004197f0 f   wmi.obj
 0001:00018850       @__security_check_cookie@4 00419850 f   BufferOverflowK:secchk.obj
 0001:00018866       ___report_gsfailure        00419866 f   BufferOverflowK:gs_report.obj
 0001:00018892       ___report_securityfailure  00419892 f   BufferOverflowK:gs_report.obj
 0001:000188ba       ___report_rangecheckfailure 004198ba f   BufferOverflowK:gs_report.obj
 0001:000188c8       _memset                    004198c8 f   ntoskrnl:ntoskrnl.exe
 0001:000188d4       __aulldvrm                 004198d4 f   ntoskrnl:ntoskrnl.exe
 0001:000188e0       __alldiv                   004198e0 f   ntoskrnl:ntoskrnl.exe
 0001:000188ec       __allmul                   004198ec f   ntoskrnl:ntoskrnl.exe
 0001:000188f8       __aulldiv                  004198f8 f   ntoskrnl:ntoskrnl.exe
 0001:00018904       __aullshr                  00419904 f   ntoskrnl:ntoskrnl.exe
 0001:00018910       _ULongAdd@12               00419910 f i scsiwmi:wmilib.obj
 0001:0001893e       _ScsiWmipFindGuid@20       0041993e f   scsiwmi:wmilib.obj
 0001:0001898e       _ScsiWmipPostProcess@24    0041998e f   scsiwmi:wmilib.obj
 0001:00018a9e       _ScsiPortWmiPostProcess@12 00419a9e f   scsiwmi:wmilib.obj
 0001:00018ace       _ScsiWmipProcessRequest@36 00419ace f   scsiwmi:wmilib.obj
 0001:00018df0       _ScsiPortWmiDispatchFunction@28 00419df0 f   scsiwmi:wmilib.obj
 0001:00018e70       _ForceSEHExceptionHandler@16 00419e70 f   BufferOverflowK:forceseh.obj
 0001:00018e78       ??_C@_0CJ@KAGJNHLI@OMR?5value?5in?5Check?5Adapter?5Healt@FNODOBFM@ 00419e78     rxdevice.obj
 0001:00018ea2       ??_C@_0DE@IHDJGLJF@This?5should?5not?5happen?4?5We?5only?5@FNODOBFM@ 00419ea2     rxdevice.obj
 0001:00018ed6       ??_C@_0BF@JNCAAJNE@pFibContext?$DNNULL?5?$CB?$CB?6?$AA@FNODOBFM@ 00419ed6     rxdevice.obj
 0001:00018eec       ??_C@_0EM@CCDNION@?$CK?5Start?5a?5timer?5to?5update?5contai@FNODOBFM@ 00419eec     rxdevice.obj
 0001:00018f38       ??_C@_0EF@JHIFCNOI@This?5should?5not?5happen?4?5We?5only?5@FNODOBFM@ 00419f38     rxdevice.obj
 0001:00018f7e       ??_C@_0DD@DNLJMEID@pFibContext?$DNNULL?5?$CB?$CBline?5?$CFd?5messa@FNODOBFM@ 00419f7e     rxdevice.obj
 0001:00018fb2       ??_C@_0EG@FJGLAIMH@We?5may?5have?5problem?0?5FW?5is?5idle?0@FNODOBFM@ 00419fb2     rxdevice.obj
 0001:00018ff8       ??_C@_0ED@LPIHDLIB@Handle?5IOCTL?5CMD?5with?5vector?50?4?5@FNODOBFM@ 00419ff8     rxdevice.obj
 0001:0001903c       ??_C@_0BH@CEIDANBI@SHOULD?5NOT?5BE?5HERE?5?$CB?$CB?6?$AA@FNODOBFM@ 0041a03c     rxdevice.obj
 0001:00019054       ??_C@_0DE@MJICMDG@pFibContext?$DNNULL?5?$CB?$CB?5line?5?$CFd?5mess@FNODOBFM@ 0041a054     rxdevice.obj
 0001:00019088       ??_C@_0ED@DAJFCMJP@?$CK?5Start?5a?5timer?5to?5update?5Contai@FNODOBFM@ 0041a088     rxdevice.obj
 0001:000190cc       ??_C@_0EI@DKKBIMEF@?$CK?5Start?5a?5timer?5to?5update?5contai@FNODOBFM@ 0041a0cc     rxdevice.obj
 0001:00019114       ??_C@_0BL@OCMKMPMG@PMCPushMessageUnitQueueFib?$AA@FNODOBFM@ 0041a114     rxdevice.obj
 0001:00019130       ??_C@_0DM@HGFILPIE@SHOULD?5NOT?5BE?5HERE?$CB?5?$CI?$CFs?$CJ?5line?5?$CFd@FNODOBFM@ 0041a130     rxdevice.obj
 0001:0001916c       ??_C@_0BE@HCGBMGEE@Vector?5?$CFd?5is?5full?4?6?$AA@FNODOBFM@ 0041a16c     rxdevice.obj
 0001:00019180       ??_C@_0CF@MIBCPCJB@SOMETHING?5WRONG?5IN?5LOOPBACK?5CODE@FNODOBFM@ 0041a180     rxdevice.obj
 0001:000191a6       ??_C@_0DE@CKNADHPL@One?5IOTCL?5FIB?5kidnapped?$CB?5FIB_Con@FNODOBFM@ 0041a1a6     rxdevice.obj
 0001:000191da       ??_C@_0FE@JLKFMCPA@?$CK?5PMCPushMessageUnitQueueFib?3?5Cm@FNODOBFM@ 0041a1da     rxdevice.obj
 0001:0001922e       ??_C@_0FE@JICOMBJP@?$CK?5PMCPushMessageUnitQueueFib?3?5Cm@FNODOBFM@ 0041a22e     rxdevice.obj
 0001:00019282       ??_C@_0EC@LAPIEKPJ@?$CK?5RxSendSynchCommand?3?5mailbox?$FL0?$FN@FNODOBFM@ 0041a282     rxdevice.obj
 0001:000192c4       ??_C@_0DJ@GJNDHOED@?$CK?5RxSendSynchCommand?3?5mailbox?$FL0?$FN@FNODOBFM@ 0041a2c4     rxdevice.obj
 0001:000192fe       ??_C@_0HK@NJDHDGMI@?$CK?5RxSendSynchCommand?3?5There?5is?5a@FNODOBFM@ 0041a2fe     rxdevice.obj
 0001:00019378       ??_C@_0HB@PLCHFMAA@?$CK?5RxSendSynchCommand?3?5synch?5cmd?3@FNODOBFM@ 0041a378     rxdevice.obj
 0001:000193ea       ??_C@_0EL@HOIBIGPI@?$CK?5RxSendSynchCommand?3?5Got?5respon@FNODOBFM@ 0041a3ea     rxdevice.obj
 0001:00019436       ??_C@_0EJ@DGPABBLG@?$CK?5RxSendSynchCommand?3?5Should?5NOT@FNODOBFM@ 0041a436     rxdevice.obj
 0001:00019480       ??_C@_0FA@HKIBFKMH@?$CK?5RxSendSynchCommand?3?5Still?5NO?5r@FNODOBFM@ 0041a480     rxdevice.obj
 0001:000194d0       ??_C@_0KI@HMCHOJIN@?5RxSendSynchCommand?$FLMSIX?5mode?$FN?5f@FNODOBFM@ 0041a4d0     rxdevice.obj
 0001:00019578       ??_C@_0JP@JKCHEOCJ@?5RxSendSynchCommand?$FLMSIX?5mode?$FN?3?5@FNODOBFM@ 0041a578     rxdevice.obj
 0001:00019618       ??_C@_0CN@BCCBJMEA@?5RxSendSynchCommand?5Failed?5?$CFd?0wa@FNODOBFM@ 0041a618     rxdevice.obj
 0001:00019646       ??_C@_0DB@JEAHJGPL@?$CK?5pDeviceExtension?9?$DOMaxMSIXVecto@FNODOBFM@ 0041a646     rxdevice.obj
 0001:00019678       ??_C@_0CB@JPABDNKH@?$CK?5Begins?5StatusBatching?0?5Yeaaa?$CB?6@FNODOBFM@ 0041a678     rxdevice.obj
 0001:0001969a       ??_C@_0CF@BPKEMKA@?$CK?5ACI2?5Command?5Delivery?5is?5enabl@FNODOBFM@ 0041a69a     rxdevice.obj
 0001:000196c0       ??_C@_1DK@JBHFOPMP@?$AAA?$AAd?$AAa?$AAp?$AAt?$AAe?$AAr?$AA?5?$AAC?$AAo?$AAn?$AAf?$AAi?$AAg?$AAu?$AAr?$AAa?$AAt?$AAi?$AAo?$AAn?$AA?5?$AAf?$AAa?$AAi?$AAl?$AAe?$AAd?$AA?$AA@FNODOBFM@ 0041a6c0     rxdevice.obj
 0001:000196fa       ??_C@_06CMBKHLEL@Arcsas?$AA@FNODOBFM@ 0041a6fa     arcdebug.obj
 0001:00019702       ??_C@_02DKCKIIND@?$CFs?$AA@FNODOBFM@ 0041a702     arcdebug.obj
 0001:00019706       ??_C@_0EM@NMLBBIAH@?$CK?5in?5UpdateHBAMappingTable?0?5GetH@FNODOBFM@ 0041a706     timer.obj
 0001:00019752       ??_C@_0FA@FCAIGAEL@?$CK?5in?5UpdateHBAMappingTable?0?5GetH@FNODOBFM@ 0041a752     timer.obj
 0001:000197a2       ??_C@_0GB@FAGGLJPH@?$CK?5First?58?5HBA?5devices?3?5?$CI0x?$CFx?0?$CFd?$CJ@FNODOBFM@ 0041a7a2     timer.obj
 0001:00019804       ??_C@_0FJ@KOMILNGA@?$CK?5HBA?5mapping?5table?5updated?0?5tim@FNODOBFM@ 0041a804     timer.obj
 0001:0001985e       ??_C@_0GB@HADPCCEF@?$CK?5Start?5a?5timer?5to?5update?5Contai@FNODOBFM@ 0041a85e     timer.obj
 0001:000198c0       ??_C@_0CK@JLKEFPAM@entering?5CheckingFWAfterPowerSta@FNODOBFM@ 0041a8c0     timer.obj
 0001:000198ea       ??_C@_0GN@GHJFFNOA@?$CK?5set?5timer?5AGAIN?5in?5CheckingFWA@FNODOBFM@ 0041a8ea     timer.obj
 0001:00019958       ??_C@_0FK@MIIMDOAD@?$CK?5set?5timer?5AGAIN?5in?5CheckingFWA@FNODOBFM@ 0041a958     timer.obj
 0001:000199b2       ??_C@_0GB@EDFGCDFC@?$CK?5set?5timer?5AGAIN?5in?5CheckingFWA@FNODOBFM@ 0041a9b2     timer.obj
 0001:00019a14       ??_C@_0N@HAKDCPBM@7?45?40?441063?$AA?$AA@FNODOBFM@ 0041aa14     timer.obj
 0001:00019a22       ??_C@_0DO@GCDGNMH@?$CK?5FW?5is?5back?5from?5S3?1S4?4?5StorPor@FNODOBFM@ 0041aa22     timer.obj
 0001:00019a60       ??_C@_0DM@JABFAEPO@?$CK?5?9?5Reset?5AIFSrb?5to?5NULL?5when?5ba@FNODOBFM@ 0041aa60     timer.obj
 0001:00019a9c       ??_C@_0DN@ELHOMNDM@?$CK?5leaving?5CheckingFWAfterPowerSt@FNODOBFM@ 0041aa9c     timer.obj
 0001:00019ada       ??_C@_0DO@OBELKDEH@?$CK?5set?5timer?5AGAIN?5to?5check?5the?5F@FNODOBFM@ 0041aada     timer.obj
 0001:00019b18       ??_C@_0CI@JPJEKICG@DPC?9Timeout?5may?5happen?5in?5ResetA@FNODOBFM@ 0041ab18     timer.obj
 0001:00019b40       ??_C@_0DH@JNGKJDAE@One?5kidnapped?5FIB?5released?$CB?5FIB_@FNODOBFM@ 0041ab40     timer.obj
 0001:00019b78       ??_C@_0EJ@PCDGPKJP@?$CK?5Driver?5was?5not?5able?5to?5send?5?$CFd@FNODOBFM@ 0041ab78     timer.obj
 0001:00019bc2       ??_C@_0DM@PNDEAHOI@?$CK?5Send?5BusChangeDetected?5to?5OS?5i@FNODOBFM@ 0041abc2     timer.obj
 0001:00019bfe       ??_C@_0FE@KEPMKGLI@?$CK?5Start?5a?5timer?5to?5update?5HBA?5de@FNODOBFM@ 0041abfe     timer.obj
 0001:00019c52       ??_C@_0EH@FCLGCKBJ@?$CK?5Start?5a?5timer?5to?5update?5HBA?5de@FNODOBFM@ 0041ac52     timer.obj
 0001:00019c9a       ??_C@_0GE@IFJDDHGE@?$CK?5Start?5a?5timer?5to?5update?5Contai@FNODOBFM@ 0041ac9a     timer.obj
 0001:00019cfe       ??_C@_0DL@DODBJONE@?$CK?5SynchCommandCompletionTimer?3?5S@FNODOBFM@ 0041acfe     timer.obj
 0001:00019d3a       ??_C@_0EO@CBNEAKKI@?$CK?5VMCloseAllCompletionTimer?3?5sen@FNODOBFM@ 0041ad3a     timer.obj
 0001:00019d88       ??_C@_0FI@MJCPBEAD@?$CK?5VMCloseAllCompletionTimer?3?5wai@FNODOBFM@ 0041ad88     timer.obj
 0001:00019de0       ??_C@_0DO@ELMMCKMD@?$CK?5VMCloseAllCompletionTimer?3?5SRB@FNODOBFM@ 0041ade0     timer.obj
 0001:00019e1e       ??_C@_0EH@BGEEAOIJ@?$CK?5VMCloseAllCompletionTimer?3?5Sho@FNODOBFM@ 0041ae1e     timer.obj
 0001:00019e66       ??_C@_0EF@HLMPMNBN@?$CK?5VMCloseAllCompletionTimer?3?5Syn@FNODOBFM@ 0041ae66     timer.obj
 0001:00019eac       ??_C@_0DH@IBACIAED@?$CK?5SynchFibCompletionTimer?3?5SyncF@FNODOBFM@ 0041aeac     timer.obj
 0001:00019ee4       ??_C@_0EC@MICIKMJM@?$CK?5set?5timer?5AGAIN?5to?5check?5the?5F@FNODOBFM@ 0041aee4     timer.obj
 0001:00019f26       ??_C@_0EL@PCHMIFAO@?$CK?5leaving?5Reset_IOP_CompletionTi@FNODOBFM@ 0041af26     timer.obj
 0001:00019f72       ??_C@_0CD@MKPFBJDC@leaving?5Reset_IOP_CompletionTime@FNODOBFM@ 0041af72     timer.obj
 0001:00019f96       ??_C@_0FK@ODMKKBJL@?$CK?5Start?5a?5timer?5to?5update?5Contai@FNODOBFM@ 0041af96     timer.obj
 0001:00019ff0       ??_C@_0FH@GFIHLMMH@?$CK?5Start?5a?5timer?5to?5update?5Contai@FNODOBFM@ 0041aff0     timer.obj
 0001:0001a048       ??_C@_0DH@KAAGAFOD@?$CK?5leaving?5Reset_IOP_CompletionTi@FNODOBFM@ 0041b048     timer.obj
 0001:0001a080       ??_C@_0DH@DFJOPAAJ@?$CK?5RESET?5IOP?5done?4?5StorPort?5minip@FNODOBFM@ 0041b080     timer.obj
 0001:0001a0b8       ??_C@_0BJ@HIBCALL@ProcessAgeOfSortingQueue?$AA@FNODOBFM@ 0041b0b8     timer.obj
 0001:0001a0d2       ??_C@_0DA@GEMOEFPE@Dequeue?5Sorting?5Queue?5failed?5in?5@FNODOBFM@ 0041b0d2     timer.obj
 0001:0001a102       ??_C@_0ID@HFHPGANL@Dequeue?5Sorting?5Queue?5failed?5whe@FNODOBFM@ 0041b102     timer.obj
 0001:0001a186       ??_C@_0CL@MJMGCLDD@entering?5AllocateConsumerProduce@FNODOBFM@ 0041b186     arcinit.obj
 0001:0001a1b2       ??_C@_0DK@IJIOFPFH@leaving?5AllocateConsumerProducer@FNODOBFM@ 0041b1b2     arcinit.obj
 0001:0001a1ec       ??_C@_0CI@FFOEPFMJ@?$CK?5ConsumerProducerCommArea?0?5VAdd@FNODOBFM@ 0041b1ec     arcinit.obj
 0001:0001a214       ??_C@_0CN@MBHLABKL@?$CK?5Adapter?5got?5an?5invalid?5host?5me@FNODOBFM@ 0041b214     arcinit.obj
 0001:0001a242       ??_C@_0DJ@JGKEIEFI@leaving?5AllocateConsumerProducer@FNODOBFM@ 0041b242     arcinit.obj
 0001:0001a27c       ??_C@_0CL@KCDMGIOM@entering?5AllocateMessageUnitQueu@FNODOBFM@ 0041b27c     arcinit.obj
 0001:0001a2a8       ??_C@_0FP@JFBPKCDF@?$CK?5AllocateMessageUnitQueueCommAr@FNODOBFM@ 0041b2a8     arcinit.obj
 0001:0001a308       ??_C@_0DM@JMMHKBOC@?$CK?5AllocateMessageUnitQueueCommAr@FNODOBFM@ 0041b308     arcinit.obj
 0001:0001a344       ??_C@_0DK@BKFHOPDI@leaving?5AllocateMessageUnitQueue@FNODOBFM@ 0041b344     arcinit.obj
 0001:0001a37e       ??_C@_0DA@ICFHAOHF@?$CK?5AllocateMessageUnitQueueCommAr@FNODOBFM@ 0041b37e     arcinit.obj
 0001:0001a3ae       ??_C@_0DJ@EGOLHGNF@leaving?5AllocateMessageUnitQueue@FNODOBFM@ 0041b3ae     arcinit.obj
 0001:0001a3e8       ??_C@_0CF@DNFJFJLG@entering?5ConfigureContainersRunt@FNODOBFM@ 0041b3e8     arcinit.obj
 0001:0001a40e       ??_C@_0EJ@GFICDCBB@?$CK?5ConfigureContainersRuntime?3?5Re@FNODOBFM@ 0041b40e     arcinit.obj
 0001:0001a458       ??_C@_0EF@KJEEMCEN@?$CK?5ConfigureContainersRuntime?3?5Ge@FNODOBFM@ 0041b458     arcinit.obj
 0001:0001a49e       ??_C@_0EF@JADMGPAN@?$CK?5ConfigureContainersRuntime?3?5Ge@FNODOBFM@ 0041b49e     arcinit.obj
 0001:0001a4e4       ??_C@_0EM@NKPEDKJ@?$CK?5ConfigureContainersRuntime?3?5no@FNODOBFM@ 0041b4e4     arcinit.obj
 0001:0001a530       ??_C@_0EF@ECHMIPBP@?$CK?5Found?5a?5new?5container?5?9?5tid?3?5?$CF@FNODOBFM@ 0041b530     arcinit.obj
 0001:0001a576       ??_C@_0DK@FCJKMAGD@ConfigureContainersRuntime?3?5UID?5@FNODOBFM@ 0041b576     arcinit.obj
 0001:0001a5b0       ??_C@_0DK@PHPDGAOG@?$CK?5ConfigureContainersRuntime?3?5di@FNODOBFM@ 0041b5b0     arcinit.obj
 0001:0001a5ea       ??_C@_0GG@BFFFADFC@?$CK?5ConfigureContainersRuntime?3?5Fa@FNODOBFM@ 0041b5ea     arcinit.obj
 0001:0001a650       ??_C@_0EA@JBBLNOGE@?$CK?5ConfigureContainersRuntime?3?5RA@FNODOBFM@ 0041b650     arcinit.obj
 0001:0001a690       ??_C@_0FJ@MOJFHLFO@?$CK?5ConfigureContainersRuntime?3?5Di@FNODOBFM@ 0041b690     arcinit.obj
 0001:0001a6ea       ??_C@_0CO@FOBCLEMJ@?$CK?5ConfigureContainersRuntime?3?5di@FNODOBFM@ 0041b6ea     arcinit.obj
 0001:0001a718       ??_C@_0DO@KMBICFHC@?$CK?5ConfigureContainersRuntime?3?5Sy@FNODOBFM@ 0041b718     arcinit.obj
 0001:0001a756       ??_C@_0DB@JMFIFBDA@leaving?5ConfigureContainersRunti@FNODOBFM@ 0041b756     arcinit.obj
 0001:0001a788       ??_C@_0CC@KOGKIGDL@entering?5CheckForVersionMisMatch@FNODOBFM@ 0041b788     arcinit.obj
 0001:0001a7aa       ??_C@_0CB@BOFDNAKM@This?5is?5a?5code?5stream?5identifier@FNODOBFM@ 0041b7aa     arcinit.obj
 0001:0001a7cc       ??_C@_0DF@MNNMPGOO@?$CK?5Version?5Mismatch?3?5Bios?3?$CFd?0?5Fir@FNODOBFM@ 0041b7cc     arcinit.obj
 0001:0001a802       ??_C@_1CE@PCDJGPON@?$AAB?$AAa?$AAd?$AA?5?$AAV?$AAe?$AAr?$AAs?$AAi?$AAo?$AAn?$AA?5?$AAM?$AAa?$AAt?$AAc?$AAh?$AA?$AA@FNODOBFM@ 0041b802     arcinit.obj
 0001:0001a826       ??_C@_0EC@DEDLMEPI@leving?5CheckForVersionMisMatch?5w@FNODOBFM@ 0041b826     arcinit.obj
 0001:0001a868       ??_C@_0BN@GKEKJNDP@?$CFs?5Driver?5entry?5rtnval?5?$DN?5?$CFx?6?$AA@FNODOBFM@ 0041b868     arcinit.obj
 0001:0001a886       ??_C@_0DD@FIIKPLIC@?$CFs?3?5Driver?5FindAdapter?5?9?5invalid@FNODOBFM@ 0041b886     arcinit.obj
 0001:0001a8ba       ??_C@_0BG@INJAEJHE@entering?5FindAdapter?6?$AA@FNODOBFM@ 0041b8ba     arcinit.obj
 0001:0001a8d0       ??_C@_0FD@NLKPIIHJ@?$CK?5This?5is?5WS03?5R2?0?5Vista?5or?5Long@FNODOBFM@ 0041b8d0     arcinit.obj
 0001:0001a924       ??_C@_0FF@EIPBDAPC@?$CK?$CK?$CK?$CK?$CK?5Size?5of?5PORT_CONFIGURATION@FNODOBFM@ 0041b924     arcinit.obj
 0001:0001a97a       ??_C@_0EF@MDPAOPOH@?$CK?5HwScsiFindAdapter?3?5DeviceExten@FNODOBFM@ 0041b97a     arcinit.obj
 0001:0001a9c0       ??_C@_0CD@BBBDOKPE@?$CK?5Returned?5PCI?5bus?5data?5length?$DN?$CF@FNODOBFM@ 0041b9c0     arcinit.obj
 0001:0001a9e4       ??_C@_0BB@ELNGMCEN@BreakPointHelper?$AA@FNODOBFM@ 0041b9e4     arcinit.obj
 0001:0001a9f6       ??_C@_0BN@NMODDHNP@?$CK?53?5seconds?5waiting?5is?5done?6?$AA@FNODOBFM@ 0041b9f6     arcinit.obj
 0001:0001aa14       ??_C@_0DD@OAOECDIB@leaving?5FindAdapter?5?9?5StorPortGe@FNODOBFM@ 0041ba14     arcinit.obj
 0001:0001aa48       ??_C@_0DF@ODNFGMFG@?$CK?5leaving?5FindAdapter?5?9?5StorPort@FNODOBFM@ 0041ba48     arcinit.obj
 0001:0001aa7e       ??_C@_0BN@FJDEMAMC@?$CK?50x40?5PCI?5Bus?5Data?5read?5in?6?$AA@FNODOBFM@ 0041ba7e     arcinit.obj
 0001:0001aa9c       ??_C@_0BN@INBKDNHG@?$CK?50xFF?5PCI?5Bus?5Data?5read?5in?6?$AA@FNODOBFM@ 0041ba9c     arcinit.obj
 0001:0001aaba       ??_C@_0DB@DAIGEFPJ@?$CK?5No?5Support?5on?5Capabilties?5list@FNODOBFM@ 0041baba     arcinit.obj
 0001:0001aaec       ??_C@_0BM@KCLFMKNE@?$CK?5Capability_offset?5?$DN?50x?$CFx?5?$AA@FNODOBFM@ 0041baec     arcinit.obj
 0001:0001ab08       ??_C@_0BJ@KNABCMMM@?5?9?9?$DOcapabilty_id?5?$DN?50x?$CFx?6?$AA@FNODOBFM@ 0041bb08     arcinit.obj
 0001:0001ab22       ??_C@_0BK@JIIOJNIO@?$CK?5Message_control?5?$DN?50x?$CFx?6?$AA@FNODOBFM@ 0041bb22     arcinit.obj
 0001:0001ab3c       ??_C@_0BF@HNFCBKLM@?$CK?5HW?5supports?5MSI?9X?6?$AA@FNODOBFM@ 0041bb3c     arcinit.obj
 0001:0001ab52       ??_C@_0DI@MNEPEDIK@?$CK?5StorPortGetActiveGroupCount?5ha@FNODOBFM@ 0041bb52     arcinit.obj
 0001:0001ab8a       ??_C@_0ED@JJDFFHPI@?$CK?5StorPortGetActiveGroupCount?5re@FNODOBFM@ 0041bb8a     arcinit.obj
 0001:0001abce       ??_C@_0DF@EDOFIEGL@?$CK?5StorPortGetGroupAffinity?5has?5n@FNODOBFM@ 0041bbce     arcinit.obj
 0001:0001ac04       ??_C@_0HE@CADMEBCK@?$CK?5StorPortGetGroupAffinity?5retur@FNODOBFM@ 0041bc04     arcinit.obj
 0001:0001ac78       ??_C@_0EI@OFPHCHHN@?$CK?5StorPortGetGroupAffinity?5retur@FNODOBFM@ 0041bc78     arcinit.obj
 0001:0001acc0       ??_C@_0EO@MADFJJKE@?$CK?5StorPortGetGroupAffinity?5retur@FNODOBFM@ 0041bcc0     arcinit.obj
 0001:0001ad0e       ??_C@_0DO@FMAFBNDE@?$CK?5StorPortGetCurrentProcessorNum@FNODOBFM@ 0041bd0e     arcinit.obj
 0001:0001ad4c       ??_C@_0FJ@MEGLAFKH@?$CK?5StorPortGetCurrentProcessorNum@FNODOBFM@ 0041bd4c     arcinit.obj
 0001:0001ada6       ??_C@_0FB@CBENABKH@?$CK?5StorPortGetCurrentProcessorNum@FNODOBFM@ 0041bda6     arcinit.obj
 0001:0001adf8       ??_C@_0DH@HFNKHLG@?$CK?5StorPortGetActiveNodeCount?5has@FNODOBFM@ 0041bdf8     arcinit.obj
 0001:0001ae30       ??_C@_0EB@INKBMOFB@?$CK?5StorPortGetActiveNodeCount?5ret@FNODOBFM@ 0041be30     arcinit.obj
 0001:0001ae72       ??_C@_0EK@DOGGEIOO@?$CK?5StorPortGetActiveNodeCount?5ret@FNODOBFM@ 0041be72     arcinit.obj
 0001:0001aebc       ??_C@_0EB@LCBJMNLA@?$CK?5StorPortGetGroupAffinity?5retur@FNODOBFM@ 0041bebc     arcinit.obj
 0001:0001aefe       ??_C@_0DJ@FDFDEBND@?$CK?5StorPortGetHighestNodeNumber?5h@FNODOBFM@ 0041befe     arcinit.obj
 0001:0001af38       ??_C@_0EL@PIGODLHL@?$CK?5StorPortGetHighestNodeNumber?5r@FNODOBFM@ 0041bf38     arcinit.obj
 0001:0001af84       ??_C@_0EM@HBPALBEJ@?$CK?5StorPortGetHighestNodeNumber?5r@FNODOBFM@ 0041bf84     arcinit.obj
 0001:0001afd0       ??_C@_04GGLOKIEE@dump?$AA@FNODOBFM@ 0041bfd0     arcinit.obj
 0001:0001afd6       ??_C@_05FDLGEGEK@ntldr?$AA@FNODOBFM@ 0041bfd6     arcinit.obj
 0001:0001afdc       ??_C@_05PMICOLGA@hiber?$AA@FNODOBFM@ 0041bfdc     arcinit.obj
 0001:0001afe2       ??_C@_0CD@JEMNEMMP@?$CK?$CK?$CK?$CK?5dump?5?$HM?5ntldr?5?$HM?5hiber?5is?5TRU@FNODOBFM@ 0041bfe2     arcinit.obj
 0001:0001b006       ??_C@_0BK@NELCFLHO@?$CK?5Switching?5to?5INTx?5mode?6?$AA@FNODOBFM@ 0041c006     arcinit.obj
 0001:0001b020       ??_C@_09IPELKJIO@BLEDCheck?$AA@FNODOBFM@ 0041c020     arcinit.obj
 0001:0001b02a       ??_C@_0L@NIPCGJOG@DPCAllowed?$AA@FNODOBFM@ 0041c02a     arcinit.obj
 0001:0001b036       ??_C@_09CHINNNMJ@CSMI?$DNNone?$AA@FNODOBFM@ 0041c036     arcinit.obj
 0001:0001b040       ??_C@_0BA@BKKNJKOP@CSMI?$DNRestricted?$AA@FNODOBFM@ 0041c040     arcinit.obj
 0001:0001b050       ??_C@_09PKBPEONE@CSMI?$DNFull?$AA@FNODOBFM@ 0041c050     arcinit.obj
 0001:0001b05a       ??_C@_0CJ@JHBMKCEI@leaving?5FindAdapter?5?9?5PCI?5Id?5not@FNODOBFM@ 0041c05a     arcinit.obj
 0001:0001b084       ??_C@_0CL@HDBMPJMP@?$CK?5leaving?5FindAdapter?5?9?5PCI?5Id?5n@FNODOBFM@ 0041c084     arcinit.obj
 0001:0001b0b0       ??_C@_0CH@LNPKNDMP@Rx?3?5BAR0?5Range?50x?$CFlx?5MappedSize?5@FNODOBFM@ 0041c0b0     arcinit.obj
 0001:0001b0d8       ??_C@_0DF@OFCBAPFL@leaving?5FindAdapter?5?9?5fail?5mappi@FNODOBFM@ 0041c0d8     arcinit.obj
 0001:0001b10e       ??_C@_0DH@MNDLADLD@?$CK?5leaving?5FindAdapter?5?9?5fail?5map@FNODOBFM@ 0041c10e     arcinit.obj
 0001:0001b146       ??_C@_0DC@NODBFDAD@leaving?5FindAdapter?5?9?5illegal?5FW@FNODOBFM@ 0041c146     arcinit.obj
 0001:0001b178       ??_C@_0EH@FLDBENFC@?$CK?5leaving?5FindAdapter?5?9?5illegal?5@FNODOBFM@ 0041c178     arcinit.obj
 0001:0001b1c0       ??_C@_0CD@NJEIKDOH@?$CK?5New?5outstanding?5number?5chose?3?$CF@FNODOBFM@ 0041c1c0     arcinit.obj
 0001:0001b1e4       ??_C@_0CD@CCLGIJ@?$CK?5Old?5outstanding?5number?5chose?3?$CF@FNODOBFM@ 0041c1e4     arcinit.obj
 0001:0001b208       ??_C@_0N@OEGLNJCG@ioctlbufsize?$AA@FNODOBFM@ 0041c208     arcinit.obj
 0001:0001b216       ??_C@_0CI@LFOBEGIG@?$CK?5This?5is?564?9bit?5Vista?5or?5Longho@FNODOBFM@ 0041c216     arcinit.obj
 0001:0001b23e       ??_C@_0DB@NLEKMFMO@?$CK?5This?5is?532?9bit?5WS03?5R2?0?5Vista?5@FNODOBFM@ 0041c23e     arcinit.obj
 0001:0001b270       ??_C@_0CA@DJAEOOFI@?$CK?5This?5is?564?9bit?5WS03?5SP1?5?4?4?4?5?6?$AA@FNODOBFM@ 0041c270     arcinit.obj
 0001:0001b290       ??_C@_0CA@IELABMFO@?$CK?5This?5is?532?9bit?5WS03?5SP1?5?4?4?4?5?6?$AA@FNODOBFM@ 0041c290     arcinit.obj
 0001:0001b2b0       ??_C@_0CA@MNGBKCLD@?$CK?5This?5is?532?9bit?5WS03?5RTM?5?4?4?4?5?6?$AA@FNODOBFM@ 0041c2b0     arcinit.obj
 0001:0001b2d0       ??_C@_0BL@FPDNGGII@?$CK?5Adapter?5is?5in?5poll?5mode?6?$AA@FNODOBFM@ 0041c2d0     arcinit.obj
 0001:0001b2ec       ??_C@_0CO@NGAJFGIM@?$CK?5pDeviceExtension?9?$DONewCommInter@FNODOBFM@ 0041c2ec     arcinit.obj
 0001:0001b31a       ??_C@_0CE@MCFGELJ@?$CK?5pDeviceExtension?9?$DOVendorId?3?50x@FNODOBFM@ 0041c31a     arcinit.obj
 0001:0001b33e       ??_C@_0CE@PNKCKBKJ@?$CK?5pDeviceExtension?9?$DODeviceId?3?50x@FNODOBFM@ 0041c33e     arcinit.obj
 0001:0001b362       ??_C@_0CH@NNKEKBEL@?$CK?5pDeviceExtension?9?$DOSubVendorId?3@FNODOBFM@ 0041c362     arcinit.obj
 0001:0001b38a       ??_C@_0CH@BEBMHIHH@?$CK?5pDeviceExtension?9?$DOSubSystemId?3@FNODOBFM@ 0041c38a     arcinit.obj
 0001:0001b3b2       ??_C@_0CO@NHBGNFPE@?$CK?5Driver?5got?564?5bit?5FIB?5support?5@FNODOBFM@ 0041c3b2     arcinit.obj
 0001:0001b3e0       ??_C@_0CB@ELGCJIGA@?$CK?5Uncached?5Memory?5address?3?50x?$CFp?6@FNODOBFM@ 0041c3e0     arcinit.obj
 0001:0001b402       ??_C@_0CH@CKCEEBMD@?$CK?5Uncached?5Memory?5allocated?3?50x?$CF@FNODOBFM@ 0041c402     arcinit.obj
 0001:0001b42a       ??_C@_0DK@INJPNBCP@?$CK?5MailBox?51?3?$CFx?0?5MailBox?52?3?$CFx?0?5Ma@FNODOBFM@ 0041c42a     arcinit.obj
 0001:0001b464       ??_C@_0DB@DBAPOAM@?$CK?5pDeviceExtension?9?$DOMaxOutstandi@FNODOBFM@ 0041c464     arcinit.obj
 0001:0001b496       ??_C@_0DF@CKKIGFIG@?$CK?5pDeviceExtension?9?$DOMaxMSIXVecto@FNODOBFM@ 0041c496     arcinit.obj
 0001:0001b4cc       ??_C@_0EC@KMMHNEKL@?$CK?5ConfigInfo?9?$DOHwMSInterruptRouti@FNODOBFM@ 0041c4cc     arcinit.obj
 0001:0001b50e       ??_C@_0BH@CDLDBOJF@?$CK?5SrbExtensionSize?3?$CFx?6?$AA@FNODOBFM@ 0041c50e     arcinit.obj
 0001:0001b526       ??_C@_0EK@GNODIBNL@?$CK?5MiniARC?5Interface?5?9?5?5CommandSi@FNODOBFM@ 0041c526     arcinit.obj
 0001:0001b570       ??_C@_0EL@HJMLPDNI@?$CK?5New?5Comm?5Interface?5?9?5?5CommandS@FNODOBFM@ 0041c570     arcinit.obj
 0001:0001b5bc       ??_C@_0CM@NKHNJDEG@leaving?5FindAdapter?5?9?5fail?5initi@FNODOBFM@ 0041c5bc     arcinit.obj
 0001:0001b5e8       ??_C@_0CO@GHEIBKDI@?$CK?5leaving?5FindAdapter?5?9?5fail?5ini@FNODOBFM@ 0041c5e8     arcinit.obj
 0001:0001b616       ??_C@_1EA@GNKDGDHK@?$AAA?$AAd?$AAa?$AAp?$AAt?$AAe?$AAr?$AA?5?$AAg?$AAo?$AAt?$AA?5?$AAi?$AAn?$AAv?$AAa?$AAl?$AAi?$AAd?$AA?5?$AAh?$AAo?$AAs?$AAt?$AA?5?$AAw?$AAi?$AAn?$AAd?$AAo?$AAw?$AA?$AA@FNODOBFM@ 0041c616     arcinit.obj
 0001:0001b656       ??_C@_1EI@NELDFHEH@?$AAA?$AAd?$AAa?$AAp?$AAt?$AAe?$AAr?$AA?5?$AAd?$AAo?$AAe?$AAs?$AA?5?$AAn?$AAo?$AAt?$AA?5?$AAs?$AAu?$AAp?$AAp?$AAo?$AAr?$AAt?$AA?5?$AA4?$AAG?$AAB?$AA?5?$AAw?$AAi?$AAn@FNODOBFM@ 0041c656     arcinit.obj
 0001:0001b69e       ??_C@_0DC@BFHJHJOO@?$CK?5fail?5SynFibCT_SET_MINIARC_HOST@FNODOBFM@ 0041c69e     arcinit.obj
 0001:0001b6d0       ??_C@_0CE@IADADNNA@?$CK?5Use?5MU?5Register?5for?5IOP_Reset?4@FNODOBFM@ 0041c6d0     arcinit.obj
 0001:0001b6f4       ??_C@_0CJ@LHHNJCHI@?$CK?5Use?5inbound?5doorbell?5for?5IOP_R@FNODOBFM@ 0041c6f4     arcinit.obj
 0001:0001b71e       ??_C@_0DI@LGINDMLA@?$CK?5ERROR?3?5FW?5does?5not?5provide?5whi@FNODOBFM@ 0041c71e     arcinit.obj
 0001:0001b756       ??_C@_0BP@DJKPJIGJ@?$CK?5Ignore_IOP_Reset?5is?5set?5?4?4?4?6?$AA@FNODOBFM@ 0041c756     arcinit.obj
 0001:0001b776       ??_C@_0CK@LEDHDPPJ@?$CK?5Disk?5Power?5Management?5is?5suppo@FNODOBFM@ 0041c776     arcinit.obj
 0001:0001b7a0       ??_C@_0CJ@PJOACPGJ@?$CK?5This?5firmware?5supports?5fast?5JB@FNODOBFM@ 0041c7a0     arcinit.obj
 0001:0001b7ca       ??_C@_0DB@HEHLEMPI@?$CK?5Controller?5Firmware?5supports?5S@FNODOBFM@ 0041c7ca     arcinit.obj
 0001:0001b7fc       ??_C@_0CI@CJPAOACI@?$CK?5Controller?5Firmware?5supports?52@FNODOBFM@ 0041c7fc     arcinit.obj
 0001:0001b824       ??_C@_0DA@OBMGONKI@?$CK?5Driver?5got?5SUPPORTED_NATIVE_HB@FNODOBFM@ 0041c824     arcinit.obj
 0001:0001b854       ??_C@_0DI@GIKAIFLA@?$CK?5Driver?5did?5not?5get?5SUPPORTED_N@FNODOBFM@ 0041c854     arcinit.obj
 0001:0001b88c       ??_C@_0BH@LMHJIEKF@?$CK?5ExposeNonDASD?5is?5?$CFx?6?$AA@FNODOBFM@ 0041c88c     arcinit.obj
 0001:0001b8a4       ??_C@_0BB@JIKBMNNG@QueueDepthPerLun?$AA@FNODOBFM@ 0041c8a4     arcinit.obj
 0001:0001b8b6       ??_C@_0N@GDDJMKFE@PauseIOLimit?$AA@FNODOBFM@ 0041c8b6     arcinit.obj
 0001:0001b8c4       ??_C@_0O@LIIBGGCF@ResumeIOLimit?$AA@FNODOBFM@ 0041c8c4     arcinit.obj
 0001:0001b8d2       ??_C@_0O@OKMDGJBG@ConvertSGList?$AA@FNODOBFM@ 0041c8d2     arcinit.obj
 0001:0001b8e0       ??_C@_0BE@IIJOOEPG@QueueStartThreshold?$AA@FNODOBFM@ 0041c8e0     arcinit.obj
 0001:0001b8f4       ??_C@_0BD@CEDPKLI@QueueDumpThreshold?$AA@FNODOBFM@ 0041c8f4     arcinit.obj
 0001:0001b908       ??_C@_0BA@NLIGFJMK@MaxIoSizeQueued?$AA@FNODOBFM@ 0041c908     arcinit.obj
 0001:0001b918       ??_C@_0N@MLHJOFDC@QueueAllowed?$AA@FNODOBFM@ 0041c918     arcinit.obj
 0001:0001b926       ??_C@_0BC@IEBJFOIJ@FlushSizeInBlocks?$AA@FNODOBFM@ 0041c926     arcinit.obj
 0001:0001b938       ??_C@_0EA@OJJGPBKL@leaving?5FindAdapter?5?9?5fail?5Handl@FNODOBFM@ 0041c938     arcinit.obj
 0001:0001b978       ??_C@_0EC@HNCBOCML@?$CK?5leaving?5FindAdapter?5?9?5fail?5Han@FNODOBFM@ 0041c978     arcinit.obj
 0001:0001b9ba       ??_C@_09NBOIBGGK@EnableWMI?$AA@FNODOBFM@ 0041c9ba     arcinit.obj
 0001:0001b9c4       ??_C@_0DH@OIMAJCMK@?$CK?5?9?5Driver?5version?5?$CFs?0?5adapter?5n@FNODOBFM@ 0041c9c4     arcinit.obj
 0001:0001b9fc       ??_C@_0DF@NGIHOECA@?$CK?5?9?5Size?5of?5HwDevExt?$DN0x?$CFx?4?5Size?5@FNODOBFM@ 0041c9fc     arcinit.obj
 0001:0001ba32       ??_C@_0BG@JAEBOKND@?$CK?5?9?5Done?5FindAdapter?6?$AA@FNODOBFM@ 0041ca32     arcinit.obj
 0001:0001ba48       ??_C@_0FF@LMEIGAGF@?$CK?5?9?5ConfigInfo?9?$DOMaximumTransferL@FNODOBFM@ 0041ca48     arcinit.obj
 0001:0001ba9e       ??_C@_0CG@GOHAMHPA@leaving?5FindAdapter?5?9?5adapter?5fo@FNODOBFM@ 0041ca9e     arcinit.obj
 0001:0001bac4       ??_C@_0BN@DGMFEGDN@entering?5GetElapsedSeconds?5?6?$AA@FNODOBFM@ 0041cac4     arcinit.obj
 0001:0001bae2       ??_C@_0DD@GOLHMOHG@leaving?5GetElapsedSeconds?5?9?5seco@FNODOBFM@ 0041cae2     arcinit.obj
 0001:0001bb16       ??_C@_0CJ@KCPJKGH@entering?5IsAdapterReadyForConfig@FNODOBFM@ 0041cb16     arcinit.obj
 0001:0001bb40       ??_C@_0DB@PNDBFHEI@IsAdapterReadyForConfigCommand?3?5@FNODOBFM@ 0041cb40     arcinit.obj
 0001:0001bb72       ??_C@_0CH@PFKKGKLP@IsAdapterReadyForConfigCommand?3?5@FNODOBFM@ 0041cb72     arcinit.obj
 0001:0001bb9a       ??_C@_0DJ@FMKIDFML@?$CK?5leaving?5IsAdapterReadyForConfi@FNODOBFM@ 0041cb9a     arcinit.obj
 0001:0001bbd4       ??_C@_0CI@LLJGECEO@leaving?5IsAdapterReadyForConfigC@FNODOBFM@ 0041cbd4     arcinit.obj
 0001:0001bbfc       ??_C@_0BD@LJONEFCN@entering?5IOPReset?6?$AA@FNODOBFM@ 0041cbfc     arcinit.obj
 0001:0001bc10       ??_C@_0EN@CPGMGMBD@?$CK?$CK?5Fail?5to?5iopreset?5the?5adapter?5@FNODOBFM@ 0041cc10     arcinit.obj
 0001:0001bc5e       ??_C@_1CG@OOCCJMGE@?$AAI?$AAO?$AAP?$AA?5?$AAR?$AAE?$AAS?$AAE?$AAT?$AA?5?$AAd?$AAi?$AAs?$AAa?$AAb?$AAl?$AAe?$AAd?$AA?$AA@FNODOBFM@ 0041cc5e     arcinit.obj
 0001:0001bc84       ??_C@_1CC@HLNFBNCO@?$AAI?$AAO?$AAP?$AA?5?$AAR?$AAE?$AAS?$AAE?$AAT?$AA?5?$AAf?$AAa?$AAi?$AAl?$AAe?$AAd?$AA?$AA@FNODOBFM@ 0041cc84     arcinit.obj
 0001:0001bca6       ??_C@_0DE@GCJLBNBN@?$CK?$CK?5Fail?5to?5iopreset?5the?5adapter?0@FNODOBFM@ 0041cca6     arcinit.obj
 0001:0001bcda       ??_C@_0BI@DKKBLGKC@?$CK?$CK?5IOPReset?5succeeded?4?6?$AA@FNODOBFM@ 0041ccda     arcinit.obj
 0001:0001bcf2       ??_C@_0DB@MLPIECHL@?$CK?5Discard?5HOSTRRQ?5leftover?3?5inde@FNODOBFM@ 0041ccf2     arcinit.obj
 0001:0001bd24       ??_C@_0DG@MCABGJKN@Driver?5should?5not?5work?5under?5MSI@FNODOBFM@ 0041cd24     arcinit.obj
 0001:0001bd5a       ??_C@_0DE@DDNIODIO@?$CK?5Set?5pInitStruct?9?$DONoOfMsiVector@FNODOBFM@ 0041cd5a     arcinit.obj
 0001:0001bd8e       ??_C@_0BC@JKJGEENA@leaving?5IOPReset?6?$AA@FNODOBFM@ 0041cd8e     arcinit.obj
 0001:0001bda0       ??_C@_0CM@JEPCBIHG@?6entering?5ReinitializeAdapterAft@FNODOBFM@ 0041cda0     arcinit.obj
 0001:0001bdcc       ??_C@_0CL@LBAAMMMB@?$CK?$CK?5Adapter?5set?5KERNEL_UP_AND_RUN@FNODOBFM@ 0041cdcc     arcinit.obj
 0001:0001bdf8       ??_C@_0CH@DPKMOBPP@?$CK?5StorPort?5miniport?5driver?5versi@FNODOBFM@ 0041cdf8     arcinit.obj
 0001:0001be20       ??_C@_0CA@BAOMFHLP@?$CK?5Calling?5InitializeAdapter?4?4?4?6?$AA@FNODOBFM@ 0041ce20     arcinit.obj
 0001:0001be40       ??_C@_0CE@OJCBEKFM@?$CK?5IopReset?3?5ADAPTER?5NOT?5RUNNING?$CB@FNODOBFM@ 0041ce40     arcinit.obj
 0001:0001be64       ??_C@_0CK@PNHBBEHK@leaving?5ReinitializeAdapterAfter@FNODOBFM@ 0041ce64     arcinit.obj
 0001:0001be8e       ??_C@_0CN@KPEBIFEO@?$CK?5?$DN?$DN?$DN?$DN?$DN?$DN?$DO?5Final?5Vector?5Number?5is@FNODOBFM@ 0041ce8e     arcinit.obj
 0001:0001bebc       ??_C@_0CI@BJJEDHMG@?$CK?5pDeviceExtension?9?$DOVectorCapaci@FNODOBFM@ 0041cebc     arcinit.obj
 0001:0001bee4       ??_C@_0DE@JJAKLEJD@?$CK?5pDeviceExtension?9?$DOMSIXIoThrott@FNODOBFM@ 0041cee4     arcinit.obj
 0001:0001bf18       ??_C@_0DF@LMKAIIEG@?$CK?5pDeviceExtension?9?$DOMSIXIoThrott@FNODOBFM@ 0041cf18     arcinit.obj
 0001:0001bf4e       ??_C@_0BK@OLLEIHIC@?$CK?5Switching?5to?5MSIx?5mode?6?$AA@FNODOBFM@ 0041cf4e     arcinit.obj
 0001:0001bf68       ??_C@_0BA@EAOKKBLN@?$CK?5MSIx?5Enabled?6?$AA@FNODOBFM@ 0041cf68     arcinit.obj
 0001:0001bf78       ??_C@_0EB@JEEKIEDM@?$CK?5Set?5pInitStruct?9?$DONoOfMsiVector@FNODOBFM@ 0041cf78     arcinit.obj
 0001:0001bfba       ??_C@_0EA@DFHNCIMC@?$CK?5Set?5pInitStruct?9?$DONoOfMsiVector@FNODOBFM@ 0041cfba     arcinit.obj
 0001:0001bffa       ??_C@_0BE@OKKJEBLK@?$CK?5MSIX?5NOT?5Enabled?6?$AA@FNODOBFM@ 0041cffa     arcinit.obj
 0001:0001c00e       ??_C@_0ED@LLOJEJPI@leaving?5HandleAdapterGetConfig?5a@FNODOBFM@ 0041d00e     arcinit.obj
 0001:0001c052       ??_C@_0EF@MHNEOFPB@?$CK?5leaving?5HandleAdapterGetConfig@FNODOBFM@ 0041d052     arcinit.obj
 0001:0001c098       ??_C@_0DP@PECHNPGJ@leaving?5HandleAdapterGetConfig?5a@FNODOBFM@ 0041d098     arcinit.obj
 0001:0001c0d8       ??_C@_0EB@CHAPDLOA@?$CK?5leaving?5HandleAdapterGetConfig@FNODOBFM@ 0041d0d8     arcinit.obj
 0001:0001c11a       ??_C@_0EC@JNDOKFCE@leaving?5HandleAdapterCommitConfi@FNODOBFM@ 0041d11a     arcinit.obj
 0001:0001c15c       ??_C@_0EE@HMHNBLOK@?$CK?5leaving?5HandleAdapterCommitCon@FNODOBFM@ 0041d15c     arcinit.obj
 0001:0001c1a0       ??_C@_0CE@FDDAIENL@entering?5HandleAdapterConfigIssu@FNODOBFM@ 0041d1a0     arcinit.obj
 0001:0001c1c4       ??_C@_0EG@EOLGKFDM@leaving?5HandleAdapterConfigIssue@FNODOBFM@ 0041d1c4     arcinit.obj
 0001:0001c20a       ??_C@_0EI@BLLNCBDL@?$CK?5leaving?5HandleAdapterConfigIss@FNODOBFM@ 0041d20a     arcinit.obj
 0001:0001c252       ??_C@_0EC@KFDDDOGD@leaving?5HandleAdapterConfigIssue@FNODOBFM@ 0041d252     arcinit.obj
 0001:0001c294       ??_C@_0EE@EEHAIAKN@?$CK?5leaving?5HandleAdapterConfigIss@FNODOBFM@ 0041d294     arcinit.obj
 0001:0001c2d8       ??_C@_0EC@EGKDAAOP@leaving?5HandleAdapterConfigIssue@FNODOBFM@ 0041d2d8     arcinit.obj
 0001:0001c31a       ??_C@_0EE@KHOALOCB@?$CK?5leaving?5HandleAdapterConfigIss@FNODOBFM@ 0041d31a     arcinit.obj
 0001:0001c35e       ??_C@_0CD@FIHDJCJC@leaving?5HandleAdapterConfigIssue@FNODOBFM@ 0041d35e     arcinit.obj
 0001:0001c382       ??_C@_0BM@OLPDNDAC@entering?5InitializeAdapter?6?$AA@FNODOBFM@ 0041d382     arcinit.obj
 0001:0001c39e       ??_C@_1DA@HBPONGDO@?$AAF?$AAa?$AAi?$AAl?$AAe?$AAd?$AA?5?$AAt?$AAo?$AA?5?$AAs?$AAt?$AAa?$AAr?$AAt?$AA?5?$AAA?$AAd?$AAa?$AAp?$AAt?$AAe?$AAr?$AA?$AA@FNODOBFM@ 0041d39e     arcinit.obj
 0001:0001c3ce       ??_C@_0CP@OADFCMNE@leaving?5InitializeAdapter?3?5fail?5@FNODOBFM@ 0041d3ce     arcinit.obj
 0001:0001c3fe       ??_C@_0DB@CKIIOBC@?$CK?5leaving?5InitializeAdapter?3?5fai@FNODOBFM@ 0041d3fe     arcinit.obj
 0001:0001c430       ??_C@_0BL@CPLHAEBI@leaving?5InitializeAdapter?6?$AA@FNODOBFM@ 0041d430     arcinit.obj
 0001:0001c44c       ??_C@_0BK@LNIBADPE@?$CK?5Setting?5StatusBatching?6?$AA@FNODOBFM@ 0041d44c     arcinit.obj
 0001:0001c466       ??_C@_0EF@JDALIICL@?$CK?5Firmware?5should?5support?5ACI2?5i@FNODOBFM@ 0041d466     arcinit.obj
 0001:0001c4ac       ??_C@_0CB@DDHFLEBF@?$CK?5FW?5sets?5KERNEL_UP_AND_RUNNING?6@FNODOBFM@ 0041d4ac     arcinit.obj
 0001:0001c4ce       ??_C@_0CC@HECBNNJJ@?$CK?5FW?5is?5ready?5for?5config?5command@FNODOBFM@ 0041d4ce     arcinit.obj
 0001:0001c4f0       ??_C@_0BJ@GODFBPEB@?$CK?5Get?5config?5from?5FW?5ok?6?$AA@FNODOBFM@ 0041d4f0     arcinit.obj
 0001:0001c50a       ??_C@_0BK@PANMBLHC@?$CK?5Commit?5config?5to?5FW?5ok?6?$AA@FNODOBFM@ 0041d50a     arcinit.obj
 0001:0001c524       ??_C@_0CA@BDIKNGAL@?$CK?5INIT?5Structure?5sent?5to?5FW?5ok?6?$AA@FNODOBFM@ 0041d524     arcinit.obj
 0001:0001c544       ??_C@_0BK@HCHBCLAI@?$CK?5Get?5FW?5debug?5buffer?5ok?6?$AA@FNODOBFM@ 0041d544     arcinit.obj
 0001:0001c55e       ??_C@_0BO@IEENCLHE@entering?5HwInitializeAdapter?6?$AA@FNODOBFM@ 0041d55e     arcinit.obj
 0001:0001c57c       ??_C@_1CA@OFEHMOBK@?$AAB?$AAa?$AAd?$AA?5?$AAP?$AAo?$AAr?$AAt?$AA?5?$AAD?$AAr?$AAi?$AAv?$AAe?$AAr?$AA?$AA@FNODOBFM@ 0041d57c     arcinit.obj
 0001:0001c59c       ??_C@_0CF@FDBIIPFF@?$CK?5This?5Tupelo?5driver?5is?5MSI?5enab@FNODOBFM@ 0041d59c     arcinit.obj
 0001:0001c5c2       ??_C@_0EH@ONHPKJKD@?$CK?5StorPortGetMSIInfo?5returned?5Fa@FNODOBFM@ 0041d5c2     arcinit.obj
 0001:0001c60a       ??_C@_0EC@KLPNNIKH@?$CK?5StorPortGetMSIInfo?5returned?5st@FNODOBFM@ 0041d60a     arcinit.obj
 0001:0001c64c       ??_C@_0EE@OLLCNNAO@?$CK?5StorPortGetMSIInfo?5returned?5st@FNODOBFM@ 0041d64c     arcinit.obj
 0001:0001c690       ??_C@_0EJ@OBPFJGIJ@?$CK?5StorPortGetMSIInfo?5returned?5st@FNODOBFM@ 0041d690     arcinit.obj
 0001:0001c6da       ??_C@_0FE@LBLIGLIO@GetDoorbellMaskForIOPReset?5retur@FNODOBFM@ 0041d6da     arcinit.obj
 0001:0001c72e       ??_C@_0DN@IMFNPMPP@?$CK?5Failed?5to?5Initialize?5Adapter?5i@FNODOBFM@ 0041d72e     arcinit.obj
 0001:0001c76c       ??_C@_0DE@CMNGFMDL@?$CK?5Succeed?5to?5Initialize?5Adapter?5@FNODOBFM@ 0041d76c     arcinit.obj
 0001:0001c7a0       ??_C@_0EG@KGJBNOFG@?$CK?5Failed?5to?5Initialize?5Adapter?5i@FNODOBFM@ 0041d7a0     arcinit.obj
 0001:0001c7e6       ??_C@_0DA@GDJCAINB@?$CK?5Succeed?5to?5Initialize?5Adapter?5@FNODOBFM@ 0041d7e6     arcinit.obj
 0001:0001c816       ??_C@_0BI@BOGNCAIA@entering?5InitializeDPC?6?$AA@FNODOBFM@ 0041d816     arcinit.obj
 0001:0001c82e       ??_C@_0DJ@MGMHFMAN@?$CK?5Failed?5to?5Initialize?5Adapter?5i@FNODOBFM@ 0041d82e     arcinit.obj
 0001:0001c868       ??_C@_0BJ@CFFELFMJ@?$CK?5MSIx?5DPCs?5initialized?6?$AA@FNODOBFM@ 0041d868     arcinit.obj
 0001:0001c882       ??_C@_0BJ@IKFKIDCM@?$CK?5?9?5Done?5InitializeDPC?5?6?$AA@FNODOBFM@ 0041d882     arcinit.obj
 0001:0001c89c       ??_C@_0BH@PAHICDNJ@leaving?5InitializeDPC?6?$AA@FNODOBFM@ 0041d89c     arcinit.obj
 0001:0001c8b4       ??_C@_0CP@OJKLKHLO@entering?5InitializeConsumerProdu@FNODOBFM@ 0041d8b4     arcinit.obj
 0001:0001c8e4       ??_C@_0DE@MJJEGAKI@leaving?5InitializeConsumerProduc@FNODOBFM@ 0041d8e4     arcinit.obj
 0001:0001c918       ??_C@_0CO@NEGLFCOP@leaving?5InitializeConsumerProduc@FNODOBFM@ 0041d918     arcinit.obj
 0001:0001c946       ??_C@_0CP@IKCNDLML@entering?5InitializeConsumerProdu@FNODOBFM@ 0041d946     arcinit.obj
 0001:0001c976       ??_C@_0DF@IICIHNDP@leaving?5InitializeConsumerProduc@FNODOBFM@ 0041d976     arcinit.obj
 0001:0001c9ac       ??_C@_0DE@OBANPGHF@leaving?5InitializeConsumerProduc@FNODOBFM@ 0041d9ac     arcinit.obj
 0001:0001c9e0       ??_C@_0CP@GDFIJJML@entering?5InitializeMessageUnitQu@FNODOBFM@ 0041d9e0     arcinit.obj
 0001:0001ca10       ??_C@_0DF@CLHHLLI@leaving?5InitializeMessageUnitQue@FNODOBFM@ 0041da10     arcinit.obj
 0001:0001ca46       ??_C@_0DE@BBDIIBAC@leaving?5InitializeMessageUnitQue@FNODOBFM@ 0041da46     arcinit.obj
 0001:0001ca7a       ??_C@_0BI@PNFIHJKN@entering?5MapDeviceBase?6?$AA@FNODOBFM@ 0041da7a     arcinit.obj
 0001:0001ca92       ??_C@_1CM@FGGDGCGC@?$AAA?$AAd?$AAa?$AAp?$AAt?$AAe?$AAr?$AA?5?$AAb?$AAo?$AAo?$AAt?$AA?5?$AAt?$AAi?$AAm?$AAe?$AA?5?$AAo?$AAu?$AAt?$AA?$AA@FNODOBFM@ 0041da92     arcinit.obj
 0001:0001cabe       ??_C@_0DG@EECBHNEJ@?$CK?5Driver?5did?5not?5get?564?5bit?5FIB?5@FNODOBFM@ 0041dabe     arcinit.obj
 0001:0001caf4       ??_C@_0DL@HHJHAPNC@?$CK?5StorPortGetDeviceBase?5failed?0?5@FNODOBFM@ 0041daf4     arcinit.obj
 0001:0001cb30       ??_C@_0FM@FAGAFMJI@?$CK?5StorPortGetDeviceBaseB1?5failed@FNODOBFM@ 0041db30     arcinit.obj
 0001:0001cb8c       ??_C@_0FM@DFFNMELK@?$CK?5StorPortGetDeviceBaseB0?5failed@FNODOBFM@ 0041db8c     arcinit.obj
 0001:0001cbe8       ??_C@_0DH@GMHBCEJM@?$CK?5GET_MINIARC_PROPERTIES?5fails?0?5@FNODOBFM@ 0041dbe8     arcinit.obj
 0001:0001cc20       ??_C@_0CE@JIIGOPEA@?$CK?5This?5is?5a?5BEDROC?5inplementatio@FNODOBFM@ 0041dc20     arcinit.obj
 0001:0001cc44       ??_C@_0CF@HKNELPOC@leaving?5MapDeviceBase?5?9?5rtnval?5?$DN@FNODOBFM@ 0041dc44     arcinit.obj
 0001:0001cc6a       ??_C@_0BG@LOIMFNHP@entering?5MatchPciIds?6?$AA@FNODOBFM@ 0041dc6a     arcinit.obj
 0001:0001cc80       ??_C@_08HNOCAICB@Adaptec?5?$AA@FNODOBFM@ 0041dc80     arcinit.obj
 0001:0001cc8a       ??_C@_0CC@GEDCIDMJ@leaving?5MatchPciIds?0?5rtnval?5?$DN?5?$CFx@FNODOBFM@ 0041dc8a     arcinit.obj
 0001:0001ccac       ??_C@_0DG@MJCHKBMN@?$CK?5Calling?5CompleteBufferedReques@FNODOBFM@ 0041dcac     arcinit.obj
 0001:0001cce2       ??_C@_0HF@LDMKNKBL@?$CK?5Calling?5DequeueRawIoReadWriteR@FNODOBFM@ 0041dce2     arcinit.obj
 0001:0001cd58       ??_C@_0DO@HDLNLCMA@?$CK?5Calling?5CompleteAllSortingQueu@FNODOBFM@ 0041dd58     arcinit.obj
 0001:0001cd96       ??_C@_0CG@EHFONFB@ReturningLocalOutstandingRequest@FNODOBFM@ 0041dd96     arcinit.obj
 0001:0001cdbc       ??_C@_0CL@CGNJGHDF@?$CK?5?$CFd?5outstanding?5IO?5left?5after?5c@FNODOBFM@ 0041ddbc     arcinit.obj
 0001:0001cde8       ??_C@_0CF@IKJOOFLA@?$CK?5ResetAdapter?3?5Entering?5Routine@FNODOBFM@ 0041dde8     arcinit.obj
 0001:0001ce0e       ??_C@_0FI@OABPGHMC@?$CK?5ResetAdapter?3?5FW?5is?5processing@FNODOBFM@ 0041de0e     arcinit.obj
 0001:0001ce66       ??_C@_0DK@DMNFFNOF@?$CK?5ResetAdapter?3?5OS?5calls?5ResetAd@FNODOBFM@ 0041de66     arcinit.obj
 0001:0001cea0       ??_C@_0CE@IFPMEIEL@?$CK?5ResetAdapter?3?5BlinLed?5Code?3?50x@FNODOBFM@ 0041dea0     arcinit.obj
 0001:0001cec4       ??_C@_1CE@ENBAPEOO@?$AAB?$AAl?$AAi?$AAn?$AAk?$AAL?$AAE?$AAD?$AA?5?$AAd?$AAe?$AAt?$AAe?$AAc?$AAt?$AAe?$AAd?$AA?$AA@FNODOBFM@ 0041dec4     arcinit.obj
 0001:0001cee8       ??_C@_0CL@MJAGNJPB@?$CK?5ResetAdapter?3?5IOP?5RESET?5due?5to@FNODOBFM@ 0041dee8     arcinit.obj
 0001:0001cf14       ??_C@_0DG@CLNGJPOA@?$CK?5ResetAdapter?3?5SendSynchFib?5fai@FNODOBFM@ 0041df14     arcinit.obj
 0001:0001cf4a       ??_C@_0FF@JLPFKNGK@?$CK?5ResetAdapter?3?5There?5is?5a?5pendi@FNODOBFM@ 0041df4a     arcinit.obj
 0001:0001cfa0       ??_C@_0EC@MMLNJELN@?$CK?5ResetAdapter?3?5set?5TriggerIOPRe@FNODOBFM@ 0041dfa0     arcinit.obj
 0001:0001cfe2       ??_C@_0EH@BGKKNIMJ@?$CK?5ResetAdapter?3?5synch?5command?5Re@FNODOBFM@ 0041dfe2     arcinit.obj
 0001:0001d02a       ??_C@_0EE@KPCKIKGP@?$CK?5ResetAdapter?3?5AdapterIsAlive?5r@FNODOBFM@ 0041e02a     arcinit.obj
 0001:0001d06e       ??_C@_0DN@OJOIDCGM@?$CK?5ResetAdapter?3?5leaving?5Routine?5@FNODOBFM@ 0041e06e     arcinit.obj
 0001:0001d0ac       ??_C@_0DN@MKLLHNDH@?$CK?5ResetAdapter?3?5IOP?5RESET?5due?5to@FNODOBFM@ 0041e0ac     arcinit.obj
 0001:0001d0ea       ??_C@_0DA@IHJFMKGH@?$CK?5ResetAdapter?3?5IOP?5RESET?5due?5to@FNODOBFM@ 0041e0ea     arcinit.obj
 0001:0001d11a       ??_C@_0FK@LPHHHNGK@?$CK?5ResetAdapter?3?5device?5on?5path?54@FNODOBFM@ 0041e11a     arcinit.obj
 0001:0001d174       ??_C@_0EG@FKMCGCCN@?$CK?5ResetAdapter?3?5IOP?5RESET?5due?5to@FNODOBFM@ 0041e174     arcinit.obj
 0001:0001d1ba       ??_C@_0DE@IDNFNJBF@?$CK?5ResetAdapter?3?5NO?5lun?5reset?5cou@FNODOBFM@ 0041e1ba     arcinit.obj
 0001:0001d1ee       ??_C@_0DM@KJNOMFJC@?$CK?5ResetAdapter?3?5leaving?5Routine?0@FNODOBFM@ 0041e1ee     arcinit.obj
 0001:0001d22a       ??_C@_0EK@OOPLAGOO@?$CK?5ResetAdapter?3?5set?5timer?5to?5che@FNODOBFM@ 0041e22a     arcinit.obj
 0001:0001d274       ??_C@_0DM@LMPLKKMJ@?$CK?5ResetAdapter?3?5leaving?5Routine?5@FNODOBFM@ 0041e274     arcinit.obj
 0001:0001d2b0       ??_C@_0DB@KLKDBGPC@?$CK?5current?5ElapsedTime?5is?5?$CFx?4?5Dri@FNODOBFM@ 0041e2b0     arcinit.obj
 0001:0001d2e2       ??_C@_0DB@LKKOAGAA@?$CK?$CK?5Send?5Synch?5Command?5VM_SetDynA@FNODOBFM@ 0041e2e2     arcinit.obj
 0001:0001d314       ??_C@_0CP@HANMIEGD@?$CK?5Set?5Dynamic?5Adapter?5Properties@FNODOBFM@ 0041e314     arcinit.obj
 0001:0001d344       ??_C@_0BP@IBJHMEIL@?$CK?5?5HBA?5Cntrl?5Function?5Mode?5?$CFx?6?$AA@FNODOBFM@ 0041e344     arcinit.obj
 0001:0001d364       ??_C@_0ED@KLKEOEFE@?$CK?5GetHbaPhyDevInfo?3?5Send?5Synch?5C@FNODOBFM@ 0041e364     arcinit.obj
 0001:0001d3a8       ??_C@_0EJ@GAJDFDIF@?$CK?5GetHbaPhyDevInfo?3?5CT_GET_PHYDE@FNODOBFM@ 0041e3a8     arcinit.obj
 0001:0001d3f2       ??_C@_0DK@BCAHFDGL@?$CK?5GetHbaPhyDevInfo?3?5Send?5Synch?5C@FNODOBFM@ 0041e3f2     arcinit.obj
 0001:0001d42c       ??_C@_0EF@NNHICAHG@?$CK?5GetHbaPhyDevInfo?3?5Sync?5Command@FNODOBFM@ 0041e42c     arcinit.obj
 0001:0001d472       ??_C@_0DM@IJMGIHKF@?$CK?5GetHbaPhyDevInfo?3?5Send?5Synch?5C@FNODOBFM@ 0041e472     arcinit.obj
 0001:0001d4ae       ??_C@_0DP@EPCIGAGM@?$CK?5GetHbaPhyDevInfo?3?5Received?5Wro@FNODOBFM@ 0041e4ae     arcinit.obj
 0001:0001d4ee       ??_C@_0FE@NKLEACGL@?$CK?5ConfigHBADeviceInit?3?5PHY_DEV_I@FNODOBFM@ 0041e4ee     arcinit.obj
 0001:0001d542       ??_C@_0FC@CEEDMHOD@?$CK?5ConfigHBADeviceInit?3?5PHY_DEV_I@FNODOBFM@ 0041e542     arcinit.obj
 0001:0001d594       ??_C@_0DJ@IHGLCMIF@?$CK?5ConfigHBADeviceInit?3?5not?5a?5HBA@FNODOBFM@ 0041e594     arcinit.obj
 0001:0001d5ce       ??_C@_0EH@EBMPFNCB@?$CK?5GetHbaPhyDevList?3?5Send?5Synch?5C@FNODOBFM@ 0041e5ce     arcinit.obj
 0001:0001d616       ??_C@_0DG@BDNFILEO@?$CK?5GetHbaPhyDevList?3?5CT_GET_PHYDE@FNODOBFM@ 0041e616     arcinit.obj
 0001:0001d64c       ??_C@_0DM@GKMMKGOD@?$CK?5GetHbaPhyDevList?3?5CT_GET_PHYDE@FNODOBFM@ 0041e64c     arcinit.obj
 0001:0001d688       ??_C@_0EO@PACGLEM@?$CK?5GetHbaPhyDevList?3?5Synch?5Comman@FNODOBFM@ 0041e688     arcinit.obj
 0001:0001d6d6       ??_C@_0EF@LCIPIHKL@?$CK?5GetHbaPhyDevList?3?5Send?5Synch?5C@FNODOBFM@ 0041e6d6     arcinit.obj
 0001:0001d71c       ??_C@_0EF@BPBMMFO@?$CK?5GetHbaPhyDevList?3?5Send?5Synch?5C@FNODOBFM@ 0041e71c     arcinit.obj
 0001:0001d762       ??_C@_0EB@GDJIECLG@?$CK?5GetHbaPhyDevList?3?5Send?5Synch?5C@FNODOBFM@ 0041e762     arcinit.obj
 0001:0001d7a4       ??_C@_0DP@EPPGCKNK@?$CK?5GetHbaPhyDevList?3?5Received?5Wro@FNODOBFM@ 0041e7a4     arcinit.obj
 0001:0001d7e4       ??_C@_0FM@KMPOIDHC@?$CK?5ScanMapTblForCheck?3?5found?5Devi@FNODOBFM@ 0041e7e4     arcinit.obj
 0001:0001d840       ??_C@_0CN@HJFDOJDA@?$CK?5ScanMapTblForCheck?3?5not?5a?5HBA?5@FNODOBFM@ 0041e840     arcinit.obj
 0001:0001d86e       ??_C@_0DN@KPJLDPIL@?$CK?5ScanMapTblForCheck?3?5not?5a?5HBA?5@FNODOBFM@ 0041e86e     arcinit.obj
 0001:0001d8ac       ??_C@_0DJ@MNJIDJF@?$CK?5ScanMapTblForCheck?3?5found?5new?5@FNODOBFM@ 0041e8ac     arcinit.obj
 0001:0001d8e6       ??_C@_0DH@DENBGCND@?$CK?5ScanMapTblForCheck?3?5found?5new?5@FNODOBFM@ 0041e8e6     arcinit.obj
 0001:0001d91e       ??_C@_0EM@OADFOJJH@?$CK?5ScanMapTblForDeviceAdd?3?5add?5ne@FNODOBFM@ 0041e91e     arcinit.obj
 0001:0001d96a       ??_C@_0DM@IBDHLPON@?$CK?5ScanMapTblForDeviceAdd?3?5not?5a?5@FNODOBFM@ 0041e96a     arcinit.obj
 0001:0001d9a6       ??_C@_0EK@NGDDIFNC@?$CK?5ScanMapTblForDeviceAdd?3?5add?5ne@FNODOBFM@ 0041e9a6     arcinit.obj
 0001:0001d9f0       ??_C@_0EN@LKFFLIBM@?$CK?5ScanMapTblForDeviceAdd?3?5not?5a?5@FNODOBFM@ 0041e9f0     arcinit.obj
 0001:0001da3e       ??_C@_1EK@IBCIJFDK@?$AAR?$AAe?$AAs?$AAe?$AAt?$AA?5?$AAf?$AAr?$AAo?$AAm?$AA?5?$AAO?$AAS?$AA?3?$AAp?$AAa?$AAt?$AAh?$AA?5?$AA?$CD?$AA?5?$AA?5?$AA?0?$AAo?$AAu?$AAt?$AAs?$AAt?$AAa?$AAn?$AAd?$AAi@FNODOBFM@ 0041ea3e     arcinit.obj
 0001:0001da88       ??_C@_1EK@PDIMAHFB@?$AAG?$AAo?$AAt?$AA?5?$AAL?$AAU?$AAN?$AA?5?$AAR?$AAE?$AAS?$AAE?$AAT?$AA?5?$AAf?$AAo?$AAr?$AA?5?$AAp?$AAa?$AAt?$AAh?$AA?5?$AA?$CD?$AA?5?$AA?5?$AA?0?$AA?5?$AAt?$AAa?$AAr?$AAg@FNODOBFM@ 0041ea88     arcinit.obj
 0001:0001dad2       ??_C@_1FA@GAKKMNHF@?$AAG?$AAo?$AAt?$AA?5?$AAT?$AAa?$AAr?$AAg?$AAe?$AAt?$AA?5?$AAR?$AAE?$AAS?$AAE?$AAT?$AA?5?$AAf?$AAo?$AAr?$AA?5?$AAp?$AAa?$AAt?$AAh?$AA?5?$AA?$CD?$AA?5?$AA?5?$AA?0?$AA?5?$AAt@FNODOBFM@ 0041ead2     arcinit.obj
 0001:0001db22       ??_C@_1EC@DEFLMBHE@?$AAI?$AAO?$AAP?$AA?5?$AAR?$AAE?$AAS?$AAE?$AAT?$AA?5?$AAb?$AAe?$AAc?$AAa?$AAu?$AAs?$AAe?$AA?5?$AAo?$AAf?$AA?5?$AAF?$AAW?$AA?5?$AAB?$AAl?$AAi?$AAn?$AAk?$AAL?$AAE?$AAD@FNODOBFM@ 0041eb22     arcinit.obj
 0001:0001db64       ??_C@_1FA@GLBMBCFD@?$AAR?$AAe?$AAq?$AAu?$AAe?$AAs?$AAt?$AAA?$AAd?$AAa?$AAp?$AAt?$AAe?$AAr?$AAI?$AAn?$AAf?$AAo?$AA?5?$AAp?$AAe?$AAn?$AAd?$AAi?$AAn?$AAg?$AA?5?$AA?5?$AA?5?$AA?5?$AA?5?$AA?5@FNODOBFM@ 0041eb64     arcinit.obj
 0001:0001dbb4       ??_C@_1EK@DPFNMDNI@?$AAI?$AAO?$AAP?$AAR?$AAE?$AAS?$AAE?$AAT?$AA?3?$AA?5?$AAR?$AAe?$AAq?$AAu?$AAe?$AAs?$AAt?$AAA?$AAd?$AAa?$AAp?$AAt?$AAe?$AAr?$AAI?$AAn?$AAf?$AAo?$AA?5?$AAt?$AAi?$AAm@FNODOBFM@ 0041ebb4     arcinit.obj
 0001:0001dbfe       ??_C@_1EC@JONMGECF@?$AAR?$AAA?$AA?3?$AA?5?$AAA?$AAd?$AAa?$AAp?$AAt?$AAe?$AAr?$AAI?$AAs?$AAA?$AAl?$AAi?$AAv?$AAe?$AA?5?$AAr?$AAe?$AAt?$AAu?$AAr?$AAn?$AAs?$AA?5?$AAf?$AAa?$AAl?$AAs?$AAe@FNODOBFM@ 0041ebfe     arcinit.obj
 0001:0001dc40       ??_C@_1DM@LFFFLHNF@?$AAI?$AAO?$AAP?$AA?5?$AAR?$AAE?$AAS?$AAE?$AAT?$AA?5?$AAf?$AAo?$AAr?$AA?5?$AAS?$AAm?$AAa?$AAr?$AAt?$AAH?$AAB?$AAA?$AA?5?$AAp?$AAa?$AAt?$AAh?$AA?5?$AA?$CD?$AA?$AA@FNODOBFM@ 0041ec40     arcinit.obj
 0001:0001dc7c       ??_C@_1EK@EBJJOFBF@?$AAR?$AAE?$AAS?$AAE?$AAT?$AA?$CI?$AAc?$AAn?$AAt?$AA?$DO?$AA?$DN?$AA5?$AA?$CJ?$AA?3?$AA?5?$AAp?$AAa?$AAt?$AAh?$AA?5?$AA?$CD?$AA?5?$AA?5?$AA?0?$AA?5?$AAt?$AAa?$AAr?$AAg?$AAe?$AAt?$AA?5@FNODOBFM@ 0041ec7c     arcinit.obj
 0001:0001dcc6       ??_C@_0BG@FGBHCKJG@CompleteQueuedRequest?$AA@FNODOBFM@ 0041ecc6     cmddelivery.obj
 0001:0001dcdc       ??_C@_0DM@OFFCECMD@IN?5?$CFs?0?5WE?5ARE?5SEEING?5AIF?5FIB?4?5DO@FNODOBFM@ 0041ecdc     cmddelivery.obj
 0001:0001dd18       ??_C@_0L@ENAJINDB@Management?$AA@FNODOBFM@ 0041ed18     cmddelivery.obj
 0001:0001dd24       ??_C@_0BB@JIADCMFJ@Array?5?5?5?5?5?5?5?5?5?5?5?$AA@FNODOBFM@ 0041ed24     cmddelivery.obj
 0001:0001dd36       ??_C@_08BFDLJAAH@ADAPTEC?5?$AA@FNODOBFM@ 0041ed36     cmddelivery.obj
 0001:0001dd40       ??_C@_0BB@HJODFKJH@ARRAY?5?5?5?5?5?5?5?5?5?5?5?$AA@FNODOBFM@ 0041ed40     cmddelivery.obj
 0001:0001dd52       ??_C@_0FM@ENJACBOF@?$CK?5SCSIOP_SYNCHRONIZE_CACHE?$CICDM?$CJ?3@FNODOBFM@ 0041ed52     cmddelivery.obj
 0001:0001ddae       ??_C@_0GA@MEOEEOJH@?$CK?5SCSIOP_SYNCHRONIZE_CACHE?$CICDM?$CJ?3@FNODOBFM@ 0041edae     cmddelivery.obj
 0001:0001de0e       ??_C@_0HI@CALKOMHC@?$CK?5SendSynchFib?3?5There?5is?5a?5pendi@FNODOBFM@ 0041ee0e     cmddelivery.obj
 0001:0001de86       ??_C@_0CB@IIENMBOI@?$CK?5Got?5an?5AIF?5in?5crash?5dump?5mode?6@FNODOBFM@ 0041ee86     cmddelivery.obj
 0001:0001dea8       ??_C@_0DO@NPBDNHBG@?$CK?5Should?5not?5be?5here?0?5we?5should?5@FNODOBFM@ 0041eea8     cmddelivery.obj
 0001:0001dee6       ??_C@_0CO@PDPAIINM@?$CK?5PollSmartHBAFIBCompletion?3?5wai@FNODOBFM@ 0041eee6     cmddelivery.obj
 0001:0001df14       ??_C@_0FM@IHOMFPBM@?$CK?5In?5StartIo?0?5FW?5is?5still?5NOT?5ba@FNODOBFM@ 0041ef14     cmddelivery.obj
 0001:0001df70       ??_C@_0CN@EPOHBMBH@?$CK?5path?5?$CFd?5target?5?$CFd?5reset?5counte@FNODOBFM@ 0041ef70     cmddelivery.obj
 0001:0001df9e       ??_C@_0CB@KIAHGGON@?5RESET?5is?5for?5Smart?5HBA?5device?5?6@FNODOBFM@ 0041ef9e     cmddelivery.obj
 0001:0001dfc0       ??_C@_0BP@PAHACOBL@?$CK?5Got?5path?5?$CFd?5target?5?$CFd?5reset?6?$AA@FNODOBFM@ 0041efc0     cmddelivery.obj
 0001:0001dfe0       ??_C@_0CC@BGHDODBG@?$CK?5SRB_FUNCTION_POWER?3?5action?3?5?$CFd@FNODOBFM@ 0041efe0     cmddelivery.obj
 0001:0001e002       ??_C@_0BP@DFKLHFDI@?$CK?5SRB_FUNCTION_POWER?3?5sleep?51?6?$AA@FNODOBFM@ 0041f002     cmddelivery.obj
 0001:0001e022       ??_C@_0DL@PCKMOFFE@?$CK?5SRB_FUNCTION_POWER?3?5coming?5bac@FNODOBFM@ 0041f022     cmddelivery.obj
 0001:0001e05e       ??_C@_0CG@NCNALCOB@?$CK?5SRB_FUNCTION_POWER?3?5going?5to?5S@FNODOBFM@ 0041f05e     cmddelivery.obj
 0001:0001e084       ??_C@_0CA@IBGDOHDE@?$CK?5SRB_FUNCTION_POWER?3?5shutdown?6?$AA@FNODOBFM@ 0041f084     cmddelivery.obj
 0001:0001e0a4       ??_C@_0CD@NOANDIPK@?$CK?5SRB_FUNCTION_POWER?3?5shutdownOf@FNODOBFM@ 0041f0a4     cmddelivery.obj
 0001:0001e0c8       ??_C@_0BO@KPPCGIPP@?$CK?5SRB_FUNCTION_POWER?3?5reboot?6?$AA@FNODOBFM@ 0041f0c8     cmddelivery.obj
 0001:0001e0e6       ??_C@_0BJ@NDPKABON@entering?5AdapterControl?6?$AA@FNODOBFM@ 0041f0e6     cmdproc.obj
 0001:0001e100       ??_C@_0CF@FDIANAIH@?$CK?5?9?5AdapterControl?3?5ScsiStopAdap@FNODOBFM@ 0041f100     cmdproc.obj
 0001:0001e126       ??_C@_0FJ@DLLPOCIO@?$CK?5?9?5AdapterControl?3?5ScsiStopAdap@FNODOBFM@ 0041f126     cmdproc.obj
 0001:0001e180       ??_C@_0DK@JIECJOFO@?$CK?5Set?5pInitStruct?9?$DONoOfMsiVector@FNODOBFM@ 0041f180     cmdproc.obj
 0001:0001e1ba       ??_C@_0HA@BIJAMPMG@?$CK?5?9?5AdapterControl?3?5ScsiSetBootC@FNODOBFM@ 0041f1ba     cmdproc.obj
 0001:0001e22a       ??_C@_0DL@CMAPNHGC@?$CK?5?9?5AdapterControl?3?5ScsiSetBootC@FNODOBFM@ 0041f22a     cmdproc.obj
 0001:0001e266       ??_C@_0DI@IPKKLNPP@?$CK?5?9?5AdapterControl?3?5ScsiSetBootC@FNODOBFM@ 0041f266     cmdproc.obj
 0001:0001e29e       ??_C@_0HE@CIFLMEO@?$CK?5?9?5AdapterControl?3?5ScsiSetRunni@FNODOBFM@ 0041f29e     cmdproc.obj
 0001:0001e312       ??_C@_0CI@NDPGKLNN@?$CK?5?9?5AdapterControl?3?5ScsiRestartA@FNODOBFM@ 0041f312     cmdproc.obj
 0001:0001e33a       ??_C@_0CM@CNGCOMHH@?$CK?5Before?5checking?5Adapter?5Health@FNODOBFM@ 0041f33a     cmdproc.obj
 0001:0001e366       ??_C@_0BF@GMFKAGLA@?$CK?$CK?5BlinLed?5Code?3?5?$CFx?6?$AA@FNODOBFM@ 0041f366     cmdproc.obj
 0001:0001e37c       ??_C@_0DM@EBNPFHJD@?$CK?5set?5timer?5to?5check?5the?5FW?5stat@FNODOBFM@ 0041f37c     cmdproc.obj
 0001:0001e3b8       ??_C@_0CM@LGOLDMAP@?$CK?5leaving?5AdapterControl?5Routine@FNODOBFM@ 0041f3b8     cmdproc.obj
 0001:0001e3e4       ??_C@_0GP@BJCLBBHJ@?$CK?5CHECK_ADAPTER_HEALTH?5failed?0?5s@FNODOBFM@ 0041f3e4     cmdproc.obj
 0001:0001e454       ??_C@_0GI@HKBIHHID@?$CK?5START_ADAPTER?5failed?0?5start?5a?5@FNODOBFM@ 0041f454     cmdproc.obj
 0001:0001e4bc       ??_C@_0CO@CEANCDOF@?$CK?5?9?5AdapterControl?3?5Reset?5HostRR@FNODOBFM@ 0041f4bc     cmdproc.obj
 0001:0001e4ea       ??_C@_0EF@CJJLGBJF@?$CK?5Start?5a?5timer?5to?5update?5Contai@FNODOBFM@ 0041f4ea     cmdproc.obj
 0001:0001e530       ??_C@_0EG@HNFCBHB@?$CK?5Start?5a?5timer?5to?5update?5Contai@FNODOBFM@ 0041f530     cmdproc.obj
 0001:0001e576       ??_C@_0CN@OHJICFOG@?$CK?5?9?5AdapterControl?3?5ScsiQuery?5wi@FNODOBFM@ 0041f576     cmdproc.obj
 0001:0001e5a4       ??_C@_0DA@CMHNEFAA@?$CK?5?9?5AdapterControl?3?5ScsiQuery?5WI@FNODOBFM@ 0041f5a4     cmdproc.obj
 0001:0001e5d4       ??_C@_0DB@DKFDCCOB@?$CK?5Unsupported?5AdapterControl?5cod@FNODOBFM@ 0041f5d4     cmdproc.obj
 0001:0001e606       ??_C@_0BI@MBKDPNLO@leaving?5AdapterControl?6?$AA@FNODOBFM@ 0041f606     cmdproc.obj
 0001:0001e61e       ??_C@_0CO@NKBJPPMA@?$CK?5buildio?3?5LBA?5OUT?5OF?5RANGE?0?5sen@FNODOBFM@ 0041f61e     cmdproc.obj
 0001:0001e64c       ??_C@_0FN@LKLFGDKL@?$CK?5buildio?3?5LBA?5OUT?5OF?5RANGE?0?5sen@FNODOBFM@ 0041f64c     cmdproc.obj
 0001:0001e6aa       ??_C@_0FA@MOKLGDID@?$CK?5buildio?3?5LBA?5OUT?5OF?5RANGE?0?5sen@FNODOBFM@ 0041f6aa     cmdproc.obj
 0001:0001e6fa       ??_C@_0GA@IGOANHED@?$CK?5buildio?3?5LBA?5OUT?5OF?5RANGE?0?5sen@FNODOBFM@ 0041f6fa     cmdproc.obj
 0001:0001e75a       ??_C@_0DM@NPKIKBA@?$CK?5IOP?5RESET?5is?5done?5in?5ProcessIo@FNODOBFM@ 0041f75a     ioctl.obj
 0001:0001e796       ??_C@_0DL@IOLCNFHG@?$CK?5IOP?5RESET?5failed?5in?5ProcessIoc@FNODOBFM@ 0041f796     ioctl.obj
 0001:0001e7d2       ??_C@_07MPDDHOMN@CSMIALL?$AA@FNODOBFM@ 0041f7d2     ioctl.obj
 0001:0001e7da       ??_C@_07OODOBGKD@CSMIARY?$AA@FNODOBFM@ 0041f7da     ioctl.obj
 0001:0001e7e2       ??_C@_07PAKBHMBE@CSMISAS?$AA@FNODOBFM@ 0041f7e2     ioctl.obj
 0001:0001e7ea       ??_C@_07BHCKAAPP@CSMIPHY?$AA@FNODOBFM@ 0041f7ea     ioctl.obj
 0001:0001e7f2       ??_C@_0DF@CHPLNPBM@?$CK?5ProcessIoctl?3?5Internal?5Print?5B@FNODOBFM@ 0041f7f2     ioctl.obj
 0001:0001e828       ??_C@_0CE@NGAHOGLJ@?$CK?5ProcessIoctl?3?5private?5cdb?8s?5he@FNODOBFM@ 0041f828     ioctl.obj
 0001:0001e84c       ??_C@_0CH@HPKPAOCF@?$CK?5ProcessIoctl?3?5DBG_IO_TRACE?5fla@FNODOBFM@ 0041f84c     ioctl.obj
 0001:0001e874       ??_C@_0CK@OFFABCEM@?$CK?5ProcessIoctl?3?5DBG_IOCTL_TRACE?5@FNODOBFM@ 0041f874     ioctl.obj
 0001:0001e89e       ??_C@_0CM@CGIIOCGI@?$CK?5ProcessIoctl?3?5DBG_CLUSTER_TRAC@FNODOBFM@ 0041f89e     ioctl.obj
 0001:0001e8ca       ??_C@_0CI@LPOJHEHM@?$CK?5ProcessIoctl?3?5DBG_ISR_TRACE?5fl@FNODOBFM@ 0041f8ca     ioctl.obj
 0001:0001e8f2       ??_C@_0DC@NOLFHCLF@?$CK?5ProcessIoctl?3?5DBG_IO_FUNC_ENTR@FNODOBFM@ 0041f8f2     ioctl.obj
 0001:0001e924       ??_C@_0DE@PFEFFOBG@?$CK?5ProcessIoctl?3?5DBG_INIT_FUNC_EN@FNODOBFM@ 0041f924     ioctl.obj
 0001:0001e958       ??_C@_0DF@DPLBBPBM@?$CK?5ProcessIoctl?3?5DBG_IOCTL_FUNC_E@FNODOBFM@ 0041f958     ioctl.obj
 0001:0001e98e       ??_C@_0CL@GAIHEBC@?$CK?5ProcessIoctl?3?5DBG_IO_TRACE?5fla@FNODOBFM@ 0041f98e     ioctl.obj
 0001:0001e9ba       ??_C@_0CO@NGOEBBKH@?$CK?5ProcessIoctl?3?5DBG_IOCTL_TRACE?5@FNODOBFM@ 0041f9ba     ioctl.obj
 0001:0001e9e8       ??_C@_0DA@HPMIGAD@?$CK?5ProcessIoctl?3?5DBG_CLUSTER_TRAC@FNODOBFM@ 0041f9e8     ioctl.obj
 0001:0001ea18       ??_C@_0CM@NECMPDIP@?$CK?5ProcessIoctl?3?5DBG_ISR_TRACE?5fl@FNODOBFM@ 0041fa18     ioctl.obj
 0001:0001ea44       ??_C@_0DG@PHFPGNCH@?$CK?5ProcessIoctl?3?5DBG_IO_FUNC_ENTR@FNODOBFM@ 0041fa44     ioctl.obj
 0001:0001ea7a       ??_C@_0DI@CBNGHMLF@?$CK?5ProcessIoctl?3?5DBG_INIT_FUNC_EN@FNODOBFM@ 0041fa7a     ioctl.obj
 0001:0001eab2       ??_C@_0DJ@DEFCHEDB@?$CK?5ProcessIoctl?3?5DBG_IOCTL_FUNC_E@FNODOBFM@ 0041fab2     ioctl.obj
 0001:0001eaec       ??_C@_0CC@ELKJFKAD@?$CK?5ProcessIoctl?3?5DebugFlags?3?50x?$CFx@FNODOBFM@ 0041faec     ioctl.obj
 0001:0001eb0e       ??_C@_0DI@PNEPHAGL@?$CK?5Set?5pInitStruct?9?$DONoOfMsiVector@FNODOBFM@ 0041fb0e     ioctl.obj
 0001:0001eb46       ??_C@_0DF@KDDHBOCK@?$CK?5when?5back?5from?5IOP_RESET?0?5we?5w@FNODOBFM@ 0041fb46     ioctl.obj
 0001:0001eb7c       ??_C@_0DO@IBFHJCIJ@?$CK?5IOP?5RESET?5is?5done?5in?5ProcessIo@FNODOBFM@ 0041fb7c     ioctl.obj
 0001:0001ebba       ??_C@_0DN@EJCEJBIF@?$CK?5IOP?5RESET?5failed?5in?5ProcessIoc@FNODOBFM@ 0041fbba     ioctl.obj
 0001:0001ebf8       ??_C@_0CF@GENCHGED@?$CK?5ProcessIoctl?3?5coalescing?5disab@FNODOBFM@ 0041fbf8     ioctl.obj
 0001:0001ec1e       ??_C@_0CE@KOEFFOB@?$CK?5ProcessIoctl?3?5coalescing?5enabl@FNODOBFM@ 0041fc1e     ioctl.obj
 0001:0001ec42       ??_C@_0GG@KLCLOEBM@?$CK?5ProcessIoctl?3?5Get?5a?5request?5fo@FNODOBFM@ 0041fc42     ioctl.obj
 0001:0001eca8       ??_C@_0IA@OEPDMML@?$CK?5ProcessIoctl?3?5Get?5a?5request?5fo@FNODOBFM@ 0041fca8     ioctl.obj
 0001:0001ed28       ??_C@_0GG@JMGDPGEE@?$CK?5ProcessIoctl?3?5Get?5a?5request?5fo@FNODOBFM@ 0041fd28     ioctl.obj
 0001:0001ed8e       ??_C@_0IA@HMGAPIGO@?$CK?5ProcessIoctl?3?5Get?5a?5request?5fo@FNODOBFM@ 0041fd8e     ioctl.obj
 0001:0001ee0e       ??_C@_0DH@GFOJOHEG@?$CK?5ProcessIoctl?3?5TTYPE_CHANGE_IO_@FNODOBFM@ 0041fe0e     ioctl.obj
 0001:0001ee46       ??_C@_0CN@FFFLABJM@?$CK?5ProcessIoctl?3?5AIF?5commands?5pri@FNODOBFM@ 0041fe46     ioctl.obj
 0001:0001ee74       ??_C@_0CO@EKDJMEJG@?$CK?5ProcessIoctl?3?5AIF?5commands?5pri@FNODOBFM@ 0041fe74     ioctl.obj
 0001:0001eea2       ??_C@_0CP@DNDOBHJJ@?$CK?5ProcessIoctl?3?5synch?5commands?5p@FNODOBFM@ 0041fea2     ioctl.obj
 0001:0001eed2       ??_C@_0DA@DKDLFFAP@?$CK?5ProcessIoctl?3?5synch?5commands?5p@FNODOBFM@ 0041fed2     ioctl.obj
 0001:0001ef02       ??_C@_0DD@OCMBIILM@?$CK?5ProcessIoctl?3?5RUN_CODE_IN_SPEC@FNODOBFM@ 0041ff02     ioctl.obj
 0001:0001ef36       ??_C@_0FD@PBJMMHDI@?$CK?5ProcessIoctl?3?5RUN_CODE_IN_SPEC@FNODOBFM@ 0041ff36     ioctl.obj
 0001:0001ef8a       ??_C@_0EG@IJGFKELB@?$CK?5ProcessIoctl?3?5bus?$DN?$CFd?0?5target?$DN?$CF@FNODOBFM@ 0041ff8a     ioctl.obj
 0001:0001efd0       ??_C@_0GB@LAAKBHJK@?$CK?5ProcessIoctl?3?5wrong?5parameters@FNODOBFM@ 0041ffd0     ioctl.obj
 0001:0001f032       ??_C@_0DD@LPBHEFLI@?$CK?5ProcessIoctl?3?5OsCmd?5?$CF2d?3?5cmd?$CI0@FNODOBFM@ 00420032     ioctl.obj
 0001:0001f066       ??_C@_0DN@BFALKLFI@?$CK?5ProcessIoctl?3?5Osioctl?5?$CF2d?3?5con@FNODOBFM@ 00420066     ioctl.obj
 0001:0001f0a4       ??_C@_0DA@LCPJHFEI@?$CK?5ProcessIoctl?3?5Max?5Data?5Transfe@FNODOBFM@ 004200a4     ioctl.obj
 0001:0001f0d4       ??_C@_0CE@DJCKDJAF@?$CK?5ProcessIoctl?3?5Max?5SG?5items?3?50x@FNODOBFM@ 004200d4     ioctl.obj
 0001:0001f0f8       ??_C@_0BF@JHMLOOKE@?$CK?5outstanding?5IO?3?$CFd?6?$AA@FNODOBFM@ 004200f8     ioctl.obj
 0001:0001f10e       ??_C@_0BO@MJJJDCNP@?$CK?5Coalescing?5Q?4?5CalledCnt?3?$CFd?6?$AA@FNODOBFM@ 0042010e     ioctl.obj
 0001:0001f12c       ??_C@_0CJ@GBKALEBA@?$CK?5Coalescing?5Q?4?5Beyond8kTransfer@FNODOBFM@ 0042012c     ioctl.obj
 0001:0001f156       ??_C@_0CJ@OEJKDMEF@?$CK?5Coalescing?5Q?4?5AcrossStripeBoun@FNODOBFM@ 00420156     ioctl.obj
 0001:0001f180       ??_C@_0CD@JOOBICJM@?$CK?5Coalescing?5Q?4?5RwCmdTypeMixed?3?$CF@FNODOBFM@ 00420180     ioctl.obj
 0001:0001f1a4       ??_C@_0CD@HLIMFKCF@?$CK?5Coalescing?5Q?4?5SGcntOverLimit?3?$CF@FNODOBFM@ 004201a4     ioctl.obj
 0001:0001f1c8       ??_C@_0CF@HPODEDGN@?$CK?5Coalescing?5Q?4?5CmdSizeOverLimit@FNODOBFM@ 004201c8     ioctl.obj
 0001:0001f1ee       ??_C@_0CF@HCLMLLN@?$CK?5Coalescing?5Q?4?5DequeueCalledCnt@FNODOBFM@ 004201ee     ioctl.obj
 0001:0001f214       ??_C@_0CL@HMCMDMGE@?$CK?5Coalescing?5Q?4?5CallSendFibDirec@FNODOBFM@ 00420214     ioctl.obj
 0001:0001f240       ??_C@_0BL@BDGJNAIM@?$CK?5Sorting?5Q?4?5CalledCnt?3?$CFd?6?$AA@FNODOBFM@ 00420240     ioctl.obj
 0001:0001f25c       ??_C@_0BO@FHMIKIJB@?$CK?5Sorting?5Q?4?5OverlapCase1?3?$CFd?6?$AA@FNODOBFM@ 0042025c     ioctl.obj
 0001:0001f27a       ??_C@_0BO@NBFMNKDP@?$CK?5Sorting?5Q?4?5OverlapCase2?3?$CFd?6?$AA@FNODOBFM@ 0042027a     ioctl.obj
 0001:0001f298       ??_C@_0CK@EPAOGNLF@?$CK?5ProcessIoctl?3?5BUILDIO?5LOOPBACK@FNODOBFM@ 00420298     ioctl.obj
 0001:0001f2c2       ??_C@_0CK@DADBMBLL@?$CK?5ProcessIoctl?3?5STARTIO?5LOOPBACK@FNODOBFM@ 004202c2     ioctl.obj
 0001:0001f2ec       ??_C@_0CK@BMBGJMJA@?$CK?5ProcessIoctl?3?5PUSHFIB?5LOOPBACK@FNODOBFM@ 004202ec     ioctl.obj
 0001:0001f316       ??_C@_0CL@DANMEPHG@?$CK?5ProcessIoctl?3?5BUILDIO?5LOOPBACK@FNODOBFM@ 00420316     ioctl.obj
 0001:0001f342       ??_C@_0CL@NHBLFNNN@?$CK?5ProcessIoctl?3?5STARTIO?5LOOPBACK@FNODOBFM@ 00420342     ioctl.obj
 0001:0001f36e       ??_C@_0CL@HLILIDMA@?$CK?5ProcessIoctl?3?5PUSHFIB?5LOOPBACK@FNODOBFM@ 0042036e     ioctl.obj
 0001:0001f39a       ??_C@_0DB@MDNCKDFE@?$CK?5ProcessIoctl?3?5Simulate?5SCSI?5sm@FNODOBFM@ 0042039a     ioctl.obj
 0001:0001f3cc       ??_C@_0EC@KMBGJBEG@?$CK?5ProcessIoctl?3?5Simulate?5FW?5Targ@FNODOBFM@ 004203cc     ioctl.obj
 0001:0001f40e       ??_C@_0BI@COAKNOP@?$CK?5?9?5IOCTL?5MESSAGE?3?5?$CFs?5?6?$AA@FNODOBFM@ 0042040e     ioctl.obj
 0001:0001f426       ??_C@_0BP@PHOOCPMJ@?$CK?5?9?5IOCTL?3?5FSAMPCTL_RESET_IOP?6?$AA@FNODOBFM@ 00420426     ioctl.obj
 0001:0001f446       ??_C@_0L@EIJBKGJP@arcsas?4sys?$AA@FNODOBFM@ 00420446     ioctl.obj
 0001:0001f452       ??_C@_0BN@BIKJANKI@Adaptec?5RAID?5Storport?5Driver?$AA@FNODOBFM@ 00420452     ioctl.obj
 0001:0001f470       ??_C@_0DJ@MIENLJJJ@OMR?5value?5in?5Check?5Adapter?5Healt@FNODOBFM@ 00420470     comm.obj
 0001:0001f4aa       ??_C@_0CM@GEHGCFFI@?$CK?5ProcessAif?3?5AIF?5cmd?3?5?$CFd?0?5AIF?5s@FNODOBFM@ 004204aa     comm.obj
 0001:0001f4d6       ??_C@_1FE@JLJHJCGF@?$AAA?$AAr?$AAr?$AAa?$AAy?$AA?5?$AAm?$AAi?$AAg?$AAr?$AAa?$AAt?$AAi?$AAo?$AAn?$AA?1?$AAe?$AAx?$AAp?$AAa?$AAn?$AAs?$AAi?$AAo?$AAn?$AA?5?$AAc?$AAo?$AAm?$AAp?$AAl?$AAe@FNODOBFM@ 004204d6     comm.obj
 0001:0001f52a       ??_C@_0CJ@ELNMEDDG@AIF?5EVENT?3?5Container?5?$CD?$CFd?5Morph?5c@FNODOBFM@ 0042052a     comm.obj
 0001:0001f554       ??_C@_1CK@DJNKNDAB@?$AAR?$AAa?$AAw?$AA?5?$AAD?$AAr?$AAi?$AAv?$AAe?$AA?5?$AAr?$AAe?$AAm?$AAo?$AAv?$AAe?$AAd?$AA?0?$AA?5?$AA?$CD?$AA?$AA@FNODOBFM@ 00420554     comm.obj
 0001:0001f57e       ??_C@_0CF@GOGNODAJ@AIF?5EVENT?3?5a?5RAW?5device?5?$CD?$CFd?5remo@FNODOBFM@ 0042057e     comm.obj
 0001:0001f5a4       ??_C@_1DG@JPPGPNNE@?$AAN?$AAa?$AAt?$AAi?$AAv?$AAe?$AA?5?$AAH?$AAB?$AAA?$AA?5?$AAd?$AAe?$AAv?$AAi?$AAc?$AAe?$AA?5?$AAi?$AAs?$AA?5?$AAa?$AAd?$AAd?$AAe?$AAd?$AA?$AA@FNODOBFM@ 004205a4     comm.obj
 0001:0001f5da       ??_C@_0CL@PFPKJCEB@AIF?5EVENT?3?5AifEnNativeHBADeviceA@FNODOBFM@ 004205da     comm.obj
 0001:0001f606       ??_C@_1DK@DMPEAPAK@?$AAN?$AAa?$AAt?$AAi?$AAv?$AAe?$AA?5?$AAH?$AAB?$AAA?$AA?5?$AAd?$AAe?$AAv?$AAi?$AAc?$AAe?$AA?5?$AAi?$AAs?$AA?5?$AAr?$AAe?$AAm?$AAo?$AAv?$AAe?$AAd?$AA?$AA@FNODOBFM@ 00420606     comm.obj
 0001:0001f640       ??_C@_0CO@KNHKMPNF@AIF?5EVENT?3?5AifEnNativeHBADeviceR@FNODOBFM@ 00420640     comm.obj
 0001:0001f66e       ??_C@_1EO@PNKAKFGH@?$AAH?$AAa?$AAr?$AAd?$AAw?$AAa?$AAr?$AAe?$AA?5?$AAn?$AAo?$AAt?$AA?5?$AAp?$AAr?$AAe?$AAs?$AAe?$AAn?$AAt?$AA?9?$AA?5?$AAB?$AAa?$AAc?$AAk?$AAu?$AAp?$AA?5?$AAn?$AAo?$AAt@FNODOBFM@ 0042066e     comm.obj
 0001:0001f6bc       ??_C@_0DD@GCBHPPGK@AIF?5EVENT?3?5Hardware?5not?5present?9@FNODOBFM@ 004206bc     comm.obj
 0001:0001f6f0       ??_C@_1CI@IELPCEHF@?$AAS?$AAu?$AAp?$AAe?$AAr?$AAc?$AAa?$AAp?$AA?5?$AAh?$AAe?$AAa?$AAl?$AAt?$AAh?$AA?5?$AAl?$AAo?$AAw?$AA?$AA@FNODOBFM@ 004206f0     comm.obj
 0001:0001f718       ??_C@_0EJ@OLDMFEFC@AIF?5EVENT?3?5Super?5cap?5health?5is?5l@FNODOBFM@ 00420718     comm.obj
 0001:0001f762       ??_C@_1CK@BAADJOPA@?$AAS?$AAu?$AAp?$AAe?$AAr?$AAc?$AAa?$AAp?$AA?5?$AAh?$AAe?$AAa?$AAl?$AAt?$AAh?$AA?5?$AA?5?$AAb?$AAa?$AAd?$AA?$AA@FNODOBFM@ 00420762     comm.obj
 0001:0001f78c       ??_C@_0DM@BNKBKMII@AIF?5EVENT?3?5Super?5cap?5health?5is?5b@FNODOBFM@ 0042078c     comm.obj
 0001:0001f7c8       ??_C@_1CA@DNJAAJKJ@?$AAC?$AAa?$AAc?$AAh?$AAe?$AA?5?$AAd?$AAa?$AAt?$AAa?$AA?5?$AAl?$AAo?$AAs?$AAs?$AA?$AA@FNODOBFM@ 004207c8     comm.obj
 0001:0001f7e8       ??_C@_0BM@DGCCGGOI@AIF?5EVENT?3?5Cache?5data?5loss?6?$AA@FNODOBFM@ 004207e8     comm.obj
 0001:0001f804       ??_C@_1DG@KILEJPC@?$AAT?$AAe?$AAm?$AAp?$AAe?$AAr?$AAa?$AAt?$AAu?$AAr?$AAe?$AA?5?$AAB?$AAa?$AAc?$AAk?$AA?5?$AAt?$AAo?$AA?5?$AAN?$AAo?$AAr?$AAm?$AAa?$AAl?$AA?$AA@FNODOBFM@ 00420804     comm.obj
 0001:0001f83a       ??_C@_0CH@EOEMJJE@AIF?5EVENT?3?5Temperature?5Back?5to?5N@FNODOBFM@ 0042083a     comm.obj
 0001:0001f862       ??_C@_1DG@IHOODPDN@?$AAS?$AAu?$AAp?$AAe?$AAr?$AAc?$AAa?$AAp?$AA?5?$AAT?$AAe?$AAm?$AAp?$AAe?$AAr?$AAa?$AAt?$AAu?$AAr?$AAe?$AA?5?$AAA?$AAl?$AAe?$AAr?$AAt?$AA?$AA@FNODOBFM@ 00420862     comm.obj
 0001:0001f898       ??_C@_0EA@EGACBNC@AIF?5EVENT?3?5Temperature?5has?5cross@FNODOBFM@ 00420898     comm.obj
 0001:0001f8d8       ??_C@_1DK@KKLIINGO@?$AAS?$AAu?$AAp?$AAe?$AAr?$AAc?$AAa?$AAp?$AA?5?$AAT?$AAe?$AAm?$AAp?$AAe?$AAr?$AAa?$AAt?$AAu?$AAr?$AAe?$AA?5?$AAW?$AAa?$AAr?$AAn?$AAi?$AAn?$AAg?$AA?$AA@FNODOBFM@ 004208d8     comm.obj
 0001:0001f912       ??_C@_0ED@CGHEBKG@AIF?5EVENT?3?5Temperature?5is?5in?5the@FNODOBFM@ 00420912     comm.obj
 0001:0001f956       ??_C@_1DK@HENHBAOO@?$AAB?$AAa?$AAc?$AAk?$AAu?$AAp?$AA?5?$AAu?$AAn?$AAi?$AAt?$AA?5?$AAs?$AAe?$AAl?$AAf?$AA?9?$AAt?$AAe?$AAs?$AAt?$AA?5?$AAf?$AAa?$AAi?$AAl?$AAe?$AAd?$AA?$AA@FNODOBFM@ 00420956     comm.obj
 0001:0001f990       ??_C@_0CJ@JLLJHFCM@AIF?5EVENT?3?5Backup?5unit?5self?9test@FNODOBFM@ 00420990     comm.obj
 0001:0001f9ba       ??_C@_1DK@GKIHJFEC@?$AAF?$AAa?$AAt?$AAa?$AAl?$AA?5?$AAE?$AAr?$AAr?$AAo?$AAr?$AA?3?$AA?5?$AAB?$AAa?$AAc?$AAk?$AAu?$AAp?$AA?5?$AAd?$AAi?$AAs?$AAa?$AAb?$AAl?$AAe?$AAd?$AA?$AA@FNODOBFM@ 004209ba     comm.obj
 0001:0001f9f4       ??_C@_0CJ@NHDLILDM@AIF?5EVENT?3?5Fatal?5Error?3?5Backup?5d@FNODOBFM@ 004209f4     comm.obj
 0001:0001fa1e       ??_C@_1CO@DFMHCOAI@?$AAL?$AAo?$AAg?$AAi?$AAc?$AAa?$AAl?$AA?5?$AAD?$AAr?$AAi?$AAv?$AAe?$AA?5?$AAa?$AAd?$AAd?$AAe?$AAd?$AA?0?$AA?5?$AA?$CD?$AA?$AA@FNODOBFM@ 00420a1e     comm.obj
 0001:0001fa4c       ??_C@_0CA@GLOIGEIG@AIF?5EVENT?3?5Container?5?$CD?$CFd?5added?6?$AA@FNODOBFM@ 00420a4c     comm.obj
 0001:0001fa6c       ??_C@_1DC@CMPCKFLI@?$AAL?$AAo?$AAg?$AAi?$AAc?$AAa?$AAl?$AA?5?$AAD?$AAr?$AAi?$AAv?$AAe?$AA?5?$AAd?$AAe?$AAl?$AAe?$AAt?$AAe?$AAd?$AA?0?$AA?5?$AA?$CD?$AA?$AA@FNODOBFM@ 00420a6c     comm.obj
 0001:0001fa9e       ??_C@_0CC@IGLGEBDK@AIF?5EVENT?3?5Container?5?$CD?$CFd?5removed@FNODOBFM@ 00420a9e     comm.obj
 0001:0001fac0       ??_C@_0FE@GFLJPFDG@AIF?5EVENT?3?5AifEnEnclosureManagem@FNODOBFM@ 00420ac0     comm.obj
 0001:0001fb14       ??_C@_1CI@JDGBIDGK@?$AAA?$AA?5?$AAn?$AAe?$AAw?$AA?5?$AAJ?$AAB?$AAO?$AAD?$AA?5?$AAi?$AAs?$AA?5?$AAa?$AAd?$AAd?$AAe?$AAd?$AA?$AA@FNODOBFM@ 00420b14     comm.obj
 0001:0001fb3c       ??_C@_0BJ@NJMLAEMO@AIF?5EVENT?3?5a?5JBOD?5added?6?$AA@FNODOBFM@ 00420b3c     comm.obj
 0001:0001fb56       ??_C@_1CE@CICPDMOD@?$AAA?$AA?5?$AAJ?$AAB?$AAO?$AAD?$AA?5?$AAi?$AAs?$AA?5?$AAd?$AAe?$AAl?$AAe?$AAt?$AAe?$AAd?$AA?$AA@FNODOBFM@ 00420b56     comm.obj
 0001:0001fb7a       ??_C@_0BL@PDKEFHEM@AIF?5EVENT?3?5a?5JBOD?5removed?6?$AA@FNODOBFM@ 00420b7a     comm.obj
 0001:0001fb96       ??_C@_0DO@DNJOKEFB@AIF?5EVENT?3?5AifCmdJobProgress?5for@FNODOBFM@ 00420b96     comm.obj
 0001:0001fbd4       ??_C@_0EM@MHLKFBIP@AIF?5EVENT?3?5AifCmdJobProgress?5for@FNODOBFM@ 00420bd4     comm.obj
 0001:0001fc20       ??_C@_0CG@IPLFJLPL@Smart?5HBA?5Scsi?5response?5Status?5?$DN@FNODOBFM@ 00420c20     comm.obj
 0001:0001fc46       ??_C@_0DO@HNDDHFGA@?5HBA?5Error?5HBA_MODE_DISABLED?5Srb@FNODOBFM@ 00420c46     comm.obj
 0001:0001fc84       ??_C@_0DA@CPGPCCBA@?5HBA?5Error?5code?5?$CFx?5For?5Path?5ID?5?$CF@FNODOBFM@ 00420c84     comm.obj
 0001:0001fcb4       ??_C@_0FA@CPHJLELC@?5HBA?5Error?5SCSI_COMPL_TRANSL_STA@FNODOBFM@ 00420cb4     comm.obj
 0001:0001fd04       ??_C@_0FE@JFIIIBKF@?5HBA?5Error?5SCSI_COMPL_TRANSL_STA@FNODOBFM@ 00420d04     comm.obj
 0001:0001fd58       ??_C@_0EO@DHIENLOG@?5HBA?5Error?3?5Length?5from?5OS?$CI0x?$CFx?$CJ@FNODOBFM@ 00420d58     comm.obj
 0001:0001fda6       ??_C@_0HP@ECKDIFKN@?5HBA?5Error?3?5hbaCmd?9?$DOdata_length?$CI@FNODOBFM@ 00420da6     comm.obj
 0001:0001fe26       ??_C@_0FK@IBAGLEPN@?5HBA?5Error?5SCSI_COMPL_TRANSL_STA@FNODOBFM@ 00420e26     comm.obj
 0001:0001fe80       ??_C@_0FJ@DMCDLFNM@?5HBA?5Error?5SCSI_COMPL_TRANSL_STA@FNODOBFM@ 00420e80     comm.obj
 0001:0001feda       ??_C@_0EP@JHLDIODO@?$CK?5NO?5ERROR?5handling?5for?5pHbaResp@FNODOBFM@ 00420eda     comm.obj
 0001:0001ff2a       ??_C@_0CG@PJJANG@TMF?5Function?5Completed?5Successfu@FNODOBFM@ 00420f2a     comm.obj
 0001:0001ff50       ??_C@_0FJ@OIALMBME@?$CK?5NO?5ERROR?5handling?5for?5pHbaResp@FNODOBFM@ 00420f50     comm.obj
 0001:0001ffaa       ??_C@_1BI@BHAHBMFJ@?$AAM?$AAo?$AAf?$AAR?$AAe?$AAs?$AAo?$AAu?$AAr?$AAc?$AAe?$AA?$AA@FNODOBFM@ 00420faa     wmi.obj
 0001:0001ffc2       ??_C@_1BK@EPHGJNJ@?$AAS?$AAc?$AAs?$AAi?$AAM?$AAi?$AAn?$AAi?$AAP?$AAo?$AAr?$AAt?$AA?$AA@FNODOBFM@ 00420fc2     scsiwmi:wmilib.obj
 0002:00000000       __imp__memset              00421000     ntoskrnl:ntoskrnl.exe
 0002:00000004       __imp___aulldvrm           00421004     ntoskrnl:ntoskrnl.exe
 0002:00000008       __imp___alldiv             00421008     ntoskrnl:ntoskrnl.exe
 0002:0000000c       __imp___allmul             0042100c     ntoskrnl:ntoskrnl.exe
 0002:00000010       __imp___aulldiv            00421010     ntoskrnl:ntoskrnl.exe
 0002:00000014       __imp___aullshr            00421014     ntoskrnl:ntoskrnl.exe
 0002:00000018       __imp__KeTickCount         00421018     ntoskrnl:ntoskrnl.exe
 0002:00000018       _KeTickCount               00421018     ntoskrnl:ntoskrnl.exe
 0002:0000001c       __imp__KeBugCheckEx@20     0042101c     ntoskrnl:ntoskrnl.exe
 0002:00000020       \177ntoskrnl_NULL_THUNK_DATA 00421020     ntoskrnl:ntoskrnl.exe
 0002:00000024       __imp__StorPortGetPhysicalAddress@16 00421024     storport:storport.sys
 0002:00000028       __imp__StorPortResumeDevice@16 00421028     storport:storport.sys
 0002:0000002c       __imp__StorPortNotification 0042102c     storport:storport.sys
 0002:00000030       __imp__StorPortStallExecution@4 00421030     storport:storport.sys
 0002:00000034       __imp__StorPortReadRegisterUchar@8 00421034     storport:storport.sys
 0002:00000038       __imp__StorPortReadRegisterUlong@8 00421038     storport:storport.sys
 0002:0000003c       __imp__StorPortReadRegisterBufferUchar@16 0042103c     storport:storport.sys
 0002:00000040       __imp__StorPortWriteRegisterUlong@12 00421040     storport:storport.sys
 0002:00000044       __imp__StorPortWriteRegisterBufferUlong@16 00421044     storport:storport.sys
 0002:00000048       __imp__StorPortMoveMemory@12 00421048     storport:storport.sys
 0002:0000004c       __imp__StorPortDebugPrint  0042104c     storport:storport.sys
 0002:00000050       __imp__StorPortGetDeviceBase@28 00421050     storport:storport.sys
 0002:00000054       __imp__StorPortWriteRegisterBufferUchar@16 00421054     storport:storport.sys
 0002:00000058       __imp__StorPortResume@4    00421058     storport:storport.sys
 0002:0000005c       __imp__StorPortInitialize@16 0042105c     storport:storport.sys
 0002:00000060       __imp__StorPortFreeDeviceBase@8 00421060     storport:storport.sys
 0002:00000064       __imp__StorPortGetBusData@24 00421064     storport:storport.sys
 0002:00000068       __imp__StorPortGetUncachedExtension@12 00421068     storport:storport.sys
 0002:0000006c       __imp__StorPortPause@8     0042106c     storport:storport.sys
 0002:00000070       __imp__StorPortSetDeviceQueueDepth@20 00421070     storport:storport.sys
 0002:00000074       __imp__StorPortQuerySystemTime@4 00421074     storport:storport.sys
 0002:00000078       __imp__StorPortExtendedFunction 00421078     storport:storport.sys
 0002:0000007c       __imp__StorPortPauseDevice@20 0042107c     storport:storport.sys
 0002:00000080       __imp__StorPortBusy@8      00421080     storport:storport.sys
 0002:00000084       __imp__StorPortGetScatterGatherList@8 00421084     storport:storport.sys
 0002:00000088       __imp__ScsiPortMoveMemory@12 00421088     storport:storport.sys
 0002:0000008c       \177storport_NULL_THUNK_DATA 0042108c     storport:storport.sys
 0002:000000c8       _RevCompareTable           004210c8     revision.obj
 0002:000001c8       _RevCompareTableLength     004211c8     revision.obj
 0002:000001cc       ??_C@_08HNOCAICB@Adaptec?5?$AA@ 004211cc     arcsas.obj
 0002:000001d8       ??_C@_04ODJNANJC@9005?$AA@ 004211d8     arcsas.obj
 0002:000001e0       ??_C@_04EKJHPGNA@0285?$AA@ 004211e0     arcsas.obj
 0002:000001e8       ??_C@_04GBLKKFBD@0286?$AA@ 004211e8     arcsas.obj
 0002:000001f0       ??_C@_04PPDJIIJN@0288?$AA@ 004211f0     arcsas.obj
 0002:000001f8       ??_C@_04LPGNDNED@028b?$AA@ 004211f8     arcsas.obj
 0002:00000200       ??_C@_04KGHGAMAC@028c?$AA@ 00421200     arcsas.obj
 0002:00000208       ??_C@_04OJDHJKMF@028d?$AA@ 00421208     arcsas.obj
 0002:00000210       ??_C@_0BB@MMDKHCIH@ARC?9SAS?5?5?5?5?5?5?5?5?5?$AA@ 00421210     arcsas.obj
 0002:00000224       ??_C@_06DFBHEALI@AACAPI?$AA@ 00421224     arcsas.obj
 0002:00000230       __load_config_used         00421230     BufferOverflowK:loadcfg.obj
 0002:000002c0       ___safe_se_handler_table   004212c0     <linker-defined>
 0003:00000000       _gDebugFlags               00422000     arcdebug.obj
 0003:00000008       _gNativeModeAdapters       00422008     arcsas.obj
 0003:000001b8       _gNumNativeModeAdapters    004221b8     arcsas.obj
 0003:000001bc       _gARCProductId             004221bc     arcsas.obj
 0003:000001c0       _gARCApiId                 004221c0     arcsas.obj
 0003:000001c4       _gARCOEMFlags              004221c4     arcsas.obj
 0003:000001c8       _gARCSASRxSubsystemInfo    004221c8     arcsas.obj
 0003:00000350       _gARCSASRktSubsystemInfo   00422350     arcsas.obj
 0003:00000388       _gARCSASArkSubsystemInfo   00422388     arcsas.obj
 0003:000003a0       _gARCSASPMCSubsystemInfo   004223a0     arcsas.obj
 0003:000004a0       _gARCVendor                004224a0     arcinit.obj
 0003:000004a4       _gAdapterGuid              004224a4     wmi.obj
 0003:000004b4       _gIoChannelGuid            004224b4     wmi.obj
 0003:000004c4       _gDiskArrayGuid            004224c4     wmi.obj
 0003:000004d4       _gPhysicalDiskGuid         004224d4     wmi.obj
 0003:000004e4       _gAdapterMethodGuid        004224e4     wmi.obj
 0003:000004f4       ___security_cookie         004224f4     BufferOverflowK:gs_support.obj
 0003:000004f8       ___security_cookie_complement 004224f8     BufferOverflowK:gs_support.obj
 0003:00000520       _gAdapterAddCount          00422520     arcinit.obj
 0003:00000534       _gTraceContext             00422534     arcinit.obj
 0003:000005c0       _gAdapterTable             004225c0     <common>
 0003:000006c0       _gDriverObject             004226c0     <common>
 0004:00000006       ___security_init_cookie    00423006 f   BufferOverflowK:gs_support.obj
 0004:0000006a       _GsDriverEntry@8           0042306a f   BufferOverflowK:gs_support.obj
 0004:00000080       _GsIsReadTimeStampCounterAvailable@0 00423080 f   BufferOverflowK:gs_util.obj
 0004:00000100       __IMPORT_DESCRIPTOR_ntoskrnl 00423100     ntoskrnl:ntoskrnl.exe
 0004:00000114       __IMPORT_DESCRIPTOR_storport 00423114     storport:storport.sys
 0004:00000128       __NULL_IMPORT_DESCRIPTOR   00423128     ntoskrnl:ntoskrnl.exe

 entry point at        0004:0000006a

 Static symbols

 0000:fffd9000       .debug$S                   00400000     storport:storport.sys
 0000:fffd9000       .debug$S                   00400000     storport:storport.sys
 0000:fffd9000       .debug$S                   00400000     storport:storport.sys
 0000:fffd9000       .debug$S                   00400000     storport:storport.sys
 0000:fffd9000       .debug$S                   00400000     storport:storport.sys
 0000:fffd9000       .debug$S                   00400000     storport:storport.sys
 0000:fffd9000       .debug$S                   00400000     storport:storport.sys
 0000:fffd9000       .debug$S                   00400000     storport:storport.sys
 0000:fffd9000       .debug$S                   00400000     ntoskrnl:ntoskrnl.exe
 0000:fffd9000       .debug$S                   00400000     ntoskrnl:ntoskrnl.exe
 0000:fffd9000       .debug$S                   00400000     ntoskrnl:ntoskrnl.exe
 0000:fffd9000       .debug$S                   00400000     ntoskrnl:ntoskrnl.exe
 0000:fffd9000       .debug$S                   00400000     ntoskrnl:ntoskrnl.exe
 0000:fffd9000       .debug$S                   00400000     ntoskrnl:ntoskrnl.exe
 0000:fffd9000       .debug$S                   00400000     ntoskrnl:ntoskrnl.exe
 0000:fffd9000       .debug$S                   00400000     ntoskrnl:ntoskrnl.exe
 0000:fffd9000       .debug$S                   00400000     storport:storport.sys
 0000:fffd9000       .debug$S                   00400000     storport:storport.sys
 0000:fffd9000       .debug$S                   00400000     storport:storport.sys
 0000:fffd9000       .debug$S                   00400000     storport:storport.sys
 0000:fffd9000       .debug$S                   00400000     storport:storport.sys
 0000:fffd9000       .debug$S                   00400000     storport:storport.sys
 0000:fffd9000       .debug$S                   00400000     storport:storport.sys
 0000:fffd9000       .debug$S                   00400000     storport:storport.sys
 0000:fffd9000       .debug$S                   00400000     storport:storport.sys
 0000:fffd9000       .debug$S                   00400000     storport:storport.sys
 0000:fffd9000       .debug$S                   00400000     storport:storport.sys
 0000:fffd9000       .debug$S                   00400000     storport:storport.sys
 0000:fffd9000       .debug$S                   00400000     storport:storport.sys
 0000:fffd9000       .debug$S                   00400000     storport:storport.sys
 0000:fffd9000       .debug$S                   00400000     storport:storport.sys
 0000:fffd9000       .debug$S                   00400000     storport:storport.sys
 0000:fffd9000       .debug$S                   00400000     storport:storport.sys
 0000:fffd9000       .debug$S                   00400000     storport:storport.sys
 0000:fffd9000       .debug$S                   00400000     storport:storport.sys
 0001:00001b10       $LN19                      00402b10     rxdevice.obj
 0001:000046b8       $LN145                     004056b8     arcdebug.obj
 0001:000046d0       $LN138                     004056d0     arcdebug.obj
 0001:00004700       _StrcatLocal@8             00405700 f   arcdebug.obj
 0001:00004740       _Strcatc@8                 00405740 f   arcdebug.obj
 0001:0000c120       $LN39                      0040d120     arcinit.obj
 0001:0000c350       $LN43                      0040d350     arcinit.obj
 0001:0000ccbc       $LN95                      0040dcbc     arcinit.obj
 0001:0000e8d8       $LN149                     0040f8d8     cmddelivery.obj
 0001:0000e900       $LN132                     0040f900     cmddelivery.obj
 0001:0000e99c       $LN150                     0040f99c     cmddelivery.obj
 0001:0000e9c0       $LN133                     0040f9c0     cmddelivery.obj
 0001:00010560       $LN159                     00411560     cmddelivery.obj
 0001:00010578       $LN149                     00411578     cmddelivery.obj
 0001:00010c20       $LN43                      00411c20     cmdproc.obj
 0001:00011a4c       $LN160                     00412a4c     cmdproc.obj
 0001:00011a64       $LN147                     00412a64     cmdproc.obj
 0001:00011a8c       $LN161                     00412a8c     cmdproc.obj
 0001:00011a9c       $LN148                     00412a9c     cmdproc.obj
 0001:00013a3c       $LN24                      00414a3c     ioctl.obj
 0001:00013a6c       $LN19                      00414a6c     ioctl.obj
 0001:00015e34       $LN362                     00416e34     ioctl.obj
 0001:00015e74       $LN327                     00416e74     ioctl.obj
 0001:00015eb8       $LN363                     00416eb8     ioctl.obj
 0001:00015ecc       $LN328                     00416ecc     ioctl.obj
 0001:00016ce8       $LN91                      00417ce8     comm.obj
 0001:00016d00       $LN92                      00417d00     comm.obj
 0001:00016d20       $LN71                      00417d20     comm.obj
 0001:00016d48       $LN93                      00417d48     comm.obj
 0001:00017134       $LN35                      00418134     comm.obj
 0001:00017150       $LN32                      00418150     comm.obj
 0001:00017a54       $LN180                     00418a54     comm.obj
 0001:00017a68       $LN161                     00418a68     comm.obj
 0001:00018dc2       $LN73                      00419dc2     scsiwmi:wmilib.obj
 0001:00018e70       $$000000                   00419e70     BufferOverflowK:forceseh.obj
 0003:00000004       ?NeedToReadStatus@?1??CheckingFWAfterPowerStateChange@@9@9 00422004     timer.obj
 0003:00000005       ?NeedToCheckMSIX@?1??CheckingFWAfterPowerStateChange@@9@9 00422005     timer.obj
 0003:00000500       ?CurrentCmdCode@?1??RxSendSynchCommand@@9@9 00422500     rxdevice.obj
 0003:00000504       ?TimerAge@?1??Reset_IOP_CompletionTimer@@9@9 00422504     timer.obj
 0003:00000508       ?CalledCnt@?1??CheckFWPulseInCrashDumpMode@@9@9 00422508     timer.obj
 0003:0000050c       ?TimerAge@?1??CheckingFWAfterPowerStateChange@@9@9 0042250c     timer.obj
 0003:00000510       ?DelayCnt4DualFWFlushSoftReset@?1??CheckingFWAfterPowerStateChange@@9@9 00422510     timer.obj
 0003:00000514       ?pSavedDevExt@?1??CheckingFWAfterPowerStateChange@@9@9 00422514     timer.obj
 0003:00000518       ?status@?1??CheckingFWAfterPowerStateChange@@9@9 00422518     timer.obj
 0003:00000524       ?NewScanStarted@?1??ConfigureContainersRuntime@@9@9 00422524     arcinit.obj
 0003:00000525       ?LoopCount@?1??ConfigureContainersRuntime@@9@9 00422525     arcinit.obj
 0003:00000526       ?busChange@?1??ConfigureContainersRuntime@@9@9 00422526     arcinit.obj
 0003:00000527       ?initialized@?1??DriverEntry@@9@9 00422527     arcinit.obj
 0003:00000528       ?containerCount@?1??ConfigureContainersRuntime@@9@9 00422528     arcinit.obj
 0003:0000052c       ?pSavedDevExt@?1??ConfigureContainersRuntime@@9@9 0042252c     arcinit.obj
 0003:00000530       ?SkipSecondSynchCmd@?1??ConfigureContainersRuntime@@9@9 00422530     arcinit.obj
 0003:00000538       ?diskInfoResponse@?1??ConfigureContainersRuntime@@9@9 00422538     arcinit.obj
 0003:000005a0       ?ShutdownSent@?1??BuildIo@@9@9 004225a0     cmdproc.obj
 0004:0000022c       .idata$6                   0042322c     ntoskrnl:ntoskrnl.exe
 0004:000004c8       .idata$6                   004234c8     storport:storport.sys
 0005:000000d0       $R000000                   004240d0     arcsas.res
 0005:00000438       $R000368                   00424438     arcsas.res
